Archive member included to satisfy reference by file (symbol)

/home/serg50012/stm/CubeCTL/GNU-tools-for-STM32/bin/../lib/gcc/arm-none-eabi/12.3.1/../../../../arm-none-eabi/lib/thumb/v7e-m+fp/hard/libc_nano.a(libc_a-exit.o)
                              /home/serg50012/stm/CubeCTL/GNU-tools-for-STM32/bin/../lib/gcc/arm-none-eabi/12.3.1/../../../../arm-none-eabi/lib/thumb/v7e-m+fp/hard/crt0.o (exit)
/home/serg50012/stm/CubeCTL/GNU-tools-for-STM32/bin/../lib/gcc/arm-none-eabi/12.3.1/../../../../arm-none-eabi/lib/thumb/v7e-m+fp/hard/libc_nano.a(libc_a-findfp.o)
                              /home/serg50012/stm/CubeCTL/GNU-tools-for-STM32/bin/../lib/gcc/arm-none-eabi/12.3.1/../../../../arm-none-eabi/lib/thumb/v7e-m+fp/hard/libc_nano.a(libc_a-exit.o) (__stdio_exit_handler)
/home/serg50012/stm/CubeCTL/GNU-tools-for-STM32/bin/../lib/gcc/arm-none-eabi/12.3.1/../../../../arm-none-eabi/lib/thumb/v7e-m+fp/hard/libc_nano.a(libc_a-fwalk.o)
                              /home/serg50012/stm/CubeCTL/GNU-tools-for-STM32/bin/../lib/gcc/arm-none-eabi/12.3.1/../../../../arm-none-eabi/lib/thumb/v7e-m+fp/hard/libc_nano.a(libc_a-findfp.o) (_fwalk_sglue)
/home/serg50012/stm/CubeCTL/GNU-tools-for-STM32/bin/../lib/gcc/arm-none-eabi/12.3.1/../../../../arm-none-eabi/lib/thumb/v7e-m+fp/hard/libc_nano.a(libc_a-stdio.o)
                              /home/serg50012/stm/CubeCTL/GNU-tools-for-STM32/bin/../lib/gcc/arm-none-eabi/12.3.1/../../../../arm-none-eabi/lib/thumb/v7e-m+fp/hard/libc_nano.a(libc_a-findfp.o) (__sread)
/home/serg50012/stm/CubeCTL/GNU-tools-for-STM32/bin/../lib/gcc/arm-none-eabi/12.3.1/../../../../arm-none-eabi/lib/thumb/v7e-m+fp/hard/libc_nano.a(libc_a-memset.o)
                              /home/serg50012/stm/CubeCTL/GNU-tools-for-STM32/bin/../lib/gcc/arm-none-eabi/12.3.1/../../../../arm-none-eabi/lib/thumb/v7e-m+fp/hard/crt0.o (memset)
/home/serg50012/stm/CubeCTL/GNU-tools-for-STM32/bin/../lib/gcc/arm-none-eabi/12.3.1/../../../../arm-none-eabi/lib/thumb/v7e-m+fp/hard/libc_nano.a(libc_a-closer.o)
                              /home/serg50012/stm/CubeCTL/GNU-tools-for-STM32/bin/../lib/gcc/arm-none-eabi/12.3.1/../../../../arm-none-eabi/lib/thumb/v7e-m+fp/hard/libc_nano.a(libc_a-stdio.o) (_close_r)
/home/serg50012/stm/CubeCTL/GNU-tools-for-STM32/bin/../lib/gcc/arm-none-eabi/12.3.1/../../../../arm-none-eabi/lib/thumb/v7e-m+fp/hard/libc_nano.a(libc_a-reent.o)
                              /home/serg50012/stm/CubeCTL/GNU-tools-for-STM32/bin/../lib/gcc/arm-none-eabi/12.3.1/../../../../arm-none-eabi/lib/thumb/v7e-m+fp/hard/libc_nano.a(libc_a-closer.o) (errno)
/home/serg50012/stm/CubeCTL/GNU-tools-for-STM32/bin/../lib/gcc/arm-none-eabi/12.3.1/../../../../arm-none-eabi/lib/thumb/v7e-m+fp/hard/libc_nano.a(libc_a-impure.o)
                              /home/serg50012/stm/CubeCTL/GNU-tools-for-STM32/bin/../lib/gcc/arm-none-eabi/12.3.1/../../../../arm-none-eabi/lib/thumb/v7e-m+fp/hard/libc_nano.a(libc_a-reent.o) (_impure_ptr)
/home/serg50012/stm/CubeCTL/GNU-tools-for-STM32/bin/../lib/gcc/arm-none-eabi/12.3.1/../../../../arm-none-eabi/lib/thumb/v7e-m+fp/hard/libc_nano.a(libc_a-lseekr.o)
                              /home/serg50012/stm/CubeCTL/GNU-tools-for-STM32/bin/../lib/gcc/arm-none-eabi/12.3.1/../../../../arm-none-eabi/lib/thumb/v7e-m+fp/hard/libc_nano.a(libc_a-stdio.o) (_lseek_r)
/home/serg50012/stm/CubeCTL/GNU-tools-for-STM32/bin/../lib/gcc/arm-none-eabi/12.3.1/../../../../arm-none-eabi/lib/thumb/v7e-m+fp/hard/libc_nano.a(libc_a-readr.o)
                              /home/serg50012/stm/CubeCTL/GNU-tools-for-STM32/bin/../lib/gcc/arm-none-eabi/12.3.1/../../../../arm-none-eabi/lib/thumb/v7e-m+fp/hard/libc_nano.a(libc_a-stdio.o) (_read_r)
/home/serg50012/stm/CubeCTL/GNU-tools-for-STM32/bin/../lib/gcc/arm-none-eabi/12.3.1/../../../../arm-none-eabi/lib/thumb/v7e-m+fp/hard/libc_nano.a(libc_a-writer.o)
                              /home/serg50012/stm/CubeCTL/GNU-tools-for-STM32/bin/../lib/gcc/arm-none-eabi/12.3.1/../../../../arm-none-eabi/lib/thumb/v7e-m+fp/hard/libc_nano.a(libc_a-stdio.o) (_write_r)
/home/serg50012/stm/CubeCTL/GNU-tools-for-STM32/bin/../lib/gcc/arm-none-eabi/12.3.1/../../../../arm-none-eabi/lib/thumb/v7e-m+fp/hard/libc_nano.a(libc_a-init.o)
                              /home/serg50012/stm/CubeCTL/GNU-tools-for-STM32/bin/../lib/gcc/arm-none-eabi/12.3.1/../../../../arm-none-eabi/lib/thumb/v7e-m+fp/hard/crt0.o (__libc_init_array)
/home/serg50012/stm/CubeCTL/GNU-tools-for-STM32/bin/../lib/gcc/arm-none-eabi/12.3.1/../../../../arm-none-eabi/lib/thumb/v7e-m+fp/hard/libc_nano.a(libc_a-lock.o)
                              /home/serg50012/stm/CubeCTL/GNU-tools-for-STM32/bin/../lib/gcc/arm-none-eabi/12.3.1/../../../../arm-none-eabi/lib/thumb/v7e-m+fp/hard/libc_nano.a(libc_a-findfp.o) (__retarget_lock_init_recursive)
/home/serg50012/stm/CubeCTL/GNU-tools-for-STM32/bin/../lib/gcc/arm-none-eabi/12.3.1/../../../../arm-none-eabi/lib/thumb/v7e-m+fp/hard/libc_nano.a(libc_a-freer.o)
[...]
Memory Configuration

Name             Origin             Length             Attributes
RAM              0x20000000         0x00020000         xrw
FLASH            0x08000000         0x00080000         xr
*default*        0x00000000         0xffffffff

Linker script and memory map

LOAD /home/serg50012/stm/CubeCTL/GNU-tools-for-STM32/bin/../lib/gcc/arm-none-eabi/12.3.1/thumb/v7e-m+fp/hard/crti.o
LOAD /home/serg50012/stm/CubeCTL/GNU-tools-for-STM32/bin/../lib/gcc/arm-none-eabi/12.3.1/thumb/v7e-m+fp/hard/crtbegin.o
LOAD /home/serg50012/stm/CubeCTL/GNU-tools-for-STM32/bin/../lib/gcc/arm-none-eabi/12.3.1/../../../../arm-none-eabi/lib/thumb/v7e-m+fp/hard/crt0.o
START GROUP
LOAD /home/serg50012/stm/CubeCTL/GNU-tools-for-STM32/bin/../lib/gcc/arm-none-eabi/12.3.1/../../../../arm-none-eabi/lib/thumb/v7e-m+fp/hard/libc_nano.a
LOAD /home/serg50012/stm/CubeCTL/GNU-tools-for-STM32/bin/../lib/gcc/arm-none-eabi/12.3.1/../../../../arm-none-eabi/lib/thumb/v7e-m+fp/hard/libm.a
END GROUP
LOAD cmake/stm32cubemx/CMakeFiles/STM32_Drivers.dir/__/__/Core/Src/system_stm32f4xx.c.obj
LOAD cmake/stm32cubemx/CMakeFiles/STM32_Drivers.dir/__/__/Drivers/STM32F4xx_HAL_Driver/Src/stm32f4xx_hal_tim.c.obj
LOAD cmake/stm32cubemx/CMakeFiles/STM32_Drivers.dir/__/__/Drivers/STM32F4xx_HAL_Driver/Src/stm32f4xx_hal_tim_ex.c.obj
LOAD cmake/stm32cubemx/CMakeFiles/STM32_Drivers.dir/__/__/Drivers/STM32F4xx_HAL_Driver/Src/stm32f4xx_hal_rcc.c.obj
LOAD cmake/stm32cubemx/CMakeFiles/STM32_Drivers.dir/__/__/Drivers/STM32F4xx_HAL_Driver/Src/stm32f4xx_hal_rcc_ex.c.obj
LOAD cmake/stm32cubemx/CMakeFiles/STM32_Drivers.dir/__/__/Drivers/STM32F4xx_HAL_Driver/Src/stm32f4xx_hal_flash.c.obj
LOAD cmake/stm32cubemx/CMakeFiles/STM32_Drivers.dir/__/__/Drivers/STM32F4xx_HAL_Driver/Src/stm32f4xx_hal_flash_ex.c.obj
LOAD cmake/stm32cubemx/CMakeFiles/STM32_Drivers.dir/__/__/Drivers/STM32F4xx_HAL_Driver/Src/stm32f4xx_hal_flash_ramfunc.c.obj
LOAD cmake/stm32cubemx/CMakeFiles/STM32_Drivers.dir/__/__/Drivers/STM32F4xx_HAL_Driver/Src/stm32f4xx_hal_gpio.c.obj
LOAD cmake/stm32cubemx/CMakeFiles/STM32_Drivers.dir/__/__/Drivers/STM32F4xx_HAL_Driver/Src/stm32f4xx_hal_dma_ex.c.obj
LOAD cmake/stm32cubemx/CMakeFiles/STM32_Drivers.dir/__/__/Drivers/STM32F4xx_HAL_Driver/Src/stm32f4xx_hal_dma.c.obj
LOAD cmake/stm32cubemx/CMakeFiles/STM32_Drivers.dir/__/__/Drivers/STM32F4xx_HAL_Driver/Src/stm32f4xx_hal_pwr.c.obj
LOAD cmake/stm32cubemx/CMakeFiles/STM32_Drivers.dir/__/__/Drivers/STM32F4xx_HAL_Driver/Src/stm32f4xx_hal_pwr_ex.c.obj
LOAD cmake/stm32cubemx/CMakeFiles/STM32_Drivers.dir/__/__/Drivers/STM32F4xx_HAL_Driver/Src/stm32f4xx_hal_cortex.c.obj
LOAD cmake/stm32cubemx/CMakeFiles/STM32_Drivers.dir/__/__/Drivers/STM32F4xx_HAL_Driver/Src/stm32f4xx_hal.c.obj
LOAD cmake/stm32cubemx/CMakeFiles/STM32_Drivers.dir/__/__/Drivers/STM32F4xx_HAL_Driver/Src/stm32f4xx_hal_exti.c.obj
LOAD cmake/stm32cubemx/CMakeFiles/STM32_Drivers.dir/__/__/Drivers/STM32F4xx_HAL_Driver/Src/stm32f4xx_hal_uart.c.obj
LOAD CMakeFiles/TEST_ADC_F4.dir/Core/Src/main.c.obj
LOAD CMakeFiles/TEST_ADC_F4.dir/Core/Src/stm32f4xx_it.c.obj
LOAD CMakeFiles/TEST_ADC_F4.dir/Core/Src/stm32f4xx_hal_msp.c.obj
LOAD CMakeFiles/TEST_ADC_F4.dir/Core/Src/sysmem.c.obj
LOAD CMakeFiles/TEST_ADC_F4.dir/Core/Src/syscalls.c.obj
LOAD CMakeFiles/TEST_ADC_F4.dir/startup_stm32f446xx.s.obj
LOAD CMakeFiles/TEST_ADC_F4.dir/Core/Src/modbus_crc.c.obj
LOAD CMakeFiles/TEST_ADC_F4.dir/Core/Src/modbusSlave.c.obj
START GROUP
LOAD /home/serg50012/stm/CubeCTL/GNU-tools-for-STM32/bin/../lib/gcc/arm-none-eabi/12.3.1/thumb/v7e-m+fp/hard/libgcc.a
LOAD /home/serg50012/stm/CubeCTL/GNU-tools-for-STM32/bin/../lib/gcc/arm-none-eabi/12.3.1/../../../../arm-none-eabi/lib/thumb/v7e-m+fp/hard/libg_nano.a
LOAD /home/serg50012/stm/CubeCTL/GNU-tools-for-STM32/bin/../lib/gcc/arm-none-eabi/12.3.1/../../../../arm-none-eabi/lib/thumb/v7e-m+fp/hard/libc_nano.a
END GROUP
START GROUP
LOAD /home/serg50012/stm/CubeCTL/GNU-tools-for-STM32/bin/../lib/gcc/arm-none-eabi/12.3.1/thumb/v7e-m+fp/hard/libgcc.a
LOAD /home/serg50012/stm/CubeCTL/GNU-tools-for-STM32/bin/../lib/gcc/arm-none-eabi/12.3.1/../../../../arm-none-eabi/lib/thumb/v7e-m+fp/hard/libc_nano.a
END GROUP
LOAD /home/serg50012/stm/CubeCTL/GNU-tools-for-STM32/bin/../lib/gcc/arm-none-eabi/12.3.1/thumb/v7e-m+fp/hard/crtend.o
LOAD /home/serg50012/stm/CubeCTL/GNU-tools-for-STM32/bin/../lib/gcc/arm-none-eabi/12.3.1/thumb/v7e-m+fp/hard/crtn.o
                0x20020000                        _estack = (ORIGIN (RAM) + LENGTH (RAM))
                0x00000200                        _Min_Heap_Size = 0x200
                0x00000400                        _Min_Stack_Size = 0x400

.isr_vector     0x08000000      0x1c4
                0x08000000                        . = ALIGN (0x4)
 *(.isr_vector)
 .isr_vector    0x08000000      0x1c4 CMakeFiles/TEST_ADC_F4.dir/startup_stm32f446xx.s.obj
                0x08000000                g_pfnVectors
                0x080001c4                        . = ALIGN (0x4)

.text           0x080001c4     0x6030
                0x080001c4                        . = ALIGN (0x4)
 *(.text)
 .text          0x080001c4       0x40 /home/serg50012/stm/CubeCTL/GNU-tools-for-STM32/bin/../lib/gcc/arm-none-eabi/12.3.1/thumb/v7e-m+fp/hard/crtbegin.o
 .text          0x08000204       0x30 /home/serg50012/stm/CubeCTL/GNU-tools-for-STM32/bin/../lib/gcc/arm-none-eabi/12.3.1/thumb/v7e-m+fp/hard/libgcc.a(_aeabi_uldivmod.o)
                0x08000204                __aeabi_uldivmod
 .text          0x08000234      0x2bc /home/serg50012/stm/CubeCTL/GNU-tools-for-STM32/bin/../lib/gcc/arm-none-eabi/12.3.1/thumb/v7e-m+fp/hard/libgcc.a(_udivmoddi4.o)
                0x08000234                __udivmoddi4
 .text          0x080004f0        0x4 /home/serg50012/stm/CubeCTL/GNU-tools-for-STM32/bin/../lib/gcc/arm-none-eabi/12.3.1/thumb/v7e-m+fp/hard/libgcc.a(_dvmd_tls.o)
                0x080004f0                __aeabi_ldiv0
                0x080004f0                __aeabi_idiv0
 *(.text*)
 .text.memset   0x080004f4       0x10 /home/serg50012/stm/CubeCTL/GNU-tools-for-STM32/bin/../lib/gcc/arm-none-eabi/12.3.1/../../../../arm-none-eabi/lib/thumb/v7e-m+fp/hard/libc_nano.a(libc_a-memset.o)
                0x080004f4                memset
 .text.__libc_init_array
                0x08000504       0x48 /home/serg50012/stm/CubeCTL/GNU-tools-for-STM32/bin/../lib/gcc/arm-none-eabi/12.3.1/../../../../arm-none-eabi/lib/thumb/v7e-m+fp/hard/libc_nano.a(libc_a-init.o)
                0x08000504                __libc_init_array
 .text.SystemInit
                0x0800054c       0x24 cmake/stm32cubemx/CMakeFiles/STM32_Drivers.dir/__/__/Core/Src/system_stm32f4xx.c.obj
                0x0800054c                SystemInit
 .text.HAL_TIM_Base_Init
                0x08000570       0x9e cmake/stm32cubemx/CMakeFiles/STM32_Drivers.dir/__/__/Drivers/STM32F4xx_HAL_Driver/Src/stm32f4xx_hal_tim.c.obj
                0x08000570                HAL_TIM_Base_Init
 .text.HAL_TIM_OC_Init
                0x0800060e       0x9e cmake/stm32cubemx/CMakeFiles/STM32_Drivers.dir/__/__/Drivers/STM32F4xx_HAL_Driver/Src/stm32f4xx_hal_tim.c.obj
                0x0800060e                HAL_TIM_OC_Init
 .text.HAL_TIM_OC_MspInit
                0x080006ac       0x14 cmake/stm32cubemx/CMakeFiles/STM32_Drivers.dir/__/__/Drivers/STM32F4xx_HAL_Driver/Src/stm32f4xx_hal_tim.c.obj
                0x080006ac                HAL_TIM_OC_MspInit
 .text.HAL_TIM_PWM_Init
                0x080006c0       0x9e cmake/stm32cubemx/CMakeFiles/STM32_Drivers.dir/__/__/Drivers/STM32F4xx_HAL_Driver/Src/stm32f4xx_hal_tim.c.obj
                0x080006c0                HAL_TIM_PWM_Init
 .text.HAL_TIM_PWM_MspInit
                0x0800075e       0x14 cmake/stm32cubemx/CMakeFiles/STM32_Drivers.dir/__/__/Drivers/STM32F4xx_HAL_Driver/Src/stm32f4xx_hal_tim.c.obj
                0x0800075e                HAL_TIM_PWM_MspInit
 .text.HAL_TIM_OnePulse_Init
                0x08000772       0xa0 cmake/stm32cubemx/CMakeFiles/STM32_Drivers.dir/__/__/Drivers/STM32F4xx_HAL_Driver/Src/stm32f4xx_hal_tim.c.obj
                0x08000772                HAL_TIM_OnePulse_Init
 .text.HAL_TIM_OnePulse_MspInit
                0x08000812       0x14 cmake/stm32cubemx/CMakeFiles/STM32_Drivers.dir/__/__/Drivers/STM32F4xx_HAL_Driver/Src/stm32f4xx_hal_tim.c.obj
                0x08000812                HAL_TIM_OnePulse_MspInit
 .text.HAL_TIM_IRQHandler
                0x08000826      0x1e0 cmake/stm32cubemx/CMakeFiles/STM32_Drivers.dir/__/__/Drivers/STM32F4xx_HAL_Driver/Src/stm32f4xx_hal_tim.c.obj
                0x08000826                HAL_TIM_IRQHandler
 *fill*         0x08000a06        0x2 
 .text.HAL_TIM_OC_ConfigChannel
                0x08000a08       0xb8 cmake/stm32cubemx/CMakeFiles/STM32_Drivers.dir/__/__/Drivers/STM32F4xx_HAL_Driver/Src/stm32f4xx_hal_tim.c.obj
                0x08000a08                HAL_TIM_OC_ConfigChannel
 .text.HAL_TIM_PWM_ConfigChannel
                0x08000ac0      0x184 cmake/stm32cubemx/CMakeFiles/STM32_Drivers.dir/__/__/Drivers/STM32F4xx_HAL_Driver/Src/stm32f4xx_hal_tim.c.obj
                0x08000ac0                HAL_TIM_PWM_ConfigChannel
 .text.HAL_TIM_ConfigClockSource
                0x08000c44      0x18e cmake/stm32cubemx/CMakeFiles/STM32_Drivers.dir/__/__/Drivers/STM32F4xx_HAL_Driver/Src/stm32f4xx_hal_tim.c.obj
                0x08000c44                HAL_TIM_ConfigClockSource
 .text.HAL_TIM_SlaveConfigSynchro
                0x08000dd2       0x84 cmake/stm32cubemx/CMakeFiles/STM32_Drivers.dir/__/__/Drivers/STM32F4xx_HAL_Driver/Src/stm32f4xx_hal_tim.c.obj
                0x08000dd2                HAL_TIM_SlaveConfigSynchro
 .text.HAL_TIM_PeriodElapsedCallback
                0x08000e56       0x14 cmake/stm32cubemx/CMakeFiles/STM32_Drivers.dir/__/__/Drivers/STM32F4xx_HAL_Driver/Src/stm32f4xx_hal_tim.c.obj
                0x08000e56                HAL_TIM_PeriodElapsedCallback
 .text.HAL_TIM_OC_DelayElapsedCallback
                0x08000e6a       0x14 cmake/stm32cubemx/CMakeFiles/STM32_Drivers.dir/__/__/Drivers/STM32F4xx_HAL_Driver/Src/stm32f4xx_hal_tim.c.obj
                0x08000e6a                HAL_TIM_OC_DelayElapsedCallback
 .text.HAL_TIM_IC_CaptureCallback
                0x08000e7e       0x14 cmake/stm32cubemx/CMakeFiles/STM32_Drivers.dir/__/__/Drivers/STM32F4xx_HAL_Driver/Src/stm32f4xx_hal_tim.c.obj
                0x08000e7e                HAL_TIM_IC_CaptureCallback
 .text.HAL_TIM_PWM_PulseFinishedCallback
                0x08000e92       0x14 cmake/stm32cubemx/CMakeFiles/STM32_Drivers.dir/__/__/Drivers/STM32F4xx_HAL_Driver/Src/stm32f4xx_hal_tim.c.obj
                0x08000e92                HAL_TIM_PWM_PulseFinishedCallback
 .text.HAL_TIM_TriggerCallback
                0x08000ea6       0x14 cmake/stm32cubemx/CMakeFiles/STM32_Drivers.dir/__/__/Drivers/STM32F4xx_HAL_Driver/Src/stm32f4xx_hal_tim.c.obj
                0x08000ea6                HAL_TIM_TriggerCallback
 *fill*         0x08000eba        0x2 
 .text.TIM_Base_SetConfig
                0x08000ebc      0x14c cmake/stm32cubemx/CMakeFiles/STM32_Drivers.dir/__/__/Drivers/STM32F4xx_HAL_Driver/Src/stm32f4xx_hal_tim.c.obj
                0x08000ebc                TIM_Base_SetConfig
 .text.TIM_OC1_SetConfig
                0x08001008       0xe0 cmake/stm32cubemx/CMakeFiles/STM32_Drivers.dir/__/__/Drivers/STM32F4xx_HAL_Driver/Src/stm32f4xx_hal_tim.c.obj
 .text.TIM_OC2_SetConfig
                0x080010e8       0xec cmake/stm32cubemx/CMakeFiles/STM32_Drivers.dir/__/__/Drivers/STM32F4xx_HAL_Driver/Src/stm32f4xx_hal_tim.c.obj
                0x080010e8                TIM_OC2_SetConfig
 .text.TIM_OC3_SetConfig
                0x080011d4       0xe8 cmake/stm32cubemx/CMakeFiles/STM32_Drivers.dir/__/__/Drivers/STM32F4xx_HAL_Driver/Src/stm32f4xx_hal_tim.c.obj
 .text.TIM_OC4_SetConfig
                0x080012bc       0xac cmake/stm32cubemx/CMakeFiles/STM32_Drivers.dir/__/__/Drivers/STM32F4xx_HAL_Driver/Src/stm32f4xx_hal_tim.c.obj
 .text.TIM_SlaveTimer_SetConfig
                0x08001368      0x122 cmake/stm32cubemx/CMakeFiles/STM32_Drivers.dir/__/__/Drivers/STM32F4xx_HAL_Driver/Src/stm32f4xx_hal_tim.c.obj
 .text.TIM_TI1_ConfigInputStage
                0x0800148a       0x5e cmake/stm32cubemx/CMakeFiles/STM32_Drivers.dir/__/__/Drivers/STM32F4xx_HAL_Driver/Src/stm32f4xx_hal_tim.c.obj
 .text.TIM_TI2_ConfigInputStage
                0x080014e8       0x60 cmake/stm32cubemx/CMakeFiles/STM32_Drivers.dir/__/__/Drivers/STM32F4xx_HAL_Driver/Src/stm32f4xx_hal_tim.c.obj
 .text.TIM_ITRx_SetConfig
                0x08001548       0x36 cmake/stm32cubemx/CMakeFiles/STM32_Drivers.dir/__/__/Drivers/STM32F4xx_HAL_Driver/Src/stm32f4xx_hal_tim.c.obj
 .text.TIM_ETR_SetConfig
                0x0800157e       0x40 cmake/stm32cubemx/CMakeFiles/STM32_Drivers.dir/__/__/Drivers/STM32F4xx_HAL_Driver/Src/stm32f4xx_hal_tim.c.obj
                0x0800157e                TIM_ETR_SetConfig
 *fill*         0x080015be        0x2 
 .text.HAL_TIMEx_MasterConfigSynchronization
                0x080015c0       0xf8 cmake/stm32cubemx/CMakeFiles/STM32_Drivers.dir/__/__/Drivers/STM32F4xx_HAL_Driver/Src/stm32f4xx_hal_tim_ex.c.obj
                0x080015c0                HAL_TIMEx_MasterConfigSynchronization
 .text.HAL_TIMEx_CommutCallback
                0x080016b8       0x14 cmake/stm32cubemx/CMakeFiles/STM32_Drivers.dir/__/__/Drivers/STM32F4xx_HAL_Driver/Src/stm32f4xx_hal_tim_ex.c.obj
                0x080016b8                HAL_TIMEx_CommutCallback
 .text.HAL_TIMEx_BreakCallback
                0x080016cc       0x14 cmake/stm32cubemx/CMakeFiles/STM32_Drivers.dir/__/__/Drivers/STM32F4xx_HAL_Driver/Src/stm32f4xx_hal_tim_ex.c.obj
                0x080016cc                HAL_TIMEx_BreakCallback
 .text.HAL_RCC_ClockConfig
                0x080016e0      0x1cc cmake/stm32cubemx/CMakeFiles/STM32_Drivers.dir/__/__/Drivers/STM32F4xx_HAL_Driver/Src/stm32f4xx_hal_rcc.c.obj
                0x080016e0                HAL_RCC_ClockConfig
 .text.HAL_RCC_GetHCLKFreq
                0x080018ac       0x18 cmake/stm32cubemx/CMakeFiles/STM32_Drivers.dir/__/__/Drivers/STM32F4xx_HAL_Driver/Src/stm32f4xx_hal_rcc.c.obj
                0x080018ac                HAL_RCC_GetHCLKFreq
 .text.HAL_RCC_GetPCLK1Freq
                0x080018c4       0x28 cmake/stm32cubemx/CMakeFiles/STM32_Drivers.dir/__/__/Drivers/STM32F4xx_HAL_Driver/Src/stm32f4xx_hal_rcc.c.obj
                0x080018c4                HAL_RCC_GetPCLK1Freq
 .text.HAL_RCC_GetPCLK2Freq
                0x080018ec       0x28 cmake/stm32cubemx/CMakeFiles/STM32_Drivers.dir/__/__/Drivers/STM32F4xx_HAL_Driver/Src/stm32f4xx_hal_rcc.c.obj
                0x080018ec                HAL_RCC_GetPCLK2Freq
 .text.HAL_RCC_GetSysClockFreq
                0x08001914      0x460 cmake/stm32cubemx/CMakeFiles/STM32_Drivers.dir/__/__/Drivers/STM32F4xx_HAL_Driver/Src/stm32f4xx_hal_rcc_ex.c.obj
                0x08001914                HAL_RCC_GetSysClockFreq
 .text.HAL_RCC_OscConfig
                0x08001d74      0x53c cmake/stm32cubemx/CMakeFiles/STM32_Drivers.dir/__/__/Drivers/STM32F4xx_HAL_Driver/Src/stm32f4xx_hal_rcc_ex.c.obj
                0x08001d74                HAL_RCC_OscConfig
 .text.HAL_GPIO_Init
                0x080022b0      0x328 cmake/stm32cubemx/CMakeFiles/STM32_Drivers.dir/__/__/Drivers/STM32F4xx_HAL_Driver/Src/stm32f4xx_hal_gpio.c.obj
                0x080022b0                HAL_GPIO_Init
 .text.HAL_DMA_Init
                0x080025d8      0x15c cmake/stm32cubemx/CMakeFiles/STM32_Drivers.dir/__/__/Drivers/STM32F4xx_HAL_Driver/Src/stm32f4xx_hal_dma.c.obj
                0x080025d8                HAL_DMA_Init
 .text.HAL_DMA_Start_IT
                0x08002734       0xb0 cmake/stm32cubemx/CMakeFiles/STM32_Drivers.dir/__/__/Drivers/STM32F4xx_HAL_Driver/Src/stm32f4xx_hal_dma.c.obj
                0x08002734                HAL_DMA_Start_IT
 .text.HAL_DMA_Abort
                0x080027e4       0xe0 cmake/stm32cubemx/CMakeFiles/STM32_Drivers.dir/__/__/Drivers/STM32F4xx_HAL_Driver/Src/stm32f4xx_hal_dma.c.obj
                0x080027e4                HAL_DMA_Abort
 .text.HAL_DMA_Abort_IT
                0x080028c4       0x44 cmake/stm32cubemx/CMakeFiles/STM32_Drivers.dir/__/__/Drivers/STM32F4xx_HAL_Driver/Src/stm32f4xx_hal_dma.c.obj
                0x080028c4                HAL_DMA_Abort_IT
 .text.HAL_DMA_IRQHandler
                0x08002908      0x314 cmake/stm32cubemx/CMakeFiles/STM32_Drivers.dir/__/__/Drivers/STM32F4xx_HAL_Driver/Src/stm32f4xx_hal_dma.c.obj
                0x08002908                HAL_DMA_IRQHandler
 .text.DMA_SetConfig
                0x08002c1c       0x5c cmake/stm32cubemx/CMakeFiles/STM32_Drivers.dir/__/__/Drivers/STM32F4xx_HAL_Driver/Src/stm32f4xx_hal_dma.c.obj
 .text.DMA_CalcBaseAndBitshift
                0x08002c78       0x6c cmake/stm32cubemx/CMakeFiles/STM32_Drivers.dir/__/__/Drivers/STM32F4xx_HAL_Driver/Src/stm32f4xx_hal_dma.c.obj
 .text.DMA_CheckFifoParam
                0x08002ce4       0xf8 cmake/stm32cubemx/CMakeFiles/STM32_Drivers.dir/__/__/Drivers/STM32F4xx_HAL_Driver/Src/stm32f4xx_hal_dma.c.obj
 .text.__NVIC_SetPriorityGrouping
                0x08002ddc       0x48 cmake/stm32cubemx/CMakeFiles/STM32_Drivers.dir/__/__/Drivers/STM32F4xx_HAL_Driver/Src/stm32f4xx_hal_cortex.c.obj
 .text.__NVIC_GetPriorityGrouping
                0x08002e24       0x1c cmake/stm32cubemx/CMakeFiles/STM32_Drivers.dir/__/__/Drivers/STM32F4xx_HAL_Driver/Src/stm32f4xx_hal_cortex.c.obj
 .text.__NVIC_EnableIRQ
                0x08002e40       0x3c cmake/stm32cubemx/CMakeFiles/STM32_Drivers.dir/__/__/Drivers/STM32F4xx_HAL_Driver/Src/stm32f4xx_hal_cortex.c.obj
 .text.__NVIC_SetPriority
                0x08002e7c       0x54 cmake/stm32cubemx/CMakeFiles/STM32_Drivers.dir/__/__/Drivers/STM32F4xx_HAL_Driver/Src/stm32f4xx_hal_cortex.c.obj
 .text.NVIC_EncodePriority
                0x08002ed0       0x66 cmake/stm32cubemx/CMakeFiles/STM32_Drivers.dir/__/__/Drivers/STM32F4xx_HAL_Driver/Src/stm32f4xx_hal_cortex.c.obj
 *fill*         0x08002f36        0x2 
 .text.SysTick_Config
                0x08002f38       0x44 cmake/stm32cubemx/CMakeFiles/STM32_Drivers.dir/__/__/Drivers/STM32F4xx_HAL_Driver/Src/stm32f4xx_hal_cortex.c.obj
 .text.HAL_NVIC_SetPriorityGrouping
                0x08002f7c       0x16 cmake/stm32cubemx/CMakeFiles/STM32_Drivers.dir/__/__/Drivers/STM32F4xx_HAL_Driver/Src/stm32f4xx_hal_cortex.c.obj
                0x08002f7c                HAL_NVIC_SetPriorityGrouping
 .text.HAL_NVIC_SetPriority
                0x08002f92       0x38 cmake/stm32cubemx/CMakeFiles/STM32_Drivers.dir/__/__/Drivers/STM32F4xx_HAL_Driver/Src/stm32f4xx_hal_cortex.c.obj
                0x08002f92                HAL_NVIC_SetPriority
 .text.HAL_NVIC_EnableIRQ
                0x08002fca       0x1c cmake/stm32cubemx/CMakeFiles/STM32_Drivers.dir/__/__/Drivers/STM32F4xx_HAL_Driver/Src/stm32f4xx_hal_cortex.c.obj
                0x08002fca                HAL_NVIC_EnableIRQ
 .text.HAL_SYSTICK_Config
                0x08002fe6       0x18 cmake/stm32cubemx/CMakeFiles/STM32_Drivers.dir/__/__/Drivers/STM32F4xx_HAL_Driver/Src/stm32f4xx_hal_cortex.c.obj
                0x08002fe6                HAL_SYSTICK_Config
 *fill*         0x08002ffe        0x2 
 .text.HAL_Init
                0x08003000       0x44 cmake/stm32cubemx/CMakeFiles/STM32_Drivers.dir/__/__/Drivers/STM32F4xx_HAL_Driver/Src/stm32f4xx_hal.c.obj
                0x08003000                HAL_Init
 .text.HAL_InitTick
                0x08003044       0x60 cmake/stm32cubemx/CMakeFiles/STM32_Drivers.dir/__/__/Drivers/STM32F4xx_HAL_Driver/Src/stm32f4xx_hal.c.obj
                0x08003044                HAL_InitTick
 .text.HAL_IncTick
                0x080030a4       0x28 cmake/stm32cubemx/CMakeFiles/STM32_Drivers.dir/__/__/Drivers/STM32F4xx_HAL_Driver/Src/stm32f4xx_hal.c.obj
                0x080030a4                HAL_IncTick
 .text.HAL_GetTick
                0x080030cc       0x18 cmake/stm32cubemx/CMakeFiles/STM32_Drivers.dir/__/__/Drivers/STM32F4xx_HAL_Driver/Src/stm32f4xx_hal.c.obj
                0x080030cc                HAL_GetTick
 .text.HAL_Delay
                0x080030e4       0x48 cmake/stm32cubemx/CMakeFiles/STM32_Drivers.dir/__/__/Drivers/STM32F4xx_HAL_Driver/Src/stm32f4xx_hal.c.obj
                0x080030e4                HAL_Delay
 .text.HAL_UART_Init
                0x0800312c       0xa0 cmake/stm32cubemx/CMakeFiles/STM32_Drivers.dir/__/__/Drivers/STM32F4xx_HAL_Driver/Src/stm32f4xx_hal_uart.c.obj
                0x0800312c                HAL_UART_Init
 .text.HAL_UART_Transmit_DMA
                0x080031cc       0xf8 cmake/stm32cubemx/CMakeFiles/STM32_Drivers.dir/__/__/Drivers/STM32F4xx_HAL_Driver/Src/stm32f4xx_hal_uart.c.obj
                0x080031cc                HAL_UART_Transmit_DMA
 .text.HAL_UARTEx_ReceiveToIdle_IT
                0x080032c4       0xba cmake/stm32cubemx/CMakeFiles/STM32_Drivers.dir/__/__/Drivers/STM32F4xx_HAL_Driver/Src/stm32f4xx_hal_uart.c.obj
                0x080032c4                HAL_UARTEx_ReceiveToIdle_IT
 *fill*         0x0800337e        0x2 
 .text.HAL_UART_IRQHandler
                0x08003380      0x554 cmake/stm32cubemx/CMakeFiles/STM32_Drivers.dir/__/__/Drivers/STM32F4xx_HAL_Driver/Src/stm32f4xx_hal_uart.c.obj
                0x08003380                HAL_UART_IRQHandler
 .text.HAL_UART_TxCpltCallback
                0x080038d4       0x14 cmake/stm32cubemx/CMakeFiles/STM32_Drivers.dir/__/__/Drivers/STM32F4xx_HAL_Driver/Src/stm32f4xx_hal_uart.c.obj
                0x080038d4                HAL_UART_TxCpltCallback
 .text.HAL_UART_TxHalfCpltCallback
                0x080038e8       0x14 cmake/stm32cubemx/CMakeFiles/STM32_Drivers.dir/__/__/Drivers/STM32F4xx_HAL_Driver/Src/stm32f4xx_hal_uart.c.obj
                0x080038e8                HAL_UART_TxHalfCpltCallback
 .text.HAL_UART_RxCpltCallback
                0x080038fc       0x14 cmake/stm32cubemx/CMakeFiles/STM32_Drivers.dir/__/__/Drivers/STM32F4xx_HAL_Driver/Src/stm32f4xx_hal_uart.c.obj
                0x080038fc                HAL_UART_RxCpltCallback
 .text.HAL_UART_ErrorCallback
                0x08003910       0x14 cmake/stm32cubemx/CMakeFiles/STM32_Drivers.dir/__/__/Drivers/STM32F4xx_HAL_Driver/Src/stm32f4xx_hal_uart.c.obj
                0x08003910                HAL_UART_ErrorCallback
 .text.UART_DMATransmitCplt
                0x08003924       0x9a cmake/stm32cubemx/CMakeFiles/STM32_Drivers.dir/__/__/Drivers/STM32F4xx_HAL_Driver/Src/stm32f4xx_hal_uart.c.obj
 .text.UART_DMATxHalfCplt
                0x080039be       0x1c cmake/stm32cubemx/CMakeFiles/STM32_Drivers.dir/__/__/Drivers/STM32F4xx_HAL_Driver/Src/stm32f4xx_hal_uart.c.obj
 .text.UART_DMAError
                0x080039da       0x94 cmake/stm32cubemx/CMakeFiles/STM32_Drivers.dir/__/__/Drivers/STM32F4xx_HAL_Driver/Src/stm32f4xx_hal_uart.c.obj
 .text.UART_Start_Receive_IT
                0x08003a6e       0x74 cmake/stm32cubemx/CMakeFiles/STM32_Drivers.dir/__/__/Drivers/STM32F4xx_HAL_Driver/Src/stm32f4xx_hal_uart.c.obj
                0x08003a6e                UART_Start_Receive_IT
 .text.UART_EndTxTransfer
                0x08003ae2       0x50 cmake/stm32cubemx/CMakeFiles/STM32_Drivers.dir/__/__/Drivers/STM32F4xx_HAL_Driver/Src/stm32f4xx_hal_uart.c.obj
 .text.UART_EndRxTransfer
                0x08003b32       0xc6 cmake/stm32cubemx/CMakeFiles/STM32_Drivers.dir/__/__/Drivers/STM32F4xx_HAL_Driver/Src/stm32f4xx_hal_uart.c.obj
 .text.UART_DMAAbortOnError
                0x08003bf8       0x22 cmake/stm32cubemx/CMakeFiles/STM32_Drivers.dir/__/__/Drivers/STM32F4xx_HAL_Driver/Src/stm32f4xx_hal_uart.c.obj
 .text.UART_Transmit_IT
                0x08003c1a       0xa0 cmake/stm32cubemx/CMakeFiles/STM32_Drivers.dir/__/__/Drivers/STM32F4xx_HAL_Driver/Src/stm32f4xx_hal_uart.c.obj
 .text.UART_EndTransmit_IT
                0x08003cba       0x30 cmake/stm32cubemx/CMakeFiles/STM32_Drivers.dir/__/__/Drivers/STM32F4xx_HAL_Driver/Src/stm32f4xx_hal_uart.c.obj
 .text.UART_Receive_IT
                0x08003cea      0x17c cmake/stm32cubemx/CMakeFiles/STM32_Drivers.dir/__/__/Drivers/STM32F4xx_HAL_Driver/Src/stm32f4xx_hal_uart.c.obj
 *fill*         0x08003e66        0x2 
 .text.UART_SetConfig
                0x08003e68      0x4e8 cmake/stm32cubemx/CMakeFiles/STM32_Drivers.dir/__/__/Drivers/STM32F4xx_HAL_Driver/Src/stm32f4xx_hal_uart.c.obj
 .text.__NVIC_EnableIRQ
                0x08004350       0x3c CMakeFiles/TEST_ADC_F4.dir/Core/Src/main.c.obj
 .text.__NVIC_SetPriority
                0x0800438c       0x54 CMakeFiles/TEST_ADC_F4.dir/Core/Src/main.c.obj
 .text.ADC_init
                0x080043e0       0xbc CMakeFiles/TEST_ADC_F4.dir/Core/Src/main.c.obj
                0x080043e0                ADC_init
 .text.ADC_DMA_Init
                0x0800449c       0x74 CMakeFiles/TEST_ADC_F4.dir/Core/Src/main.c.obj
                0x0800449c                ADC_DMA_Init
 .text.HAL_UARTEx_RxEventCallback
                0x08004510       0xbc CMakeFiles/TEST_ADC_F4.dir/Core/Src/main.c.obj
                0x08004510                HAL_UARTEx_RxEventCallback
 .text.MeasureVDD
                0x080045cc       0xc4 CMakeFiles/TEST_ADC_F4.dir/Core/Src/main.c.obj
                0x080045cc                MeasureVDD
 .text.PrepareADC
                0x08004690       0x44 CMakeFiles/TEST_ADC_F4.dir/Core/Src/main.c.obj
                0x08004690                PrepareADC
 .text.ReadChannel
                0x080046d4       0x40 CMakeFiles/TEST_ADC_F4.dir/Core/Src/main.c.obj
                0x080046d4                ReadChannel
 .text.UpdateValuesMB
                0x08004714      0x12c CMakeFiles/TEST_ADC_F4.dir/Core/Src/main.c.obj
                0x08004714                UpdateValuesMB
 .text.UART5_Transmit_DMA_Blocking
                0x08004840       0x38 CMakeFiles/TEST_ADC_F4.dir/Core/Src/main.c.obj
                0x08004840                UART5_Transmit_DMA_Blocking
 .text.main     0x08004878      0x290 CMakeFiles/TEST_ADC_F4.dir/Core/Src/main.c.obj
                0x08004878                main
 .text.SystemClock_Config
                0x08004b08       0xd8 CMakeFiles/TEST_ADC_F4.dir/Core/Src/main.c.obj
                0x08004b08                SystemClock_Config
 .text.MX_TIM2_Init
                0x08004be0      0x124 CMakeFiles/TEST_ADC_F4.dir/Core/Src/main.c.obj
 .text.MX_TIM3_Init
                0x08004d04       0x9c CMakeFiles/TEST_ADC_F4.dir/Core/Src/main.c.obj
 .text.MX_TIM4_Init
                0x08004da0      0x180 CMakeFiles/TEST_ADC_F4.dir/Core/Src/main.c.obj
 .text.MX_UART5_Init
                0x08004f20       0x54 CMakeFiles/TEST_ADC_F4.dir/Core/Src/main.c.obj
 .text.MX_DMA_Init
                0x08004f74       0x40 CMakeFiles/TEST_ADC_F4.dir/Core/Src/main.c.obj
 .text.MX_GPIO_Init
                0x08004fb4      0x120 CMakeFiles/TEST_ADC_F4.dir/Core/Src/main.c.obj
 .text.SetHZ    0x080050d4       0x5c CMakeFiles/TEST_ADC_F4.dir/Core/Src/main.c.obj
                0x080050d4                SetHZ
 .text.SetPulse
                0x08005130      0x14c CMakeFiles/TEST_ADC_F4.dir/Core/Src/main.c.obj
                0x08005130                SetPulse
 .text.StopTimers
                0x0800527c       0x58 CMakeFiles/TEST_ADC_F4.dir/Core/Src/main.c.obj
                0x0800527c                StopTimers
 .text.StartTimers
                0x080052d4       0x58 CMakeFiles/TEST_ADC_F4.dir/Core/Src/main.c.obj
                0x080052d4                StartTimers
 .text.Error_Handler
                0x0800532c        0xc CMakeFiles/TEST_ADC_F4.dir/Core/Src/main.c.obj
                0x0800532c                Error_Handler
 .text.NMI_Handler
                0x08005338        0x8 CMakeFiles/TEST_ADC_F4.dir/Core/Src/stm32f4xx_it.c.obj
                0x08005338                NMI_Handler
 .text.HardFault_Handler
                0x08005340        0x8 CMakeFiles/TEST_ADC_F4.dir/Core/Src/stm32f4xx_it.c.obj
                0x08005340                HardFault_Handler
 .text.MemManage_Handler
                0x08005348        0x8 CMakeFiles/TEST_ADC_F4.dir/Core/Src/stm32f4xx_it.c.obj
                0x08005348                MemManage_Handler
 .text.BusFault_Handler
                0x08005350        0x8 CMakeFiles/TEST_ADC_F4.dir/Core/Src/stm32f4xx_it.c.obj
                0x08005350                BusFault_Handler
 .text.UsageFault_Handler
                0x08005358        0x8 CMakeFiles/TEST_ADC_F4.dir/Core/Src/stm32f4xx_it.c.obj
                0x08005358                UsageFault_Handler
 .text.SVC_Handler
                0x08005360        0xe CMakeFiles/TEST_ADC_F4.dir/Core/Src/stm32f4xx_it.c.obj
                0x08005360                SVC_Handler
 .text.DebugMon_Handler
                0x0800536e        0xe CMakeFiles/TEST_ADC_F4.dir/Core/Src/stm32f4xx_it.c.obj
                0x0800536e                DebugMon_Handler
 .text.PendSV_Handler
                0x0800537c        0xe CMakeFiles/TEST_ADC_F4.dir/Core/Src/stm32f4xx_it.c.obj
                0x0800537c                PendSV_Handler
 .text.SysTick_Handler
                0x0800538a        0xc CMakeFiles/TEST_ADC_F4.dir/Core/Src/stm32f4xx_it.c.obj
                0x0800538a                SysTick_Handler
 *fill*         0x08005396        0x2 
 .text.TIM2_IRQHandler
                0x08005398       0x14 CMakeFiles/TEST_ADC_F4.dir/Core/Src/stm32f4xx_it.c.obj
                0x08005398                TIM2_IRQHandler
 .text.DMA1_Stream7_IRQHandler
                0x080053ac       0x14 CMakeFiles/TEST_ADC_F4.dir/Core/Src/stm32f4xx_it.c.obj
                0x080053ac                DMA1_Stream7_IRQHandler
 .text.UART5_IRQHandler
                0x080053c0       0x14 CMakeFiles/TEST_ADC_F4.dir/Core/Src/stm32f4xx_it.c.obj
                0x080053c0                UART5_IRQHandler
 .text.DMA2_Stream0_IRQHandler
                0x080053d4       0xf0 CMakeFiles/TEST_ADC_F4.dir/Core/Src/stm32f4xx_it.c.obj
                0x080053d4                DMA2_Stream0_IRQHandler
 .text.HAL_MspInit
                0x080054c4       0x50 CMakeFiles/TEST_ADC_F4.dir/Core/Src/stm32f4xx_hal_msp.c.obj
                0x080054c4                HAL_MspInit
 .text.HAL_TIM_Base_MspInit
                0x08005514       0x9c CMakeFiles/TEST_ADC_F4.dir/Core/Src/stm32f4xx_hal_msp.c.obj
                0x08005514                HAL_TIM_Base_MspInit
 .text.HAL_TIM_MspPostInit
                0x080055b0       0x74 CMakeFiles/TEST_ADC_F4.dir/Core/Src/stm32f4xx_hal_msp.c.obj
                0x080055b0                HAL_TIM_MspPostInit
 .text.HAL_UART_MspInit
                0x08005624      0x148 CMakeFiles/TEST_ADC_F4.dir/Core/Src/stm32f4xx_hal_msp.c.obj
                0x08005624                HAL_UART_MspInit
 .text.Reset_Handler
                0x0800576c       0x50 CMakeFiles/TEST_ADC_F4.dir/startup_stm32f446xx.s.obj
                0x0800576c                Reset_Handler
 .text.Default_Handler
                0x080057bc        0x2 CMakeFiles/TEST_ADC_F4.dir/startup_stm32f446xx.s.obj
                0x080057bc                RTC_Alarm_IRQHandler
                0x080057bc                EXTI2_IRQHandler
                0x080057bc                TIM8_CC_IRQHandler
                0x080057bc                FMPI2C1_EV_IRQHandler
                0x080057bc                SPI4_IRQHandler
                0x080057bc                TIM1_CC_IRQHandler
                0x080057bc                DMA2_Stream5_IRQHandler
                0x080057bc                DMA1_Stream5_IRQHandler
                0x080057bc                PVD_IRQHandler
                0x080057bc                SDIO_IRQHandler
                0x080057bc                TAMP_STAMP_IRQHandler
                0x080057bc                CAN2_RX1_IRQHandler
                0x080057bc                EXTI3_IRQHandler
                0x080057bc                TIM8_TRG_COM_TIM14_IRQHandler
                0x080057bc                TIM1_UP_TIM10_IRQHandler
                0x080057bc                TIM8_UP_TIM13_IRQHandler
                0x080057bc                I2C3_ER_IRQHandler
                0x080057bc                EXTI0_IRQHandler
                0x080057bc                I2C2_EV_IRQHandler
                0x080057bc                DMA1_Stream2_IRQHandler
                0x080057bc                CAN1_RX0_IRQHandler
                0x080057bc                FPU_IRQHandler
                0x080057bc                OTG_HS_WKUP_IRQHandler
                0x080057bc                CAN2_SCE_IRQHandler
                0x080057bc                DMA2_Stream2_IRQHandler
                0x080057bc                SPI1_IRQHandler
                0x080057bc                TIM6_DAC_IRQHandler
                0x080057bc                TIM1_BRK_TIM9_IRQHandler
                0x080057bc                DCMI_IRQHandler
                0x080057bc                CAN2_RX0_IRQHandler
                0x080057bc                DMA2_Stream3_IRQHandler
                0x080057bc                SAI2_IRQHandler
                0x080057bc                USART6_IRQHandler
                0x080057bc                USART3_IRQHandler
                0x080057bc                CAN1_RX1_IRQHandler
                0x080057bc                TIM4_IRQHandler
                0x080057bc                QUADSPI_IRQHandler
                0x080057bc                I2C1_EV_IRQHandler
                0x080057bc                DMA1_Stream6_IRQHandler
                0x080057bc                DMA1_Stream1_IRQHandler
                0x080057bc                UART4_IRQHandler
                0x080057bc                TIM3_IRQHandler
                0x080057bc                RCC_IRQHandler
                0x080057bc                TIM8_BRK_TIM12_IRQHandler
                0x080057bc                Default_Handler
                0x080057bc                CEC_IRQHandler
                0x080057bc                EXTI15_10_IRQHandler
                0x080057bc                ADC_IRQHandler
                0x080057bc                TIM7_IRQHandler
                0x080057bc                CAN2_TX_IRQHandler
                0x080057bc                TIM5_IRQHandler
                0x080057bc                DMA2_Stream7_IRQHandler
                0x080057bc                I2C3_EV_IRQHandler
                0x080057bc                EXTI9_5_IRQHandler
                0x080057bc                RTC_WKUP_IRQHandler
                0x080057bc                SPDIF_RX_IRQHandler
                0x080057bc                SPI2_IRQHandler
                0x080057bc                OTG_HS_EP1_IN_IRQHandler
                0x080057bc                DMA1_Stream0_IRQHandler
                0x080057bc                CAN1_TX_IRQHandler
                0x080057bc                FMPI2C1_ER_IRQHandler
                0x080057bc                EXTI4_IRQHandler
                0x080057bc                OTG_HS_EP1_OUT_IRQHandler
                0x080057bc                WWDG_IRQHandler
                0x080057bc                OTG_FS_WKUP_IRQHandler
                0x080057bc                TIM1_TRG_COM_TIM11_IRQHandler
                0x080057bc                OTG_HS_IRQHandler
                0x080057bc                EXTI1_IRQHandler
                0x080057bc                USART2_IRQHandler
                0x080057bc                I2C2_ER_IRQHandler
                0x080057bc                DMA2_Stream1_IRQHandler
                0x080057bc                CAN1_SCE_IRQHandler
                0x080057bc                FLASH_IRQHandler
                0x080057bc                DMA2_Stream4_IRQHandler
                0x080057bc                USART1_IRQHandler
                0x080057bc                OTG_FS_IRQHandler
                0x080057bc                SPI3_IRQHandler
                0x080057bc                DMA1_Stream4_IRQHandler
                0x080057bc                I2C1_ER_IRQHandler
                0x080057bc                FMC_IRQHandler
                0x080057bc                DMA2_Stream6_IRQHandler
                0x080057bc                SAI1_IRQHandler
                0x080057bc                DMA1_Stream3_IRQHandler
 *fill*         0x080057be        0x2 
 .text.crc16    0x080057c0       0x6c CMakeFiles/TEST_ADC_F4.dir/Core/Src/modbus_crc.c.obj
                0x080057c0                crc16
 .text.sendData
                0x0800582c       0x50 CMakeFiles/TEST_ADC_F4.dir/Core/Src/modbusSlave.c.obj
                0x0800582c                sendData
 .text.modbusException
                0x0800587c       0x40 CMakeFiles/TEST_ADC_F4.dir/Core/Src/modbusSlave.c.obj
                0x0800587c                modbusException
 .text.readHoldingRegs
                0x080058bc       0xec CMakeFiles/TEST_ADC_F4.dir/Core/Src/modbusSlave.c.obj
                0x080058bc                readHoldingRegs
 .text.readInputRegs
                0x080059a8       0xec CMakeFiles/TEST_ADC_F4.dir/Core/Src/modbusSlave.c.obj
                0x080059a8                readInputRegs
 .text.readCoils
                0x08005a94      0x164 CMakeFiles/TEST_ADC_F4.dir/Core/Src/modbusSlave.c.obj
                0x08005a94                readCoils
 .text.readInputs
                0x08005bf8      0x17c CMakeFiles/TEST_ADC_F4.dir/Core/Src/modbusSlave.c.obj
                0x08005bf8                readInputs
 .text.writeHoldingRegs
                0x08005d74      0x10c CMakeFiles/TEST_ADC_F4.dir/Core/Src/modbusSlave.c.obj
                0x08005d74                writeHoldingRegs
 .text.writeSingleReg
                0x08005e80       0xa0 CMakeFiles/TEST_ADC_F4.dir/Core/Src/modbusSlave.c.obj
                0x08005e80                writeSingleReg
 .text.writeSingleCoil
                0x08005f20      0x108 CMakeFiles/TEST_ADC_F4.dir/Core/Src/modbusSlave.c.obj
                0x08005f20                writeSingleCoil
 .text.writeMultiCoils
                0x08006028      0x1b4 CMakeFiles/TEST_ADC_F4.dir/Core/Src/modbusSlave.c.obj
                0x08006028                writeMultiCoils
 *(.glue_7)
 .glue_7        0x080061dc        0x0 linker stubs
 *(.glue_7t)
 .glue_7t       0x080061dc        0x0 linker stubs
 *(.eh_frame)
 .eh_frame      0x080061dc        0x0 /home/serg50012/stm/CubeCTL/GNU-tools-for-STM32/bin/../lib/gcc/arm-none-eabi/12.3.1/thumb/v7e-m+fp/hard/crtbegin.o
 *(.init)
 .init          0x080061dc        0x4 /home/serg50012/stm/CubeCTL/GNU-tools-for-STM32/bin/../lib/gcc/arm-none-eabi/12.3.1/thumb/v7e-m+fp/hard/crti.o
                0x080061dc                _init
 .init          0x080061e0        0x8 /home/serg50012/stm/CubeCTL/GNU-tools-for-STM32/bin/../lib/gcc/arm-none-eabi/12.3.1/thumb/v7e-m+fp/hard/crtn.o
 *(.fini)
 .fini          0x080061e8        0x4 /home/serg50012/stm/CubeCTL/GNU-tools-for-STM32/bin/../lib/gcc/arm-none-eabi/12.3.1/thumb/v7e-m+fp/hard/crti.o
                0x080061e8                _fini
 .fini          0x080061ec        0x8 /home/serg50012/stm/CubeCTL/GNU-tools-for-STM32/bin/../lib/gcc/arm-none-eabi/12.3.1/thumb/v7e-m+fp/hard/crtn.o
                0x080061f4                        . = ALIGN (0x4)
                0x080061f4                        _etext = .

.vfp11_veneer   0x080061f4        0x0
 .vfp11_veneer  0x080061f4        0x0 linker stubs

.v4_bx          0x080061f4        0x0
 .v4_bx         0x080061f4        0x0 linker stubs

.iplt           0x080061f4        0x0
 .iplt          0x080061f4        0x0 /home/serg50012/stm/CubeCTL/GNU-tools-for-STM32/bin/../lib/gcc/arm-none-eabi/12.3.1/thumb/v7e-m+fp/hard/crtbegin.o

.rodata         0x080061f4      0x238
                0x080061f4                        . = ALIGN (0x4)
 *(.rodata)
 *(.rodata*)
 .rodata.AHBPrescTable
                0x080061f4       0x10 cmake/stm32cubemx/CMakeFiles/STM32_Drivers.dir/__/__/Core/Src/system_stm32f4xx.c.obj
                0x080061f4                AHBPrescTable
 .rodata.APBPrescTable
                0x08006204        0x8 cmake/stm32cubemx/CMakeFiles/STM32_Drivers.dir/__/__/Core/Src/system_stm32f4xx.c.obj
                0x08006204                APBPrescTable
 .rodata.flagBitshiftOffset.0
                0x0800620c        0x8 cmake/stm32cubemx/CMakeFiles/STM32_Drivers.dir/__/__/Drivers/STM32F4xx_HAL_Driver/Src/stm32f4xx_hal_dma.c.obj
 .rodata.last_0_1_us
                0x08006214        0xa CMakeFiles/TEST_ADC_F4.dir/Core/Src/main.c.obj
                0x08006214                last_0_1_us
 *fill*         0x0800621e        0x2 
 .rodata.last_0_01_us
                0x08006220        0xa CMakeFiles/TEST_ADC_F4.dir/Core/Src/main.c.obj
                0x08006220                last_0_01_us
 *fill*         0x0800622a        0x2 
 .rodata.table_crc_hi
                0x0800622c      0x100 CMakeFiles/TEST_ADC_F4.dir/Core/Src/modbus_crc.c.obj
 .rodata.table_crc_lo
                0x0800632c      0x100 CMakeFiles/TEST_ADC_F4.dir/Core/Src/modbus_crc.c.obj
                0x0800642c                        . = ALIGN (0x4)

.ARM.extab      0x0800642c        0x0
                0x0800642c                        . = ALIGN (0x4)
 *(.ARM.extab* .gnu.linkonce.armextab.*)
                0x0800642c                        . = ALIGN (0x4)

.ARM            0x0800642c        0x8
                0x0800642c                        . = ALIGN (0x4)
                0x0800642c                        __exidx_start = .
 *(.ARM.exidx*)
 .ARM.exidx     0x0800642c        0x8 /home/serg50012/stm/CubeCTL/GNU-tools-for-STM32/bin/../lib/gcc/arm-none-eabi/12.3.1/thumb/v7e-m+fp/hard/libgcc.a(_udivmoddi4.o)
                0x08006434                        __exidx_end = .
                0x08006434                        . = ALIGN (0x4)

.preinit_array  0x08006434        0x0
                0x08006434                        . = ALIGN (0x4)
                0x08006434                        PROVIDE (__preinit_array_start = .)
 *(.preinit_array*)
                0x08006434                        PROVIDE (__preinit_array_end = .)
                0x08006434                        . = ALIGN (0x4)

.init_array     0x08006434        0x4
                0x08006434                        . = ALIGN (0x4)
                0x08006434                        PROVIDE (__init_array_start = .)
 *(SORT_BY_NAME(.init_array.*))
 *(.init_array*)
 .init_array    0x08006434        0x4 /home/serg50012/stm/CubeCTL/GNU-tools-for-STM32/bin/../lib/gcc/arm-none-eabi/12.3.1/thumb/v7e-m+fp/hard/crtbegin.o
                0x08006438                        PROVIDE (__init_array_end = .)
                0x08006438                        . = ALIGN (0x4)

.fini_array     0x08006438        0x4
                0x08006438                        . = ALIGN (0x4)
                [!provide]                        PROVIDE (__fini_array_start = .)
 *(SORT_BY_NAME(.fini_array.*))
 *(.fini_array*)
 .fini_array    0x08006438        0x4 /home/serg50012/stm/CubeCTL/GNU-tools-for-STM32/bin/../lib/gcc/arm-none-eabi/12.3.1/thumb/v7e-m+fp/hard/crtbegin.o
                [!provide]                        PROVIDE (__fini_array_end = .)
                0x0800643c                        . = ALIGN (0x4)
                0x0800643c                        _sidata = LOADADDR (.data)

.rel.dyn        0x0800643c        0x0
 .rel.iplt      0x0800643c        0x0 /home/serg50012/stm/CubeCTL/GNU-tools-for-STM32/bin/../lib/gcc/arm-none-eabi/12.3.1/thumb/v7e-m+fp/hard/crtbegin.o

.data           0x20000000        0xc load address 0x0800643c
                0x20000000                        . = ALIGN (0x4)
                0x20000000                        _sdata = .
 *(.data)
 *(.data*)
 .data.SystemCoreClock
                0x20000000        0x4 cmake/stm32cubemx/CMakeFiles/STM32_Drivers.dir/__/__/Core/Src/system_stm32f4xx.c.obj
                0x20000000                SystemCoreClock
 .data.uwTickPrio
                0x20000004        0x4 cmake/stm32cubemx/CMakeFiles/STM32_Drivers.dir/__/__/Drivers/STM32F4xx_HAL_Driver/Src/stm32f4xx_hal.c.obj
                0x20000004                uwTickPrio
 .data.uwTickFreq
                0x20000008        0x1 cmake/stm32cubemx/CMakeFiles/STM32_Drivers.dir/__/__/Drivers/STM32F4xx_HAL_Driver/Src/stm32f4xx_hal.c.obj
                0x20000008                uwTickFreq
 *fill*         0x20000009        0x1 
 .data.n_samples
                0x2000000a        0x2 CMakeFiles/TEST_ADC_F4.dir/Core/Src/main.c.obj
                0x2000000a                n_samples
 *(.RamFunc)
 *(.RamFunc*)
                0x2000000c                        . = ALIGN (0x4)
                0x2000000c                        _edata = .

.igot.plt       0x2000000c        0x0 load address 0x08006448
 .igot.plt      0x2000000c        0x0 /home/serg50012/stm/CubeCTL/GNU-tools-for-STM32/bin/../lib/gcc/arm-none-eabi/12.3.1/thumb/v7e-m+fp/hard/crtbegin.o
                0x2000000c                        . = ALIGN (0x4)

.bss            0x2000000c     0x1dd8 load address 0x08006448
                0x2000000c                        _sbss = .
                0x2000000c                        __bss_start__ = _sbss
 *(.bss)
 .bss           0x2000000c       0x1c /home/serg50012/stm/CubeCTL/GNU-tools-for-STM32/bin/../lib/gcc/arm-none-eabi/12.3.1/thumb/v7e-m+fp/hard/crtbegin.o
 *(.bss*)
 .bss.uwTick    0x20000028        0x4 cmake/stm32cubemx/CMakeFiles/STM32_Drivers.dir/__/__/Drivers/STM32F4xx_HAL_Driver/Src/stm32f4xx_hal.c.obj
                0x20000028                uwTick
 .bss.htim2     0x2000002c       0x48 CMakeFiles/TEST_ADC_F4.dir/Core/Src/main.c.obj
                0x2000002c                htim2
 .bss.htim3     0x20000074       0x48 CMakeFiles/TEST_ADC_F4.dir/Core/Src/main.c.obj
                0x20000074                htim3
 .bss.htim4     0x200000bc       0x48 CMakeFiles/TEST_ADC_F4.dir/Core/Src/main.c.obj
                0x200000bc                htim4
 .bss.huart5    0x20000104       0x48 CMakeFiles/TEST_ADC_F4.dir/Core/Src/main.c.obj
                0x20000104                huart5
 .bss.hdma_uart5_tx
                0x2000014c       0x60 CMakeFiles/TEST_ADC_F4.dir/Core/Src/main.c.obj
                0x2000014c                hdma_uart5_tx
 .bss.VREFINT_CAL
                0x200001ac        0x2 CMakeFiles/TEST_ADC_F4.dir/Core/Src/main.c.obj
                0x200001ac                VREFINT_CAL
 .bss.vdda      0x200001ae        0x2 CMakeFiles/TEST_ADC_F4.dir/Core/Src/main.c.obj
                0x200001ae                vdda
 .bss.frame     0x200001b0      0xd00 CMakeFiles/TEST_ADC_F4.dir/Core/Src/main.c.obj
                0x200001b0                frame
 .bss.sum       0x20000eb0        0x4 CMakeFiles/TEST_ADC_F4.dir/Core/Src/main.c.obj
                0x20000eb0                sum
 .bss.frame_8int_V
                0x20000eb4      0xd04 CMakeFiles/TEST_ADC_F4.dir/Core/Src/main.c.obj
                0x20000eb4                frame_8int_V
 .bss.i         0x20001bb8        0x1 CMakeFiles/TEST_ADC_F4.dir/Core/Src/main.c.obj
                0x20001bb8                i
 *fill*         0x20001bb9        0x3 
 .bss.RxData    0x20001bbc      0x100 CMakeFiles/TEST_ADC_F4.dir/Core/Src/main.c.obj
                0x20001bbc                RxData
 .bss.TxData    0x20001cbc      0x100 CMakeFiles/TEST_ADC_F4.dir/Core/Src/main.c.obj
                0x20001cbc                TxData
 .bss.usRegInputBuf
                0x20001dbc       0x12 CMakeFiles/TEST_ADC_F4.dir/Core/Src/modbusSlave.c.obj
                0x20001dbc                usRegInputBuf
 *fill*         0x20001dce        0x2 
 .bss.usRegHoldingBuf
                0x20001dd0        0xc CMakeFiles/TEST_ADC_F4.dir/Core/Src/modbusSlave.c.obj
                0x20001dd0                usRegHoldingBuf
 .bss.usCoilsBuf
                0x20001ddc        0x2 CMakeFiles/TEST_ADC_F4.dir/Core/Src/modbusSlave.c.obj
                0x20001ddc                usCoilsBuf
 *fill*         0x20001dde        0x2 
 .bss.usDiscreteBuf
                0x20001de0        0x2 CMakeFiles/TEST_ADC_F4.dir/Core/Src/modbusSlave.c.obj
                0x20001de0                usDiscreteBuf
 *(COMMON)
                0x20001de4                        . = ALIGN (0x4)
 *fill*         0x20001de2        0x2 
                0x20001de4                        _ebss = .
                0x20001de4                        __bss_end__ = _ebss

._user_heap_stack
                0x20001de4      0x604 load address 0x08006448
                0x20001de8                        . = ALIGN (0x8)
 *fill*         0x20001de4        0x4 
                [!provide]                        PROVIDE (end = .)
                0x20001de8                        PROVIDE (_end = .)
                0x20001fe8                        . = (. + _Min_Heap_Size)
 *fill*         0x20001de8      0x200 
                0x200023e8                        . = (. + _Min_Stack_Size)
 *fill*         0x20001fe8      0x400 
                0x200023e8                        . = ALIGN (0x8)

/DISCARD/
 libc.a(*)
 libm.a(*)
 libgcc.a(*)
OUTPUT(TEST_ADC_F4.elf elf32-littlearm)
LOAD linker stubs
LOAD /home/serg50012/stm/CubeCTL/GNU-tools-for-STM32/bin/../lib/gcc/arm-none-eabi/12.3.1/../../../../arm-none-eabi/lib/thumb/v7e-m+fp/hard/libc.a
LOAD /home/serg50012/stm/CubeCTL/GNU-tools-for-STM32/bin/../lib/gcc/arm-none-eabi/12.3.1/../../../../arm-none-eabi/lib/thumb/v7e-m+fp/hard/libm.a
LOAD /home/serg50012/stm/CubeCTL/GNU-tools-for-STM32/bin/../lib/gcc/arm-none-eabi/12.3.1/thumb/v7e-m+fp/hard/libgcc.a

.ARM.attributes
                0x00000000       0x30
 .ARM.attributes
                0x00000000       0x22 /home/serg50012/stm/CubeCTL/GNU-tools-for-STM32/bin/../lib/gcc/arm-none-eabi/12.3.1/thumb/v7e-m+fp/hard/crti.o
 .ARM.attributes
                0x00000022       0x34 /home/serg50012/stm/CubeCTL/GNU-tools-for-STM32/bin/../lib/gcc/arm-none-eabi/12.3.1/thumb/v7e-m+fp/hard/crtbegin.o
 .ARM.attributes
                0x00000056       0x34 /home/serg50012/stm/CubeCTL/GNU-tools-for-STM32/bin/../lib/gcc/arm-none-eabi/12.3.1/../../../../arm-none-eabi/lib/thumb/v7e-m+fp/hard/libc_nano.a(libc_a-memset.o)
 .ARM.attributes
                0x0000008a       0x34 /home/serg50012/stm/CubeCTL/GNU-tools-for-STM32/bin/../lib/gcc/arm-none-eabi/12.3.1/../../../../arm-none-eabi/lib/thumb/v7e-m+fp/hard/libc_nano.a(libc_a-init.o)
 .ARM.attributes
                0x000000be       0x34 cmake/stm32cubemx/CMakeFiles/STM32_Drivers.dir/__/__/Core/Src/system_stm32f4xx.c.obj
 .ARM.attributes
                0x000000f2       0x34 cmake/stm32cubemx/CMakeFiles/STM32_Drivers.dir/__/__/Drivers/STM32F4xx_HAL_Driver/Src/stm32f4xx_hal_tim.c.obj
 .ARM.attributes
                0x00000126       0x34 cmake/stm32cubemx/CMakeFiles/STM32_Drivers.dir/__/__/Drivers/STM32F4xx_HAL_Driver/Src/stm32f4xx_hal_tim_ex.c.obj
 .ARM.attributes
                0x0000015a       0x34 cmake/stm32cubemx/CMakeFiles/STM32_Drivers.dir/__/__/Drivers/STM32F4xx_HAL_Driver/Src/stm32f4xx_hal_rcc.c.obj
 .ARM.attributes
                0x0000018e       0x34 cmake/stm32cubemx/CMakeFiles/STM32_Drivers.dir/__/__/Drivers/STM32F4xx_HAL_Driver/Src/stm32f4xx_hal_rcc_ex.c.obj
 .ARM.attributes
                0x000001c2       0x34 cmake/stm32cubemx/CMakeFiles/STM32_Drivers.dir/__/__/Drivers/STM32F4xx_HAL_Driver/Src/stm32f4xx_hal_gpio.c.obj
 .ARM.attributes
                0x000001f6       0x34 cmake/stm32cubemx/CMakeFiles/STM32_Drivers.dir/__/__/Drivers/STM32F4xx_HAL_Driver/Src/stm32f4xx_hal_dma.c.obj
 .ARM.attributes
                0x0000022a       0x34 cmake/stm32cubemx/CMakeFiles/STM32_Drivers.dir/__/__/Drivers/STM32F4xx_HAL_Driver/Src/stm32f4xx_hal_cortex.c.obj
 .ARM.attributes
                0x0000025e       0x34 cmake/stm32cubemx/CMakeFiles/STM32_Drivers.dir/__/__/Drivers/STM32F4xx_HAL_Driver/Src/stm32f4xx_hal.c.obj
 .ARM.attributes
                0x00000292       0x34 cmake/stm32cubemx/CMakeFiles/STM32_Drivers.dir/__/__/Drivers/STM32F4xx_HAL_Driver/Src/stm32f4xx_hal_uart.c.obj
 .ARM.attributes
                0x000002c6       0x34 CMakeFiles/TEST_ADC_F4.dir/Core/Src/main.c.obj
 .ARM.attributes
                0x000002fa       0x34 CMakeFiles/TEST_ADC_F4.dir/Core/Src/stm32f4xx_it.c.obj
 .ARM.attributes
                0x0000032e       0x34 CMakeFiles/TEST_ADC_F4.dir/Core/Src/stm32f4xx_hal_msp.c.obj
 .ARM.attributes
                0x00000362       0x21 CMakeFiles/TEST_ADC_F4.dir/startup_stm32f446xx.s.obj
 .ARM.attributes
                0x00000383       0x34 CMakeFiles/TEST_ADC_F4.dir/Core/Src/modbus_crc.c.obj
 .ARM.attributes
                0x000003b7       0x34 CMakeFiles/TEST_ADC_F4.dir/Core/Src/modbusSlave.c.obj
 .ARM.attributes
                0x000003eb       0x22 /home/serg50012/stm/CubeCTL/GNU-tools-for-STM32/bin/../lib/gcc/arm-none-eabi/12.3.1/thumb/v7e-m+fp/hard/libgcc.a(_aeabi_uldivmod.o)
 .ARM.attributes
                0x0000040d       0x34 /home/serg50012/stm/CubeCTL/GNU-tools-for-STM32/bin/../lib/gcc/arm-none-eabi/12.3.1/thumb/v7e-m+fp/hard/libgcc.a(_udivmoddi4.o)
 .ARM.attributes
                0x00000441       0x22 /home/serg50012/stm/CubeCTL/GNU-tools-for-STM32/bin/../lib/gcc/arm-none-eabi/12.3.1/thumb/v7e-m+fp/hard/libgcc.a(_dvmd_tls.o)
 .ARM.attributes
                0x00000463       0x22 /home/serg50012/stm/CubeCTL/GNU-tools-for-STM32/bin/../lib/gcc/arm-none-eabi/12.3.1/thumb/v7e-m+fp/hard/crtn.o

.comment        0x00000000       0x43
 .comment       0x00000000       0x43 cmake/stm32cubemx/CMakeFiles/STM32_Drivers.dir/__/__/Core/Src/system_stm32f4xx.c.obj
                                 0x44 (size before relaxing)
 .comment       0x00000043       0x44 cmake/stm32cubemx/CMakeFiles/STM32_Drivers.dir/__/__/Drivers/STM32F4xx_HAL_Driver/Src/stm32f4xx_hal_tim.c.obj
 .comment       0x00000043       0x44 cmake/stm32cubemx/CMakeFiles/STM32_Drivers.dir/__/__/Drivers/STM32F4xx_HAL_Driver/Src/stm32f4xx_hal_tim_ex.c.obj
 .comment       0x00000043       0x44 cmake/stm32cubemx/CMakeFiles/STM32_Drivers.dir/__/__/Drivers/STM32F4xx_HAL_Driver/Src/stm32f4xx_hal_rcc.c.obj
 .comment       0x00000043       0x44 cmake/stm32cubemx/CMakeFiles/STM32_Drivers.dir/__/__/Drivers/STM32F4xx_HAL_Driver/Src/stm32f4xx_hal_rcc_ex.c.obj
 .comment       0x00000043       0x44 cmake/stm32cubemx/CMakeFiles/STM32_Drivers.dir/__/__/Drivers/STM32F4xx_HAL_Driver/Src/stm32f4xx_hal_gpio.c.obj
 .comment       0x00000043       0x44 cmake/stm32cubemx/CMakeFiles/STM32_Drivers.dir/__/__/Drivers/STM32F4xx_HAL_Driver/Src/stm32f4xx_hal_dma.c.obj
 .comment       0x00000043       0x44 cmake/stm32cubemx/CMakeFiles/STM32_Drivers.dir/__/__/Drivers/STM32F4xx_HAL_Driver/Src/stm32f4xx_hal_cortex.c.obj
 .comment       0x00000043       0x44 cmake/stm32cubemx/CMakeFiles/STM32_Drivers.dir/__/__/Drivers/STM32F4xx_HAL_Driver/Src/stm32f4xx_hal.c.obj
 .comment       0x00000043       0x44 cmake/stm32cubemx/CMakeFiles/STM32_Drivers.dir/__/__/Drivers/STM32F4xx_HAL_Driver/Src/stm32f4xx_hal_uart.c.obj
 .comment       0x00000043       0x44 CMakeFiles/TEST_ADC_F4.dir/Core/Src/main.c.obj
 .comment       0x00000043       0x44 CMakeFiles/TEST_ADC_F4.dir/Core/Src/stm32f4xx_it.c.obj
 .comment       0x00000043       0x44 CMakeFiles/TEST_ADC_F4.dir/Core/Src/stm32f4xx_hal_msp.c.obj
 .comment       0x00000043       0x44 CMakeFiles/TEST_ADC_F4.dir/Core/Src/modbus_crc.c.obj
 .comment       0x00000043       0x44 CMakeFiles/TEST_ADC_F4.dir/Core/Src/modbusSlave.c.obj

.debug_frame    0x00000000     0x3980
 .debug_frame   0x00000000       0x20 /home/serg50012/stm/CubeCTL/GNU-tools-for-STM32/bin/../lib/gcc/arm-none-eabi/12.3.1/../../../../arm-none-eabi/lib/thumb/v7e-m+fp/hard/libc_nano.a(libc_a-memset.o)
 .debug_frame   0x00000020       0x2c /home/serg50012/stm/CubeCTL/GNU-tools-for-STM32/bin/../lib/gcc/arm-none-eabi/12.3.1/../../../../arm-none-eabi/lib/thumb/v7e-m+fp/hard/libc_nano.a(libc_a-init.o)
 .debug_frame   0x0000004c       0x58 cmake/stm32cubemx/CMakeFiles/STM32_Drivers.dir/__/__/Core/Src/system_stm32f4xx.c.obj
 .debug_frame   0x000000a4     0x11c0 cmake/stm32cubemx/CMakeFiles/STM32_Drivers.dir/__/__/Drivers/STM32F4xx_HAL_Driver/Src/stm32f4xx_hal_tim.c.obj
 .debug_frame   0x00001264      0x638 cmake/stm32cubemx/CMakeFiles/STM32_Drivers.dir/__/__/Drivers/STM32F4xx_HAL_Driver/Src/stm32f4xx_hal_tim_ex.c.obj
 .debug_frame   0x0000189c      0x1f4 cmake/stm32cubemx/CMakeFiles/STM32_Drivers.dir/__/__/Drivers/STM32F4xx_HAL_Driver/Src/stm32f4xx_hal_rcc.c.obj
 .debug_frame   0x00001a90      0x1e8 cmake/stm32cubemx/CMakeFiles/STM32_Drivers.dir/__/__/Drivers/STM32F4xx_HAL_Driver/Src/stm32f4xx_hal_rcc_ex.c.obj
 .debug_frame   0x00001c78      0x14c cmake/stm32cubemx/CMakeFiles/STM32_Drivers.dir/__/__/Drivers/STM32F4xx_HAL_Driver/Src/stm32f4xx_hal_gpio.c.obj
 .debug_frame   0x00001dc4      0x250 cmake/stm32cubemx/CMakeFiles/STM32_Drivers.dir/__/__/Drivers/STM32F4xx_HAL_Driver/Src/stm32f4xx_hal_dma.c.obj
 .debug_frame   0x00002014      0x508 cmake/stm32cubemx/CMakeFiles/STM32_Drivers.dir/__/__/Drivers/STM32F4xx_HAL_Driver/Src/stm32f4xx_hal_cortex.c.obj
 .debug_frame   0x0000251c      0x374 cmake/stm32cubemx/CMakeFiles/STM32_Drivers.dir/__/__/Drivers/STM32F4xx_HAL_Driver/Src/stm32f4xx_hal.c.obj
 .debug_frame   0x00002890      0x954 cmake/stm32cubemx/CMakeFiles/STM32_Drivers.dir/__/__/Drivers/STM32F4xx_HAL_Driver/Src/stm32f4xx_hal_uart.c.obj
 .debug_frame   0x000031e4      0x328 CMakeFiles/TEST_ADC_F4.dir/Core/Src/main.c.obj
 .debug_frame   0x0000350c      0x178 CMakeFiles/TEST_ADC_F4.dir/Core/Src/stm32f4xx_it.c.obj
 .debug_frame   0x00003684       0xec CMakeFiles/TEST_ADC_F4.dir/Core/Src/stm32f4xx_hal_msp.c.obj
 .debug_frame   0x00003770       0x38 CMakeFiles/TEST_ADC_F4.dir/Core/Src/modbus_crc.c.obj
 .debug_frame   0x000037a8      0x178 CMakeFiles/TEST_ADC_F4.dir/Core/Src/modbusSlave.c.obj
 .debug_frame   0x00003920       0x2c /home/serg50012/stm/CubeCTL/GNU-tools-for-STM32/bin/../lib/gcc/arm-none-eabi/12.3.1/thumb/v7e-m+fp/hard/libgcc.a(_aeabi_uldivmod.o)
 .debug_frame   0x0000394c       0x34 /home/serg50012/stm/CubeCTL/GNU-tools-for-STM32/bin/../lib/gcc/arm-none-eabi/12.3.1/thumb/v7e-m+fp/hard/libgcc.a(_udivmoddi4.o)

.debug_info     0x00000000     0xef61
 .debug_info    0x00000000      0x54a cmake/stm32cubemx/CMakeFiles/STM32_Drivers.dir/__/__/Core/Src/system_stm32f4xx.c.obj
 .debug_info    0x0000054a     0x299d cmake/stm32cubemx/CMakeFiles/STM32_Drivers.dir/__/__/Drivers/STM32F4xx_HAL_Driver/Src/stm32f4xx_hal_tim.c.obj
 .debug_info    0x00002ee7     0x14db cmake/stm32cubemx/CMakeFiles/STM32_Drivers.dir/__/__/Drivers/STM32F4xx_HAL_Driver/Src/stm32f4xx_hal_tim_ex.c.obj
 .debug_info    0x000043c2      0x8ff cmake/stm32cubemx/CMakeFiles/STM32_Drivers.dir/__/__/Drivers/STM32F4xx_HAL_Driver/Src/stm32f4xx_hal_rcc.c.obj
 .debug_info    0x00004cc1      0x960 cmake/stm32cubemx/CMakeFiles/STM32_Drivers.dir/__/__/Drivers/STM32F4xx_HAL_Driver/Src/stm32f4xx_hal_rcc_ex.c.obj
 .debug_info    0x00005621      0x70b cmake/stm32cubemx/CMakeFiles/STM32_Drivers.dir/__/__/Drivers/STM32F4xx_HAL_Driver/Src/stm32f4xx_hal_gpio.c.obj
 .debug_info    0x00005d2c      0x8e7 cmake/stm32cubemx/CMakeFiles/STM32_Drivers.dir/__/__/Drivers/STM32F4xx_HAL_Driver/Src/stm32f4xx_hal_dma.c.obj
 .debug_info    0x00006613      0xdaa cmake/stm32cubemx/CMakeFiles/STM32_Drivers.dir/__/__/Drivers/STM32F4xx_HAL_Driver/Src/stm32f4xx_hal_cortex.c.obj
 .debug_info    0x000073bd      0x99a cmake/stm32cubemx/CMakeFiles/STM32_Drivers.dir/__/__/Drivers/STM32F4xx_HAL_Driver/Src/stm32f4xx_hal.c.obj
 .debug_info    0x00007d57     0x2f4f cmake/stm32cubemx/CMakeFiles/STM32_Drivers.dir/__/__/Drivers/STM32F4xx_HAL_Driver/Src/stm32f4xx_hal_uart.c.obj
 .debug_info    0x0000aca6     0x1f50 CMakeFiles/TEST_ADC_F4.dir/Core/Src/main.c.obj
 .debug_info    0x0000cbf6      0xb5a CMakeFiles/TEST_ADC_F4.dir/Core/Src/stm32f4xx_it.c.obj
 .debug_info    0x0000d750     0x108c CMakeFiles/TEST_ADC_F4.dir/Core/Src/stm32f4xx_hal_msp.c.obj
 .debug_info    0x0000e7dc       0x30 CMakeFiles/TEST_ADC_F4.dir/startup_stm32f446xx.s.obj
 .debug_info    0x0000e80c      0x143 CMakeFiles/TEST_ADC_F4.dir/Core/Src/modbus_crc.c.obj
 .debug_info    0x0000e94f      0x612 CMakeFiles/TEST_ADC_F4.dir/Core/Src/modbusSlave.c.obj

.debug_abbrev   0x00000000     0x2295
 .debug_abbrev  0x00000000      0x11a cmake/stm32cubemx/CMakeFiles/STM32_Drivers.dir/__/__/Core/Src/system_stm32f4xx.c.obj
 .debug_abbrev  0x0000011a      0x278 cmake/stm32cubemx/CMakeFiles/STM32_Drivers.dir/__/__/Drivers/STM32F4xx_HAL_Driver/Src/stm32f4xx_hal_tim.c.obj
 .debug_abbrev  0x00000392      0x283 cmake/stm32cubemx/CMakeFiles/STM32_Drivers.dir/__/__/Drivers/STM32F4xx_HAL_Driver/Src/stm32f4xx_hal_tim_ex.c.obj
 .debug_abbrev  0x00000615      0x2b7 cmake/stm32cubemx/CMakeFiles/STM32_Drivers.dir/__/__/Drivers/STM32F4xx_HAL_Driver/Src/stm32f4xx_hal_rcc.c.obj
 .debug_abbrev  0x000008cc      0x211 cmake/stm32cubemx/CMakeFiles/STM32_Drivers.dir/__/__/Drivers/STM32F4xx_HAL_Driver/Src/stm32f4xx_hal_rcc_ex.c.obj
 .debug_abbrev  0x00000add      0x1d4 cmake/stm32cubemx/CMakeFiles/STM32_Drivers.dir/__/__/Drivers/STM32F4xx_HAL_Driver/Src/stm32f4xx_hal_gpio.c.obj
 .debug_abbrev  0x00000cb1      0x264 cmake/stm32cubemx/CMakeFiles/STM32_Drivers.dir/__/__/Drivers/STM32F4xx_HAL_Driver/Src/stm32f4xx_hal_dma.c.obj
 .debug_abbrev  0x00000f15      0x31d cmake/stm32cubemx/CMakeFiles/STM32_Drivers.dir/__/__/Drivers/STM32F4xx_HAL_Driver/Src/stm32f4xx_hal_cortex.c.obj
 .debug_abbrev  0x00001232      0x214 cmake/stm32cubemx/CMakeFiles/STM32_Drivers.dir/__/__/Drivers/STM32F4xx_HAL_Driver/Src/stm32f4xx_hal.c.obj
 .debug_abbrev  0x00001446      0x30e cmake/stm32cubemx/CMakeFiles/STM32_Drivers.dir/__/__/Drivers/STM32F4xx_HAL_Driver/Src/stm32f4xx_hal_uart.c.obj
 .debug_abbrev  0x00001754      0x499 CMakeFiles/TEST_ADC_F4.dir/Core/Src/main.c.obj
 .debug_abbrev  0x00001bed      0x1c9 CMakeFiles/TEST_ADC_F4.dir/Core/Src/stm32f4xx_it.c.obj
 .debug_abbrev  0x00001db6      0x249 CMakeFiles/TEST_ADC_F4.dir/Core/Src/stm32f4xx_hal_msp.c.obj
 .debug_abbrev  0x00001fff       0x24 CMakeFiles/TEST_ADC_F4.dir/startup_stm32f446xx.s.obj
 .debug_abbrev  0x00002023       0xaf CMakeFiles/TEST_ADC_F4.dir/Core/Src/modbus_crc.c.obj
 .debug_abbrev  0x000020d2      0x1c3 CMakeFiles/TEST_ADC_F4.dir/Core/Src/modbusSlave.c.obj

.debug_aranges  0x00000000      0xdb8
 .debug_aranges
                0x00000000       0x28 cmake/stm32cubemx/CMakeFiles/STM32_Drivers.dir/__/__/Core/Src/system_stm32f4xx.c.obj
 .debug_aranges
                0x00000028      0x3d0 cmake/stm32cubemx/CMakeFiles/STM32_Drivers.dir/__/__/Drivers/STM32F4xx_HAL_Driver/Src/stm32f4xx_hal_tim.c.obj
 .debug_aranges
                0x000003f8      0x168 cmake/stm32cubemx/CMakeFiles/STM32_Drivers.dir/__/__/Drivers/STM32F4xx_HAL_Driver/Src/stm32f4xx_hal_tim_ex.c.obj
 .debug_aranges
                0x00000560       0x88 cmake/stm32cubemx/CMakeFiles/STM32_Drivers.dir/__/__/Drivers/STM32F4xx_HAL_Driver/Src/stm32f4xx_hal_rcc.c.obj
 .debug_aranges
                0x000005e8       0x78 cmake/stm32cubemx/CMakeFiles/STM32_Drivers.dir/__/__/Drivers/STM32F4xx_HAL_Driver/Src/stm32f4xx_hal_rcc_ex.c.obj
 .debug_aranges
                0x00000660       0x58 cmake/stm32cubemx/CMakeFiles/STM32_Drivers.dir/__/__/Drivers/STM32F4xx_HAL_Driver/Src/stm32f4xx_hal_gpio.c.obj
 .debug_aranges
                0x000006b8       0x90 cmake/stm32cubemx/CMakeFiles/STM32_Drivers.dir/__/__/Drivers/STM32F4xx_HAL_Driver/Src/stm32f4xx_hal_dma.c.obj
 .debug_aranges
                0x00000748      0x130 cmake/stm32cubemx/CMakeFiles/STM32_Drivers.dir/__/__/Drivers/STM32F4xx_HAL_Driver/Src/stm32f4xx_hal_cortex.c.obj
 .debug_aranges
                0x00000878       0xf0 cmake/stm32cubemx/CMakeFiles/STM32_Drivers.dir/__/__/Drivers/STM32F4xx_HAL_Driver/Src/stm32f4xx_hal.c.obj
 .debug_aranges
                0x00000968      0x208 cmake/stm32cubemx/CMakeFiles/STM32_Drivers.dir/__/__/Drivers/STM32F4xx_HAL_Driver/Src/stm32f4xx_hal_uart.c.obj
 .debug_aranges
                0x00000b70       0xd0 CMakeFiles/TEST_ADC_F4.dir/Core/Src/main.c.obj
 .debug_aranges
                0x00000c40       0x80 CMakeFiles/TEST_ADC_F4.dir/Core/Src/stm32f4xx_it.c.obj
 .debug_aranges
                0x00000cc0       0x48 CMakeFiles/TEST_ADC_F4.dir/Core/Src/stm32f4xx_hal_msp.c.obj
 .debug_aranges
                0x00000d08       0x28 CMakeFiles/TEST_ADC_F4.dir/startup_stm32f446xx.s.obj
 .debug_aranges
                0x00000d30       0x20 CMakeFiles/TEST_ADC_F4.dir/Core/Src/modbus_crc.c.obj
 .debug_aranges
                0x00000d50       0x68 CMakeFiles/TEST_ADC_F4.dir/Core/Src/modbusSlave.c.obj

.debug_rnglists
                0x00000000      0xac5
 .debug_rnglists
                0x00000000       0x1a cmake/stm32cubemx/CMakeFiles/STM32_Drivers.dir/__/__/Core/Src/system_stm32f4xx.c.obj
 .debug_rnglists
                0x0000001a      0x31a cmake/stm32cubemx/CMakeFiles/STM32_Drivers.dir/__/__/Drivers/STM32F4xx_HAL_Driver/Src/stm32f4xx_hal_tim.c.obj
 .debug_rnglists
                0x00000334      0x125 cmake/stm32cubemx/CMakeFiles/STM32_Drivers.dir/__/__/Drivers/STM32F4xx_HAL_Driver/Src/stm32f4xx_hal_tim_ex.c.obj
 .debug_rnglists
                0x00000459       0x66 cmake/stm32cubemx/CMakeFiles/STM32_Drivers.dir/__/__/Drivers/STM32F4xx_HAL_Driver/Src/stm32f4xx_hal_rcc.c.obj
 .debug_rnglists
                0x000004bf       0x5e cmake/stm32cubemx/CMakeFiles/STM32_Drivers.dir/__/__/Drivers/STM32F4xx_HAL_Driver/Src/stm32f4xx_hal_rcc_ex.c.obj
 .debug_rnglists
                0x0000051d       0x3f cmake/stm32cubemx/CMakeFiles/STM32_Drivers.dir/__/__/Drivers/STM32F4xx_HAL_Driver/Src/stm32f4xx_hal_gpio.c.obj
 .debug_rnglists
                0x0000055c       0x70 cmake/stm32cubemx/CMakeFiles/STM32_Drivers.dir/__/__/Drivers/STM32F4xx_HAL_Driver/Src/stm32f4xx_hal_dma.c.obj
 .debug_rnglists
                0x000005cc       0xe0 cmake/stm32cubemx/CMakeFiles/STM32_Drivers.dir/__/__/Drivers/STM32F4xx_HAL_Driver/Src/stm32f4xx_hal_cortex.c.obj
 .debug_rnglists
                0x000006ac       0xaf cmake/stm32cubemx/CMakeFiles/STM32_Drivers.dir/__/__/Drivers/STM32F4xx_HAL_Driver/Src/stm32f4xx_hal.c.obj
 .debug_rnglists
                0x0000075b      0x1bc cmake/stm32cubemx/CMakeFiles/STM32_Drivers.dir/__/__/Drivers/STM32F4xx_HAL_Driver/Src/stm32f4xx_hal_uart.c.obj
 .debug_rnglists
                0x00000917       0xa2 CMakeFiles/TEST_ADC_F4.dir/Core/Src/main.c.obj
 .debug_rnglists
                0x000009b9       0x5c CMakeFiles/TEST_ADC_F4.dir/Core/Src/stm32f4xx_it.c.obj
 .debug_rnglists
                0x00000a15       0x33 CMakeFiles/TEST_ADC_F4.dir/Core/Src/stm32f4xx_hal_msp.c.obj
 .debug_rnglists
                0x00000a48       0x19 CMakeFiles/TEST_ADC_F4.dir/startup_stm32f446xx.s.obj
 .debug_rnglists
                0x00000a61       0x13 CMakeFiles/TEST_ADC_F4.dir/Core/Src/modbus_crc.c.obj
 .debug_rnglists
                0x00000a74       0x51 CMakeFiles/TEST_ADC_F4.dir/Core/Src/modbusSlave.c.obj

.debug_macro    0x00000000    0x21565
 .debug_macro   0x00000000      0x1ce cmake/stm32cubemx/CMakeFiles/STM32_Drivers.dir/__/__/Core/Src/system_stm32f4xx.c.obj
 .debug_macro   0x000001ce      0xab4 cmake/stm32cubemx/CMakeFiles/STM32_Drivers.dir/__/__/Core/Src/system_stm32f4xx.c.obj
 .debug_macro   0x00000c82       0x2e cmake/stm32cubemx/CMakeFiles/STM32_Drivers.dir/__/__/Core/Src/system_stm32f4xx.c.obj
 .debug_macro   0x00000cb0       0x28 cmake/stm32cubemx/CMakeFiles/STM32_Drivers.dir/__/__/Core/Src/system_stm32f4xx.c.obj
 .debug_macro   0x00000cd8       0x22 cmake/stm32cubemx/CMakeFiles/STM32_Drivers.dir/__/__/Core/Src/system_stm32f4xx.c.obj
 .debug_macro   0x00000cfa       0x8e cmake/stm32cubemx/CMakeFiles/STM32_Drivers.dir/__/__/Core/Src/system_stm32f4xx.c.obj
 .debug_macro   0x00000d88       0x51 cmake/stm32cubemx/CMakeFiles/STM32_Drivers.dir/__/__/Core/Src/system_stm32f4xx.c.obj
 .debug_macro   0x00000dd9      0x103 cmake/stm32cubemx/CMakeFiles/STM32_Drivers.dir/__/__/Core/Src/system_stm32f4xx.c.obj
 .debug_macro   0x00000edc       0x6a cmake/stm32cubemx/CMakeFiles/STM32_Drivers.dir/__/__/Core/Src/system_stm32f4xx.c.obj
 .debug_macro   0x00000f46      0x1df cmake/stm32cubemx/CMakeFiles/STM32_Drivers.dir/__/__/Core/Src/system_stm32f4xx.c.obj
 .debug_macro   0x00001125       0x1c cmake/stm32cubemx/CMakeFiles/STM32_Drivers.dir/__/__/Core/Src/system_stm32f4xx.c.obj
 .debug_macro   0x00001141       0x22 cmake/stm32cubemx/CMakeFiles/STM32_Drivers.dir/__/__/Core/Src/system_stm32f4xx.c.obj
 .debug_macro   0x00001163       0xfb cmake/stm32cubemx/CMakeFiles/STM32_Drivers.dir/__/__/Core/Src/system_stm32f4xx.c.obj
 .debug_macro   0x0000125e     0x1011 cmake/stm32cubemx/CMakeFiles/STM32_Drivers.dir/__/__/Core/Src/system_stm32f4xx.c.obj
 .debug_macro   0x0000226f      0x11f cmake/stm32cubemx/CMakeFiles/STM32_Drivers.dir/__/__/Core/Src/system_stm32f4xx.c.obj
 .debug_macro   0x0000238e    0x1675e cmake/stm32cubemx/CMakeFiles/STM32_Drivers.dir/__/__/Core/Src/system_stm32f4xx.c.obj
 .debug_macro   0x00018aec       0x6d cmake/stm32cubemx/CMakeFiles/STM32_Drivers.dir/__/__/Core/Src/system_stm32f4xx.c.obj
 .debug_macro   0x00018b59      0x29b cmake/stm32cubemx/CMakeFiles/STM32_Drivers.dir/__/__/Core/Src/system_stm32f4xx.c.obj
 .debug_macro   0x00018df4     0x3693 cmake/stm32cubemx/CMakeFiles/STM32_Drivers.dir/__/__/Core/Src/system_stm32f4xx.c.obj
 .debug_macro   0x0001c487      0x189 cmake/stm32cubemx/CMakeFiles/STM32_Drivers.dir/__/__/Core/Src/system_stm32f4xx.c.obj
 .debug_macro   0x0001c610       0x5c cmake/stm32cubemx/CMakeFiles/STM32_Drivers.dir/__/__/Core/Src/system_stm32f4xx.c.obj
 .debug_macro   0x0001c66c      0xca5 cmake/stm32cubemx/CMakeFiles/STM32_Drivers.dir/__/__/Core/Src/system_stm32f4xx.c.obj
 .debug_macro   0x0001d311      0x9e9 cmake/stm32cubemx/CMakeFiles/STM32_Drivers.dir/__/__/Core/Src/system_stm32f4xx.c.obj
 .debug_macro   0x0001dcfa      0x115 cmake/stm32cubemx/CMakeFiles/STM32_Drivers.dir/__/__/Core/Src/system_stm32f4xx.c.obj
 .debug_macro   0x0001de0f      0x1a0 cmake/stm32cubemx/CMakeFiles/STM32_Drivers.dir/__/__/Core/Src/system_stm32f4xx.c.obj
 .debug_macro   0x0001dfaf       0xa5 cmake/stm32cubemx/CMakeFiles/STM32_Drivers.dir/__/__/Core/Src/system_stm32f4xx.c.obj
 .debug_macro   0x0001e054      0x16d cmake/stm32cubemx/CMakeFiles/STM32_Drivers.dir/__/__/Core/Src/system_stm32f4xx.c.obj
 .debug_macro   0x0001e1c1      0x287 cmake/stm32cubemx/CMakeFiles/STM32_Drivers.dir/__/__/Core/Src/system_stm32f4xx.c.obj
 .debug_macro   0x0001e448       0x5f cmake/stm32cubemx/CMakeFiles/STM32_Drivers.dir/__/__/Core/Src/system_stm32f4xx.c.obj
 .debug_macro   0x0001e4a7      0x236 cmake/stm32cubemx/CMakeFiles/STM32_Drivers.dir/__/__/Core/Src/system_stm32f4xx.c.obj
 .debug_macro   0x0001e6dd      0x132 cmake/stm32cubemx/CMakeFiles/STM32_Drivers.dir/__/__/Core/Src/system_stm32f4xx.c.obj
 .debug_macro   0x0001e80f      0x29c cmake/stm32cubemx/CMakeFiles/STM32_Drivers.dir/__/__/Core/Src/system_stm32f4xx.c.obj
 .debug_macro   0x0001eaab       0x2e cmake/stm32cubemx/CMakeFiles/STM32_Drivers.dir/__/__/Core/Src/system_stm32f4xx.c.obj
 .debug_macro   0x0001ead9      0x127 cmake/stm32cubemx/CMakeFiles/STM32_Drivers.dir/__/__/Core/Src/system_stm32f4xx.c.obj
 .debug_macro   0x0001ec00       0xe8 cmake/stm32cubemx/CMakeFiles/STM32_Drivers.dir/__/__/Core/Src/system_stm32f4xx.c.obj
 .debug_macro   0x0001ece8       0x89 cmake/stm32cubemx/CMakeFiles/STM32_Drivers.dir/__/__/Core/Src/system_stm32f4xx.c.obj
 .debug_macro   0x0001ed71      0x8ed cmake/stm32cubemx/CMakeFiles/STM32_Drivers.dir/__/__/Core/Src/system_stm32f4xx.c.obj
 .debug_macro   0x0001f65e       0x53 cmake/stm32cubemx/CMakeFiles/STM32_Drivers.dir/__/__/Core/Src/system_stm32f4xx.c.obj
 .debug_macro   0x0001f6b1      0x2aa cmake/stm32cubemx/CMakeFiles/STM32_Drivers.dir/__/__/Core/Src/system_stm32f4xx.c.obj
 .debug_macro   0x0001f95b      0x126 cmake/stm32cubemx/CMakeFiles/STM32_Drivers.dir/__/__/Core/Src/system_stm32f4xx.c.obj
 .debug_macro   0x0001fa81      0x1cf cmake/stm32cubemx/CMakeFiles/STM32_Drivers.dir/__/__/Drivers/STM32F4xx_HAL_Driver/Src/stm32f4xx_hal_tim.c.obj
 .debug_macro   0x0001fc50      0x1ce cmake/stm32cubemx/CMakeFiles/STM32_Drivers.dir/__/__/Drivers/STM32F4xx_HAL_Driver/Src/stm32f4xx_hal_tim_ex.c.obj
 .debug_macro   0x0001fe1e      0x1f2 cmake/stm32cubemx/CMakeFiles/STM32_Drivers.dir/__/__/Drivers/STM32F4xx_HAL_Driver/Src/stm32f4xx_hal_rcc.c.obj
 .debug_macro   0x00020010      0x1ce cmake/stm32cubemx/CMakeFiles/STM32_Drivers.dir/__/__/Drivers/STM32F4xx_HAL_Driver/Src/stm32f4xx_hal_rcc_ex.c.obj
 .debug_macro   0x000201de      0x1d4 cmake/stm32cubemx/CMakeFiles/STM32_Drivers.dir/__/__/Drivers/STM32F4xx_HAL_Driver/Src/stm32f4xx_hal_gpio.c.obj
 .debug_macro   0x000203b2      0x1d4 cmake/stm32cubemx/CMakeFiles/STM32_Drivers.dir/__/__/Drivers/STM32F4xx_HAL_Driver/Src/stm32f4xx_hal_dma.c.obj
 .debug_macro   0x00020586      0x1ce cmake/stm32cubemx/CMakeFiles/STM32_Drivers.dir/__/__/Drivers/STM32F4xx_HAL_Driver/Src/stm32f4xx_hal_cortex.c.obj
 .debug_macro   0x00020754      0x22e cmake/stm32cubemx/CMakeFiles/STM32_Drivers.dir/__/__/Drivers/STM32F4xx_HAL_Driver/Src/stm32f4xx_hal.c.obj
 .debug_macro   0x00020982      0x1cf cmake/stm32cubemx/CMakeFiles/STM32_Drivers.dir/__/__/Drivers/STM32F4xx_HAL_Driver/Src/stm32f4xx_hal_uart.c.obj
 .debug_macro   0x00020b51      0x202 CMakeFiles/TEST_ADC_F4.dir/Core/Src/main.c.obj
 .debug_macro   0x00020d53       0x4c CMakeFiles/TEST_ADC_F4.dir/Core/Src/main.c.obj
 .debug_macro   0x00020d9f       0x10 CMakeFiles/TEST_ADC_F4.dir/Core/Src/main.c.obj
 .debug_macro   0x00020daf      0x200 CMakeFiles/TEST_ADC_F4.dir/Core/Src/stm32f4xx_it.c.obj
 .debug_macro   0x00020faf      0x1f6 CMakeFiles/TEST_ADC_F4.dir/Core/Src/stm32f4xx_hal_msp.c.obj
 .debug_macro   0x000211a5       0x63 CMakeFiles/TEST_ADC_F4.dir/Core/Src/modbus_crc.c.obj
 .debug_macro   0x00021208      0x2b9 CMakeFiles/TEST_ADC_F4.dir/Core/Src/modbusSlave.c.obj
 .debug_macro   0x000214c1       0x74 CMakeFiles/TEST_ADC_F4.dir/Core/Src/modbusSlave.c.obj
 .debug_macro   0x00021535       0x10 CMakeFiles/TEST_ADC_F4.dir/Core/Src/modbusSlave.c.obj
 .debug_macro   0x00021545       0x20 CMakeFiles/TEST_ADC_F4.dir/Core/Src/modbusSlave.c.obj

.debug_line     0x00000000     0xfaae
 .debug_line    0x00000000      0x69b cmake/stm32cubemx/CMakeFiles/STM32_Drivers.dir/__/__/Core/Src/system_stm32f4xx.c.obj
 .debug_line    0x0000069b     0x36af cmake/stm32cubemx/CMakeFiles/STM32_Drivers.dir/__/__/Drivers/STM32F4xx_HAL_Driver/Src/stm32f4xx_hal_tim.c.obj
 .debug_line    0x00003d4a     0x1909 cmake/stm32cubemx/CMakeFiles/STM32_Drivers.dir/__/__/Drivers/STM32F4xx_HAL_Driver/Src/stm32f4xx_hal_tim_ex.c.obj
 .debug_line    0x00005653      0xcaa cmake/stm32cubemx/CMakeFiles/STM32_Drivers.dir/__/__/Drivers/STM32F4xx_HAL_Driver/Src/stm32f4xx_hal_rcc.c.obj
 .debug_line    0x000062fd     0x131a cmake/stm32cubemx/CMakeFiles/STM32_Drivers.dir/__/__/Drivers/STM32F4xx_HAL_Driver/Src/stm32f4xx_hal_rcc_ex.c.obj
 .debug_line    0x00007617      0xa8b cmake/stm32cubemx/CMakeFiles/STM32_Drivers.dir/__/__/Drivers/STM32F4xx_HAL_Driver/Src/stm32f4xx_hal_gpio.c.obj
 .debug_line    0x000080a2      0xe83 cmake/stm32cubemx/CMakeFiles/STM32_Drivers.dir/__/__/Drivers/STM32F4xx_HAL_Driver/Src/stm32f4xx_hal_dma.c.obj
 .debug_line    0x00008f25      0xc05 cmake/stm32cubemx/CMakeFiles/STM32_Drivers.dir/__/__/Drivers/STM32F4xx_HAL_Driver/Src/stm32f4xx_hal_cortex.c.obj
 .debug_line    0x00009b2a      0x913 cmake/stm32cubemx/CMakeFiles/STM32_Drivers.dir/__/__/Drivers/STM32F4xx_HAL_Driver/Src/stm32f4xx_hal.c.obj
 .debug_line    0x0000a43d     0x2816 cmake/stm32cubemx/CMakeFiles/STM32_Drivers.dir/__/__/Drivers/STM32F4xx_HAL_Driver/Src/stm32f4xx_hal_uart.c.obj
 .debug_line    0x0000cc53      0xf45 CMakeFiles/TEST_ADC_F4.dir/Core/Src/main.c.obj
 .debug_line    0x0000db98      0x7f6 CMakeFiles/TEST_ADC_F4.dir/Core/Src/stm32f4xx_it.c.obj
 .debug_line    0x0000e38e      0x778 CMakeFiles/TEST_ADC_F4.dir/Core/Src/stm32f4xx_hal_msp.c.obj
 .debug_line    0x0000eb06       0x7a CMakeFiles/TEST_ADC_F4.dir/startup_stm32f446xx.s.obj
 .debug_line    0x0000eb80      0x23b CMakeFiles/TEST_ADC_F4.dir/Core/Src/modbus_crc.c.obj
 .debug_line    0x0000edbb      0xcf3 CMakeFiles/TEST_ADC_F4.dir/Core/Src/modbusSlave.c.obj

.debug_str      0x00000000    0xd057a
 .debug_str     0x00000000    0xc95ac cmake/stm32cubemx/CMakeFiles/STM32_Drivers.dir/__/__/Core/Src/system_stm32f4xx.c.obj
                              0xc983e (size before relaxing)
 .debug_str     0x000c95ac     0x13c3 cmake/stm32cubemx/CMakeFiles/STM32_Drivers.dir/__/__/Drivers/STM32F4xx_HAL_Driver/Src/stm32f4xx_hal_tim.c.obj
                              0xcaba3 (size before relaxing)
 .debug_str     0x000ca96f      0x52e cmake/stm32cubemx/CMakeFiles/STM32_Drivers.dir/__/__/Drivers/STM32F4xx_HAL_Driver/Src/stm32f4xx_hal_tim_ex.c.obj
                              0xca3af (size before relaxing)
 .debug_str     0x000cae9d      0x465 cmake/stm32cubemx/CMakeFiles/STM32_Drivers.dir/__/__/Drivers/STM32F4xx_HAL_Driver/Src/stm32f4xx_hal_rcc.c.obj
                              0xc9c77 (size before relaxing)
 .debug_str     0x000cb302      0x34f cmake/stm32cubemx/CMakeFiles/STM32_Drivers.dir/__/__/Drivers/STM32F4xx_HAL_Driver/Src/stm32f4xx_hal_rcc_ex.c.obj
                              0xc9caa (size before relaxing)
 .debug_str     0x000cb651      0x198 cmake/stm32cubemx/CMakeFiles/STM32_Drivers.dir/__/__/Drivers/STM32F4xx_HAL_Driver/Src/stm32f4xx_hal_gpio.c.obj
                              0xc99b9 (size before relaxing)
 .debug_str     0x000cb7e9      0x31c cmake/stm32cubemx/CMakeFiles/STM32_Drivers.dir/__/__/Drivers/STM32F4xx_HAL_Driver/Src/stm32f4xx_hal_dma.c.obj
                              0xc9c33 (size before relaxing)
 .debug_str     0x000cbb05      0x926 cmake/stm32cubemx/CMakeFiles/STM32_Drivers.dir/__/__/Drivers/STM32F4xx_HAL_Driver/Src/stm32f4xx_hal_cortex.c.obj
                              0xca15a (size before relaxing)
 .debug_str     0x000cc42b      0x5ca cmake/stm32cubemx/CMakeFiles/STM32_Drivers.dir/__/__/Drivers/STM32F4xx_HAL_Driver/Src/stm32f4xx_hal.c.obj
                              0xca403 (size before relaxing)
 .debug_str     0x000cc9f5      0x858 cmake/stm32cubemx/CMakeFiles/STM32_Drivers.dir/__/__/Drivers/STM32F4xx_HAL_Driver/Src/stm32f4xx_hal_uart.c.obj
                              0xca22e (size before relaxing)
 .debug_str     0x000cd24d      0x4b9 CMakeFiles/TEST_ADC_F4.dir/Core/Src/main.c.obj
                              0xcae2f (size before relaxing)
 .debug_str     0x000cd706      0x139 CMakeFiles/TEST_ADC_F4.dir/Core/Src/stm32f4xx_it.c.obj
                              0xca0a5 (size before relaxing)
 .debug_str     0x000cd83f       0x55 CMakeFiles/TEST_ADC_F4.dir/Core/Src/stm32f4xx_hal_msp.c.obj
                              0xca6e4 (size before relaxing)
 .debug_str     0x000cd894       0x60 CMakeFiles/TEST_ADC_F4.dir/startup_stm32f446xx.s.obj
                                 0x9a (size before relaxing)
 .debug_str     0x000cd8f4       0x79 CMakeFiles/TEST_ADC_F4.dir/Core/Src/modbus_crc.c.obj
                               0x3da3 (size before relaxing)
 .debug_str     0x000cd96d     0x2c0d CMakeFiles/TEST_ADC_F4.dir/Core/Src/modbusSlave.c.obj
                              0xcc48f (size before relaxing)

.debug_line_str
                0x00000000       0x7e
 .debug_line_str
                0x00000000       0x7e CMakeFiles/TEST_ADC_F4.dir/startup_stm32f446xx.s.obj
