Archive member included to satisfy reference by file (symbol)

/home/serg50012/stm/CubeCTL/GNU-tools-for-STM32/bin/../lib/gcc/arm-none-eabi/12.3.1/../../../../arm-none-eabi/lib/thumb/v7e-m+fp/hard/libc_nano.a(libc_a-exit.o)
                              /home/serg50012/stm/CubeCTL/GNU-tools-for-STM32/bin/../lib/gcc/arm-none-eabi/12.3.1/../../../../arm-none-eabi/lib/thumb/v7e-m+fp/hard/crt0.o (exit)
/home/serg50012/stm/CubeCTL/GNU-tools-for-STM32/bin/../lib/gcc/arm-none-eabi/12.3.1/../../../../arm-none-eabi/lib/thumb/v7e-m+fp/hard/libc_nano.a(libc_a-findfp.o)
                              /home/serg50012/stm/CubeCTL/GNU-tools-for-STM32/bin/../lib/gcc/arm-none-eabi/12.3.1/../../../../arm-none-eabi/lib/thumb/v7e-m+fp/hard/libc_nano.a(libc_a-exit.o) (__stdio_exit_handler)
/home/serg50012/stm/CubeCTL/GNU-tools-for-STM32/bin/../lib/gcc/arm-none-eabi/12.3.1/../../../../arm-none-eabi/lib/thumb/v7e-m+fp/hard/libc_nano.a(libc_a-fwalk.o)
                              /home/serg50012/stm/CubeCTL/GNU-tools-for-STM32/bin/../lib/gcc/arm-none-eabi/12.3.1/../../../../arm-none-eabi/lib/thumb/v7e-m+fp/hard/libc_nano.a(libc_a-findfp.o) (_fwalk_sglue)
/home/serg50012/stm/CubeCTL/GNU-tools-for-STM32/bin/../lib/gcc/arm-none-eabi/12.3.1/../../../../arm-none-eabi/lib/thumb/v7e-m+fp/hard/libc_nano.a(libc_a-stdio.o)
                              /home/serg50012/stm/CubeCTL/GNU-tools-for-STM32/bin/../lib/gcc/arm-none-eabi/12.3.1/../../../../arm-none-eabi/lib/thumb/v7e-m+fp/hard/libc_nano.a(libc_a-findfp.o) (__sread)
/home/serg50012/stm/CubeCTL/GNU-tools-for-STM32/bin/../lib/gcc/arm-none-eabi/12.3.1/../../../../arm-none-eabi/lib/thumb/v7e-m+fp/hard/libc_nano.a(libc_a-memset.o)
                              /home/serg50012/stm/CubeCTL/GNU-tools-for-STM32/bin/../lib/gcc/arm-none-eabi/12.3.1/../../../../arm-none-eabi/lib/thumb/v7e-m+fp/hard/crt0.o (memset)
/home/serg50012/stm/CubeCTL/GNU-tools-for-STM32/bin/../lib/gcc/arm-none-eabi/12.3.1/../../../../arm-none-eabi/lib/thumb/v7e-m+fp/hard/libc_nano.a(libc_a-closer.o)
                              /home/serg50012/stm/CubeCTL/GNU-tools-for-STM32/bin/../lib/gcc/arm-none-eabi/12.3.1/../../../../arm-none-eabi/lib/thumb/v7e-m+fp/hard/libc_nano.a(libc_a-stdio.o) (_close_r)
/home/serg50012/stm/CubeCTL/GNU-tools-for-STM32/bin/../lib/gcc/arm-none-eabi/12.3.1/../../../../arm-none-eabi/lib/thumb/v7e-m+fp/hard/libc_nano.a(libc_a-reent.o)
                              /home/serg50012/stm/CubeCTL/GNU-tools-for-STM32/bin/../lib/gcc/arm-none-eabi/12.3.1/../../../../arm-none-eabi/lib/thumb/v7e-m+fp/hard/libc_nano.a(libc_a-closer.o) (errno)
/home/serg50012/stm/CubeCTL/GNU-tools-for-STM32/bin/../lib/gcc/arm-none-eabi/12.3.1/../../../../arm-none-eabi/lib/thumb/v7e-m+fp/hard/libc_nano.a(libc_a-impure.o)
                              /home/serg50012/stm/CubeCTL/GNU-tools-for-STM32/bin/../lib/gcc/arm-none-eabi/12.3.1/../../../../arm-none-eabi/lib/thumb/v7e-m+fp/hard/libc_nano.a(libc_a-reent.o) (_impure_ptr)
/home/serg50012/stm/CubeCTL/GNU-tools-for-STM32/bin/../lib/gcc/arm-none-eabi/12.3.1/../../../../arm-none-eabi/lib/thumb/v7e-m+fp/hard/libc_nano.a(libc_a-lseekr.o)
                              /home/serg50012/stm/CubeCTL/GNU-tools-for-STM32/bin/../lib/gcc/arm-none-eabi/12.3.1/../../../../arm-none-eabi/lib/thumb/v7e-m+fp/hard/libc_nano.a(libc_a-stdio.o) (_lseek_r)
/home/serg50012/stm/CubeCTL/GNU-tools-for-STM32/bin/../lib/gcc/arm-none-eabi/12.3.1/../../../../arm-none-eabi/lib/thumb/v7e-m+fp/hard/libc_nano.a(libc_a-readr.o)
                              /home/serg50012/stm/CubeCTL/GNU-tools-for-STM32/bin/../lib/gcc/arm-none-eabi/12.3.1/../../../../arm-none-eabi/lib/thumb/v7e-m+fp/hard/libc_nano.a(libc_a-stdio.o) (_read_r)
/home/serg50012/stm/CubeCTL/GNU-tools-for-STM32/bin/../lib/gcc/arm-none-eabi/12.3.1/../../../../arm-none-eabi/lib/thumb/v7e-m+fp/hard/libc_nano.a(libc_a-writer.o)
                              /home/serg50012/stm/CubeCTL/GNU-tools-for-STM32/bin/../lib/gcc/arm-none-eabi/12.3.1/../../../../arm-none-eabi/lib/thumb/v7e-m+fp/hard/libc_nano.a(libc_a-stdio.o) (_write_r)
/home/serg50012/stm/CubeCTL/GNU-tools-for-STM32/bin/../lib/gcc/arm-none-eabi/12.3.1/../../../../arm-none-eabi/lib/thumb/v7e-m+fp/hard/libc_nano.a(libc_a-init.o)
                              /home/serg50012/stm/CubeCTL/GNU-tools-for-STM32/bin/../lib/gcc/arm-none-eabi/12.3.1/../../../../arm-none-eabi/lib/thumb/v7e-m+fp/hard/crt0.o (__libc_init_array)
/home/serg50012/stm/CubeCTL/GNU-tools-for-STM32/bin/../lib/gcc/arm-none-eabi/12.3.1/../../../../arm-none-eabi/lib/thumb/v7e-m+fp/hard/libc_nano.a(libc_a-lock.o)
                              /home/serg50012/stm/CubeCTL/GNU-tools-for-STM32/bin/../lib/gcc/arm-none-eabi/12.3.1/../../../../arm-none-eabi/lib/thumb/v7e-m+fp/hard/libc_nano.a(libc_a-findfp.o) (__retarget_lock_init_recursive)
/home/serg50012/stm/CubeCTL/GNU-tools-for-STM32/bin/../lib/gcc/arm-none-eabi/12.3.1/../../../../arm-none-eabi/lib/thumb/v7e-m+fp/hard/libc_nano.a(libc_a-freer.o)
[...]
Memory Configuration

Name             Origin             Length             Attributes
RAM              0x20000000         0x00020000         xrw
FLASH            0x08000000         0x00080000         xr
*default*        0x00000000         0xffffffff

Linker script and memory map

LOAD /home/serg50012/stm/CubeCTL/GNU-tools-for-STM32/bin/../lib/gcc/arm-none-eabi/12.3.1/thumb/v7e-m+fp/hard/crti.o
LOAD /home/serg50012/stm/CubeCTL/GNU-tools-for-STM32/bin/../lib/gcc/arm-none-eabi/12.3.1/thumb/v7e-m+fp/hard/crtbegin.o
LOAD /home/serg50012/stm/CubeCTL/GNU-tools-for-STM32/bin/../lib/gcc/arm-none-eabi/12.3.1/../../../../arm-none-eabi/lib/thumb/v7e-m+fp/hard/crt0.o
START GROUP
LOAD /home/serg50012/stm/CubeCTL/GNU-tools-for-STM32/bin/../lib/gcc/arm-none-eabi/12.3.1/../../../../arm-none-eabi/lib/thumb/v7e-m+fp/hard/libc_nano.a
LOAD /home/serg50012/stm/CubeCTL/GNU-tools-for-STM32/bin/../lib/gcc/arm-none-eabi/12.3.1/../../../../arm-none-eabi/lib/thumb/v7e-m+fp/hard/libm.a
END GROUP
LOAD cmake/stm32cubemx/CMakeFiles/STM32_Drivers.dir/__/__/Core/Src/system_stm32f4xx.c.obj
LOAD cmake/stm32cubemx/CMakeFiles/STM32_Drivers.dir/__/__/Drivers/STM32F4xx_HAL_Driver/Src/stm32f4xx_hal_adc.c.obj
LOAD cmake/stm32cubemx/CMakeFiles/STM32_Drivers.dir/__/__/Drivers/STM32F4xx_HAL_Driver/Src/stm32f4xx_hal_adc_ex.c.obj
LOAD cmake/stm32cubemx/CMakeFiles/STM32_Drivers.dir/__/__/Drivers/STM32F4xx_HAL_Driver/Src/stm32f4xx_ll_adc.c.obj
LOAD cmake/stm32cubemx/CMakeFiles/STM32_Drivers.dir/__/__/Drivers/STM32F4xx_HAL_Driver/Src/stm32f4xx_hal_rcc.c.obj
LOAD cmake/stm32cubemx/CMakeFiles/STM32_Drivers.dir/__/__/Drivers/STM32F4xx_HAL_Driver/Src/stm32f4xx_hal_rcc_ex.c.obj
LOAD cmake/stm32cubemx/CMakeFiles/STM32_Drivers.dir/__/__/Drivers/STM32F4xx_HAL_Driver/Src/stm32f4xx_hal_flash.c.obj
LOAD cmake/stm32cubemx/CMakeFiles/STM32_Drivers.dir/__/__/Drivers/STM32F4xx_HAL_Driver/Src/stm32f4xx_hal_flash_ex.c.obj
LOAD cmake/stm32cubemx/CMakeFiles/STM32_Drivers.dir/__/__/Drivers/STM32F4xx_HAL_Driver/Src/stm32f4xx_hal_flash_ramfunc.c.obj
LOAD cmake/stm32cubemx/CMakeFiles/STM32_Drivers.dir/__/__/Drivers/STM32F4xx_HAL_Driver/Src/stm32f4xx_hal_gpio.c.obj
LOAD cmake/stm32cubemx/CMakeFiles/STM32_Drivers.dir/__/__/Drivers/STM32F4xx_HAL_Driver/Src/stm32f4xx_hal_dma_ex.c.obj
LOAD cmake/stm32cubemx/CMakeFiles/STM32_Drivers.dir/__/__/Drivers/STM32F4xx_HAL_Driver/Src/stm32f4xx_hal_dma.c.obj
LOAD cmake/stm32cubemx/CMakeFiles/STM32_Drivers.dir/__/__/Drivers/STM32F4xx_HAL_Driver/Src/stm32f4xx_hal_pwr.c.obj
LOAD cmake/stm32cubemx/CMakeFiles/STM32_Drivers.dir/__/__/Drivers/STM32F4xx_HAL_Driver/Src/stm32f4xx_hal_pwr_ex.c.obj
LOAD cmake/stm32cubemx/CMakeFiles/STM32_Drivers.dir/__/__/Drivers/STM32F4xx_HAL_Driver/Src/stm32f4xx_hal_cortex.c.obj
LOAD cmake/stm32cubemx/CMakeFiles/STM32_Drivers.dir/__/__/Drivers/STM32F4xx_HAL_Driver/Src/stm32f4xx_hal.c.obj
LOAD cmake/stm32cubemx/CMakeFiles/STM32_Drivers.dir/__/__/Drivers/STM32F4xx_HAL_Driver/Src/stm32f4xx_hal_exti.c.obj
LOAD cmake/stm32cubemx/CMakeFiles/STM32_Drivers.dir/__/__/Drivers/STM32F4xx_HAL_Driver/Src/stm32f4xx_hal_tim.c.obj
LOAD cmake/stm32cubemx/CMakeFiles/STM32_Drivers.dir/__/__/Drivers/STM32F4xx_HAL_Driver/Src/stm32f4xx_hal_tim_ex.c.obj
LOAD cmake/stm32cubemx/CMakeFiles/STM32_Drivers.dir/__/__/Drivers/STM32F4xx_HAL_Driver/Src/stm32f4xx_hal_uart.c.obj
LOAD CMakeFiles/TEST_ADC_F4.dir/Core/Src/main.c.obj
LOAD CMakeFiles/TEST_ADC_F4.dir/Core/Src/stm32f4xx_it.c.obj
LOAD CMakeFiles/TEST_ADC_F4.dir/Core/Src/stm32f4xx_hal_msp.c.obj
LOAD CMakeFiles/TEST_ADC_F4.dir/Core/Src/sysmem.c.obj
LOAD CMakeFiles/TEST_ADC_F4.dir/Core/Src/syscalls.c.obj
LOAD CMakeFiles/TEST_ADC_F4.dir/startup_stm32f446xx.s.obj
LOAD CMakeFiles/TEST_ADC_F4.dir/Core/Src/modbus_crc.c.obj
LOAD CMakeFiles/TEST_ADC_F4.dir/Core/Src/modbusSlave.c.obj
START GROUP
LOAD /home/serg50012/stm/CubeCTL/GNU-tools-for-STM32/bin/../lib/gcc/arm-none-eabi/12.3.1/thumb/v7e-m+fp/hard/libgcc.a
LOAD /home/serg50012/stm/CubeCTL/GNU-tools-for-STM32/bin/../lib/gcc/arm-none-eabi/12.3.1/../../../../arm-none-eabi/lib/thumb/v7e-m+fp/hard/libg_nano.a
LOAD /home/serg50012/stm/CubeCTL/GNU-tools-for-STM32/bin/../lib/gcc/arm-none-eabi/12.3.1/../../../../arm-none-eabi/lib/thumb/v7e-m+fp/hard/libc_nano.a
END GROUP
START GROUP
LOAD /home/serg50012/stm/CubeCTL/GNU-tools-for-STM32/bin/../lib/gcc/arm-none-eabi/12.3.1/thumb/v7e-m+fp/hard/libgcc.a
LOAD /home/serg50012/stm/CubeCTL/GNU-tools-for-STM32/bin/../lib/gcc/arm-none-eabi/12.3.1/../../../../arm-none-eabi/lib/thumb/v7e-m+fp/hard/libc_nano.a
END GROUP
LOAD /home/serg50012/stm/CubeCTL/GNU-tools-for-STM32/bin/../lib/gcc/arm-none-eabi/12.3.1/thumb/v7e-m+fp/hard/crtend.o
LOAD /home/serg50012/stm/CubeCTL/GNU-tools-for-STM32/bin/../lib/gcc/arm-none-eabi/12.3.1/thumb/v7e-m+fp/hard/crtn.o
                0x20020000                        _estack = (ORIGIN (RAM) + LENGTH (RAM))
                0x00000200                        _Min_Heap_Size = 0x200
                0x00000400                        _Min_Stack_Size = 0x400

.isr_vector     0x08000000      0x1c4
                0x08000000                        . = ALIGN (0x4)
 *(.isr_vector)
 .isr_vector    0x08000000      0x1c4 CMakeFiles/TEST_ADC_F4.dir/startup_stm32f446xx.s.obj
                0x08000000                g_pfnVectors
                0x080001c4                        . = ALIGN (0x4)

.text           0x080001c4     0x4ecc
                0x080001c4                        . = ALIGN (0x4)
 *(.text)
 .text          0x080001c4       0x40 /home/serg50012/stm/CubeCTL/GNU-tools-for-STM32/bin/../lib/gcc/arm-none-eabi/12.3.1/thumb/v7e-m+fp/hard/crtbegin.o
 .text          0x08000204       0x30 /home/serg50012/stm/CubeCTL/GNU-tools-for-STM32/bin/../lib/gcc/arm-none-eabi/12.3.1/thumb/v7e-m+fp/hard/libgcc.a(_aeabi_uldivmod.o)
                0x08000204                __aeabi_uldivmod
 .text          0x08000234      0x2bc /home/serg50012/stm/CubeCTL/GNU-tools-for-STM32/bin/../lib/gcc/arm-none-eabi/12.3.1/thumb/v7e-m+fp/hard/libgcc.a(_udivmoddi4.o)
                0x08000234                __udivmoddi4
 .text          0x080004f0        0x4 /home/serg50012/stm/CubeCTL/GNU-tools-for-STM32/bin/../lib/gcc/arm-none-eabi/12.3.1/thumb/v7e-m+fp/hard/libgcc.a(_dvmd_tls.o)
                0x080004f0                __aeabi_ldiv0
                0x080004f0                __aeabi_idiv0
 *(.text*)
 .text.memset   0x080004f4       0x10 /home/serg50012/stm/CubeCTL/GNU-tools-for-STM32/bin/../lib/gcc/arm-none-eabi/12.3.1/../../../../arm-none-eabi/lib/thumb/v7e-m+fp/hard/libc_nano.a(libc_a-memset.o)
                0x080004f4                memset
 .text.__libc_init_array
                0x08000504       0x48 /home/serg50012/stm/CubeCTL/GNU-tools-for-STM32/bin/../lib/gcc/arm-none-eabi/12.3.1/../../../../arm-none-eabi/lib/thumb/v7e-m+fp/hard/libc_nano.a(libc_a-init.o)
                0x08000504                __libc_init_array
 .text.SystemInit
                0x0800054c       0x24 cmake/stm32cubemx/CMakeFiles/STM32_Drivers.dir/__/__/Core/Src/system_stm32f4xx.c.obj
                0x0800054c                SystemInit
 .text.HAL_RCC_ClockConfig
                0x08000570      0x1cc cmake/stm32cubemx/CMakeFiles/STM32_Drivers.dir/__/__/Drivers/STM32F4xx_HAL_Driver/Src/stm32f4xx_hal_rcc.c.obj
                0x08000570                HAL_RCC_ClockConfig
 .text.HAL_RCC_GetHCLKFreq
                0x0800073c       0x18 cmake/stm32cubemx/CMakeFiles/STM32_Drivers.dir/__/__/Drivers/STM32F4xx_HAL_Driver/Src/stm32f4xx_hal_rcc.c.obj
                0x0800073c                HAL_RCC_GetHCLKFreq
 .text.HAL_RCC_GetPCLK1Freq
                0x08000754       0x28 cmake/stm32cubemx/CMakeFiles/STM32_Drivers.dir/__/__/Drivers/STM32F4xx_HAL_Driver/Src/stm32f4xx_hal_rcc.c.obj
                0x08000754                HAL_RCC_GetPCLK1Freq
 .text.HAL_RCC_GetPCLK2Freq
                0x0800077c       0x28 cmake/stm32cubemx/CMakeFiles/STM32_Drivers.dir/__/__/Drivers/STM32F4xx_HAL_Driver/Src/stm32f4xx_hal_rcc.c.obj
                0x0800077c                HAL_RCC_GetPCLK2Freq
 .text.HAL_RCC_GetSysClockFreq
                0x080007a4      0x460 cmake/stm32cubemx/CMakeFiles/STM32_Drivers.dir/__/__/Drivers/STM32F4xx_HAL_Driver/Src/stm32f4xx_hal_rcc_ex.c.obj
                0x080007a4                HAL_RCC_GetSysClockFreq
 .text.HAL_RCC_OscConfig
                0x08000c04      0x53c cmake/stm32cubemx/CMakeFiles/STM32_Drivers.dir/__/__/Drivers/STM32F4xx_HAL_Driver/Src/stm32f4xx_hal_rcc_ex.c.obj
                0x08000c04                HAL_RCC_OscConfig
 .text.HAL_GPIO_Init
                0x08001140      0x328 cmake/stm32cubemx/CMakeFiles/STM32_Drivers.dir/__/__/Drivers/STM32F4xx_HAL_Driver/Src/stm32f4xx_hal_gpio.c.obj
                0x08001140                HAL_GPIO_Init
 .text.HAL_GPIO_WritePin
                0x08001468       0x32 cmake/stm32cubemx/CMakeFiles/STM32_Drivers.dir/__/__/Drivers/STM32F4xx_HAL_Driver/Src/stm32f4xx_hal_gpio.c.obj
                0x08001468                HAL_GPIO_WritePin
 .text.HAL_DMA_Abort
                0x0800149a       0xe0 cmake/stm32cubemx/CMakeFiles/STM32_Drivers.dir/__/__/Drivers/STM32F4xx_HAL_Driver/Src/stm32f4xx_hal_dma.c.obj
                0x0800149a                HAL_DMA_Abort
 .text.HAL_DMA_Abort_IT
                0x0800157a       0x44 cmake/stm32cubemx/CMakeFiles/STM32_Drivers.dir/__/__/Drivers/STM32F4xx_HAL_Driver/Src/stm32f4xx_hal_dma.c.obj
                0x0800157a                HAL_DMA_Abort_IT
 *fill*         0x080015be        0x2 
 .text.HAL_DMA_IRQHandler
                0x080015c0      0x314 cmake/stm32cubemx/CMakeFiles/STM32_Drivers.dir/__/__/Drivers/STM32F4xx_HAL_Driver/Src/stm32f4xx_hal_dma.c.obj
                0x080015c0                HAL_DMA_IRQHandler
 .text.__NVIC_SetPriorityGrouping
                0x080018d4       0x48 cmake/stm32cubemx/CMakeFiles/STM32_Drivers.dir/__/__/Drivers/STM32F4xx_HAL_Driver/Src/stm32f4xx_hal_cortex.c.obj
 .text.__NVIC_GetPriorityGrouping
                0x0800191c       0x1c cmake/stm32cubemx/CMakeFiles/STM32_Drivers.dir/__/__/Drivers/STM32F4xx_HAL_Driver/Src/stm32f4xx_hal_cortex.c.obj
 .text.__NVIC_EnableIRQ
                0x08001938       0x3c cmake/stm32cubemx/CMakeFiles/STM32_Drivers.dir/__/__/Drivers/STM32F4xx_HAL_Driver/Src/stm32f4xx_hal_cortex.c.obj
 .text.__NVIC_SetPriority
                0x08001974       0x54 cmake/stm32cubemx/CMakeFiles/STM32_Drivers.dir/__/__/Drivers/STM32F4xx_HAL_Driver/Src/stm32f4xx_hal_cortex.c.obj
 .text.NVIC_EncodePriority
                0x080019c8       0x66 cmake/stm32cubemx/CMakeFiles/STM32_Drivers.dir/__/__/Drivers/STM32F4xx_HAL_Driver/Src/stm32f4xx_hal_cortex.c.obj
 *fill*         0x08001a2e        0x2 
 .text.SysTick_Config
                0x08001a30       0x44 cmake/stm32cubemx/CMakeFiles/STM32_Drivers.dir/__/__/Drivers/STM32F4xx_HAL_Driver/Src/stm32f4xx_hal_cortex.c.obj
 .text.HAL_NVIC_SetPriorityGrouping
                0x08001a74       0x16 cmake/stm32cubemx/CMakeFiles/STM32_Drivers.dir/__/__/Drivers/STM32F4xx_HAL_Driver/Src/stm32f4xx_hal_cortex.c.obj
                0x08001a74                HAL_NVIC_SetPriorityGrouping
 .text.HAL_NVIC_SetPriority
                0x08001a8a       0x38 cmake/stm32cubemx/CMakeFiles/STM32_Drivers.dir/__/__/Drivers/STM32F4xx_HAL_Driver/Src/stm32f4xx_hal_cortex.c.obj
                0x08001a8a                HAL_NVIC_SetPriority
 .text.HAL_NVIC_EnableIRQ
                0x08001ac2       0x1c cmake/stm32cubemx/CMakeFiles/STM32_Drivers.dir/__/__/Drivers/STM32F4xx_HAL_Driver/Src/stm32f4xx_hal_cortex.c.obj
                0x08001ac2                HAL_NVIC_EnableIRQ
 .text.HAL_SYSTICK_Config
                0x08001ade       0x18 cmake/stm32cubemx/CMakeFiles/STM32_Drivers.dir/__/__/Drivers/STM32F4xx_HAL_Driver/Src/stm32f4xx_hal_cortex.c.obj
                0x08001ade                HAL_SYSTICK_Config
 *fill*         0x08001af6        0x2 
 .text.HAL_Init
                0x08001af8       0x44 cmake/stm32cubemx/CMakeFiles/STM32_Drivers.dir/__/__/Drivers/STM32F4xx_HAL_Driver/Src/stm32f4xx_hal.c.obj
                0x08001af8                HAL_Init
 .text.HAL_InitTick
                0x08001b3c       0x60 cmake/stm32cubemx/CMakeFiles/STM32_Drivers.dir/__/__/Drivers/STM32F4xx_HAL_Driver/Src/stm32f4xx_hal.c.obj
                0x08001b3c                HAL_InitTick
 .text.HAL_IncTick
                0x08001b9c       0x28 cmake/stm32cubemx/CMakeFiles/STM32_Drivers.dir/__/__/Drivers/STM32F4xx_HAL_Driver/Src/stm32f4xx_hal.c.obj
                0x08001b9c                HAL_IncTick
 .text.HAL_GetTick
                0x08001bc4       0x18 cmake/stm32cubemx/CMakeFiles/STM32_Drivers.dir/__/__/Drivers/STM32F4xx_HAL_Driver/Src/stm32f4xx_hal.c.obj
                0x08001bc4                HAL_GetTick
 .text.HAL_Delay
                0x08001bdc       0x48 cmake/stm32cubemx/CMakeFiles/STM32_Drivers.dir/__/__/Drivers/STM32F4xx_HAL_Driver/Src/stm32f4xx_hal.c.obj
                0x08001bdc                HAL_Delay
 .text.HAL_TIM_Base_Init
                0x08001c24       0x9e cmake/stm32cubemx/CMakeFiles/STM32_Drivers.dir/__/__/Drivers/STM32F4xx_HAL_Driver/Src/stm32f4xx_hal_tim.c.obj
                0x08001c24                HAL_TIM_Base_Init
 .text.HAL_TIM_OC_Init
                0x08001cc2       0x9e cmake/stm32cubemx/CMakeFiles/STM32_Drivers.dir/__/__/Drivers/STM32F4xx_HAL_Driver/Src/stm32f4xx_hal_tim.c.obj
                0x08001cc2                HAL_TIM_OC_Init
 .text.HAL_TIM_OC_MspInit
                0x08001d60       0x14 cmake/stm32cubemx/CMakeFiles/STM32_Drivers.dir/__/__/Drivers/STM32F4xx_HAL_Driver/Src/stm32f4xx_hal_tim.c.obj
                0x08001d60                HAL_TIM_OC_MspInit
 .text.HAL_TIM_OnePulse_Init
                0x08001d74       0xa0 cmake/stm32cubemx/CMakeFiles/STM32_Drivers.dir/__/__/Drivers/STM32F4xx_HAL_Driver/Src/stm32f4xx_hal_tim.c.obj
                0x08001d74                HAL_TIM_OnePulse_Init
 .text.HAL_TIM_OnePulse_MspInit
                0x08001e14       0x14 cmake/stm32cubemx/CMakeFiles/STM32_Drivers.dir/__/__/Drivers/STM32F4xx_HAL_Driver/Src/stm32f4xx_hal_tim.c.obj
                0x08001e14                HAL_TIM_OnePulse_MspInit
 .text.HAL_TIM_IRQHandler
                0x08001e28      0x1e0 cmake/stm32cubemx/CMakeFiles/STM32_Drivers.dir/__/__/Drivers/STM32F4xx_HAL_Driver/Src/stm32f4xx_hal_tim.c.obj
                0x08001e28                HAL_TIM_IRQHandler
 .text.HAL_TIM_OC_ConfigChannel
                0x08002008       0xb8 cmake/stm32cubemx/CMakeFiles/STM32_Drivers.dir/__/__/Drivers/STM32F4xx_HAL_Driver/Src/stm32f4xx_hal_tim.c.obj
                0x08002008                HAL_TIM_OC_ConfigChannel
 .text.HAL_TIM_ConfigClockSource
                0x080020c0      0x18e cmake/stm32cubemx/CMakeFiles/STM32_Drivers.dir/__/__/Drivers/STM32F4xx_HAL_Driver/Src/stm32f4xx_hal_tim.c.obj
                0x080020c0                HAL_TIM_ConfigClockSource
 .text.HAL_TIM_SlaveConfigSynchro
                0x0800224e       0x84 cmake/stm32cubemx/CMakeFiles/STM32_Drivers.dir/__/__/Drivers/STM32F4xx_HAL_Driver/Src/stm32f4xx_hal_tim.c.obj
                0x0800224e                HAL_TIM_SlaveConfigSynchro
 .text.HAL_TIM_PeriodElapsedCallback
                0x080022d2       0x14 cmake/stm32cubemx/CMakeFiles/STM32_Drivers.dir/__/__/Drivers/STM32F4xx_HAL_Driver/Src/stm32f4xx_hal_tim.c.obj
                0x080022d2                HAL_TIM_PeriodElapsedCallback
 .text.HAL_TIM_OC_DelayElapsedCallback
                0x080022e6       0x14 cmake/stm32cubemx/CMakeFiles/STM32_Drivers.dir/__/__/Drivers/STM32F4xx_HAL_Driver/Src/stm32f4xx_hal_tim.c.obj
                0x080022e6                HAL_TIM_OC_DelayElapsedCallback
 .text.HAL_TIM_IC_CaptureCallback
                0x080022fa       0x14 cmake/stm32cubemx/CMakeFiles/STM32_Drivers.dir/__/__/Drivers/STM32F4xx_HAL_Driver/Src/stm32f4xx_hal_tim.c.obj
                0x080022fa                HAL_TIM_IC_CaptureCallback
 .text.HAL_TIM_PWM_PulseFinishedCallback
                0x0800230e       0x14 cmake/stm32cubemx/CMakeFiles/STM32_Drivers.dir/__/__/Drivers/STM32F4xx_HAL_Driver/Src/stm32f4xx_hal_tim.c.obj
                0x0800230e                HAL_TIM_PWM_PulseFinishedCallback
 .text.HAL_TIM_TriggerCallback
                0x08002322       0x14 cmake/stm32cubemx/CMakeFiles/STM32_Drivers.dir/__/__/Drivers/STM32F4xx_HAL_Driver/Src/stm32f4xx_hal_tim.c.obj
                0x08002322                HAL_TIM_TriggerCallback
 *fill*         0x08002336        0x2 
 .text.TIM_Base_SetConfig
                0x08002338      0x14c cmake/stm32cubemx/CMakeFiles/STM32_Drivers.dir/__/__/Drivers/STM32F4xx_HAL_Driver/Src/stm32f4xx_hal_tim.c.obj
                0x08002338                TIM_Base_SetConfig
 .text.TIM_OC1_SetConfig
                0x08002484       0xe0 cmake/stm32cubemx/CMakeFiles/STM32_Drivers.dir/__/__/Drivers/STM32F4xx_HAL_Driver/Src/stm32f4xx_hal_tim.c.obj
 .text.TIM_OC2_SetConfig
                0x08002564       0xec cmake/stm32cubemx/CMakeFiles/STM32_Drivers.dir/__/__/Drivers/STM32F4xx_HAL_Driver/Src/stm32f4xx_hal_tim.c.obj
                0x08002564                TIM_OC2_SetConfig
 .text.TIM_OC3_SetConfig
                0x08002650       0xe8 cmake/stm32cubemx/CMakeFiles/STM32_Drivers.dir/__/__/Drivers/STM32F4xx_HAL_Driver/Src/stm32f4xx_hal_tim.c.obj
 .text.TIM_OC4_SetConfig
                0x08002738       0xac cmake/stm32cubemx/CMakeFiles/STM32_Drivers.dir/__/__/Drivers/STM32F4xx_HAL_Driver/Src/stm32f4xx_hal_tim.c.obj
 .text.TIM_SlaveTimer_SetConfig
                0x080027e4      0x122 cmake/stm32cubemx/CMakeFiles/STM32_Drivers.dir/__/__/Drivers/STM32F4xx_HAL_Driver/Src/stm32f4xx_hal_tim.c.obj
 .text.TIM_TI1_ConfigInputStage
                0x08002906       0x5e cmake/stm32cubemx/CMakeFiles/STM32_Drivers.dir/__/__/Drivers/STM32F4xx_HAL_Driver/Src/stm32f4xx_hal_tim.c.obj
 .text.TIM_TI2_ConfigInputStage
                0x08002964       0x60 cmake/stm32cubemx/CMakeFiles/STM32_Drivers.dir/__/__/Drivers/STM32F4xx_HAL_Driver/Src/stm32f4xx_hal_tim.c.obj
 .text.TIM_ITRx_SetConfig
                0x080029c4       0x36 cmake/stm32cubemx/CMakeFiles/STM32_Drivers.dir/__/__/Drivers/STM32F4xx_HAL_Driver/Src/stm32f4xx_hal_tim.c.obj
 .text.TIM_ETR_SetConfig
                0x080029fa       0x40 cmake/stm32cubemx/CMakeFiles/STM32_Drivers.dir/__/__/Drivers/STM32F4xx_HAL_Driver/Src/stm32f4xx_hal_tim.c.obj
                0x080029fa                TIM_ETR_SetConfig
 *fill*         0x08002a3a        0x2 
 .text.HAL_TIMEx_MasterConfigSynchronization
                0x08002a3c       0xf8 cmake/stm32cubemx/CMakeFiles/STM32_Drivers.dir/__/__/Drivers/STM32F4xx_HAL_Driver/Src/stm32f4xx_hal_tim_ex.c.obj
                0x08002a3c                HAL_TIMEx_MasterConfigSynchronization
 .text.HAL_TIMEx_CommutCallback
                0x08002b34       0x14 cmake/stm32cubemx/CMakeFiles/STM32_Drivers.dir/__/__/Drivers/STM32F4xx_HAL_Driver/Src/stm32f4xx_hal_tim_ex.c.obj
                0x08002b34                HAL_TIMEx_CommutCallback
 .text.HAL_TIMEx_BreakCallback
                0x08002b48       0x14 cmake/stm32cubemx/CMakeFiles/STM32_Drivers.dir/__/__/Drivers/STM32F4xx_HAL_Driver/Src/stm32f4xx_hal_tim_ex.c.obj
                0x08002b48                HAL_TIMEx_BreakCallback
 .text.HAL_UART_Init
                0x08002b5c       0xa0 cmake/stm32cubemx/CMakeFiles/STM32_Drivers.dir/__/__/Drivers/STM32F4xx_HAL_Driver/Src/stm32f4xx_hal_uart.c.obj
                0x08002b5c                HAL_UART_Init
 .text.HAL_UART_Transmit
                0x08002bfc      0x116 cmake/stm32cubemx/CMakeFiles/STM32_Drivers.dir/__/__/Drivers/STM32F4xx_HAL_Driver/Src/stm32f4xx_hal_uart.c.obj
                0x08002bfc                HAL_UART_Transmit
 .text.HAL_UARTEx_ReceiveToIdle_IT
                0x08002d12       0xba cmake/stm32cubemx/CMakeFiles/STM32_Drivers.dir/__/__/Drivers/STM32F4xx_HAL_Driver/Src/stm32f4xx_hal_uart.c.obj
                0x08002d12                HAL_UARTEx_ReceiveToIdle_IT
 .text.HAL_UART_IRQHandler
                0x08002dcc      0x554 cmake/stm32cubemx/CMakeFiles/STM32_Drivers.dir/__/__/Drivers/STM32F4xx_HAL_Driver/Src/stm32f4xx_hal_uart.c.obj
                0x08002dcc                HAL_UART_IRQHandler
 .text.HAL_UART_TxCpltCallback
                0x08003320       0x14 cmake/stm32cubemx/CMakeFiles/STM32_Drivers.dir/__/__/Drivers/STM32F4xx_HAL_Driver/Src/stm32f4xx_hal_uart.c.obj
                0x08003320                HAL_UART_TxCpltCallback
 .text.HAL_UART_RxCpltCallback
                0x08003334       0x14 cmake/stm32cubemx/CMakeFiles/STM32_Drivers.dir/__/__/Drivers/STM32F4xx_HAL_Driver/Src/stm32f4xx_hal_uart.c.obj
                0x08003334                HAL_UART_RxCpltCallback
 .text.HAL_UART_ErrorCallback
                0x08003348       0x14 cmake/stm32cubemx/CMakeFiles/STM32_Drivers.dir/__/__/Drivers/STM32F4xx_HAL_Driver/Src/stm32f4xx_hal_uart.c.obj
                0x08003348                HAL_UART_ErrorCallback
 .text.UART_WaitOnFlagUntilTimeout
                0x0800335c       0xb2 cmake/stm32cubemx/CMakeFiles/STM32_Drivers.dir/__/__/Drivers/STM32F4xx_HAL_Driver/Src/stm32f4xx_hal_uart.c.obj
 .text.UART_Start_Receive_IT
                0x0800340e       0x74 cmake/stm32cubemx/CMakeFiles/STM32_Drivers.dir/__/__/Drivers/STM32F4xx_HAL_Driver/Src/stm32f4xx_hal_uart.c.obj
                0x0800340e                UART_Start_Receive_IT
 .text.UART_EndRxTransfer
                0x08003482       0xc6 cmake/stm32cubemx/CMakeFiles/STM32_Drivers.dir/__/__/Drivers/STM32F4xx_HAL_Driver/Src/stm32f4xx_hal_uart.c.obj
 .text.UART_DMAAbortOnError
                0x08003548       0x22 cmake/stm32cubemx/CMakeFiles/STM32_Drivers.dir/__/__/Drivers/STM32F4xx_HAL_Driver/Src/stm32f4xx_hal_uart.c.obj
 .text.UART_Transmit_IT
                0x0800356a       0xa0 cmake/stm32cubemx/CMakeFiles/STM32_Drivers.dir/__/__/Drivers/STM32F4xx_HAL_Driver/Src/stm32f4xx_hal_uart.c.obj
 .text.UART_EndTransmit_IT
                0x0800360a       0x30 cmake/stm32cubemx/CMakeFiles/STM32_Drivers.dir/__/__/Drivers/STM32F4xx_HAL_Driver/Src/stm32f4xx_hal_uart.c.obj
 .text.UART_Receive_IT
                0x0800363a      0x17c cmake/stm32cubemx/CMakeFiles/STM32_Drivers.dir/__/__/Drivers/STM32F4xx_HAL_Driver/Src/stm32f4xx_hal_uart.c.obj
 *fill*         0x080037b6        0x2 
 .text.UART_SetConfig
                0x080037b8      0x4e8 cmake/stm32cubemx/CMakeFiles/STM32_Drivers.dir/__/__/Drivers/STM32F4xx_HAL_Driver/Src/stm32f4xx_hal_uart.c.obj
 .text.ADC_init
                0x08003ca0       0x80 CMakeFiles/TEST_ADC_F4.dir/Core/Src/main.c.obj
                0x08003ca0                ADC_init
 .text.HAL_UARTEx_RxEventCallback
                0x08003d20       0xdc CMakeFiles/TEST_ADC_F4.dir/Core/Src/main.c.obj
                0x08003d20                HAL_UARTEx_RxEventCallback
 .text.main     0x08003dfc      0x2a0 CMakeFiles/TEST_ADC_F4.dir/Core/Src/main.c.obj
                0x08003dfc                main
 .text.SystemClock_Config
                0x0800409c       0xd8 CMakeFiles/TEST_ADC_F4.dir/Core/Src/main.c.obj
                0x0800409c                SystemClock_Config
 .text.MX_TIM2_Init
                0x08004174      0x130 CMakeFiles/TEST_ADC_F4.dir/Core/Src/main.c.obj
 .text.MX_UART5_Init
                0x080042a4       0x54 CMakeFiles/TEST_ADC_F4.dir/Core/Src/main.c.obj
 .text.MX_GPIO_Init
                0x080042f8      0x104 CMakeFiles/TEST_ADC_F4.dir/Core/Src/main.c.obj
 .text.Error_Handler
                0x080043fc        0xc CMakeFiles/TEST_ADC_F4.dir/Core/Src/main.c.obj
                0x080043fc                Error_Handler
 .text.NMI_Handler
                0x08004408        0x8 CMakeFiles/TEST_ADC_F4.dir/Core/Src/stm32f4xx_it.c.obj
                0x08004408                NMI_Handler
 .text.HardFault_Handler
                0x08004410        0x8 CMakeFiles/TEST_ADC_F4.dir/Core/Src/stm32f4xx_it.c.obj
                0x08004410                HardFault_Handler
 .text.MemManage_Handler
                0x08004418        0x8 CMakeFiles/TEST_ADC_F4.dir/Core/Src/stm32f4xx_it.c.obj
                0x08004418                MemManage_Handler
 .text.BusFault_Handler
                0x08004420        0x8 CMakeFiles/TEST_ADC_F4.dir/Core/Src/stm32f4xx_it.c.obj
                0x08004420                BusFault_Handler
 .text.UsageFault_Handler
                0x08004428        0x8 CMakeFiles/TEST_ADC_F4.dir/Core/Src/stm32f4xx_it.c.obj
                0x08004428                UsageFault_Handler
 .text.SVC_Handler
                0x08004430        0xe CMakeFiles/TEST_ADC_F4.dir/Core/Src/stm32f4xx_it.c.obj
                0x08004430                SVC_Handler
 .text.DebugMon_Handler
                0x0800443e        0xe CMakeFiles/TEST_ADC_F4.dir/Core/Src/stm32f4xx_it.c.obj
                0x0800443e                DebugMon_Handler
 .text.PendSV_Handler
                0x0800444c        0xe CMakeFiles/TEST_ADC_F4.dir/Core/Src/stm32f4xx_it.c.obj
                0x0800444c                PendSV_Handler
 .text.SysTick_Handler
                0x0800445a        0xc CMakeFiles/TEST_ADC_F4.dir/Core/Src/stm32f4xx_it.c.obj
                0x0800445a                SysTick_Handler
 *fill*         0x08004466        0x2 
 .text.TIM2_IRQHandler
                0x08004468       0x14 CMakeFiles/TEST_ADC_F4.dir/Core/Src/stm32f4xx_it.c.obj
                0x08004468                TIM2_IRQHandler
 .text.UART5_IRQHandler
                0x0800447c       0x14 CMakeFiles/TEST_ADC_F4.dir/Core/Src/stm32f4xx_it.c.obj
                0x0800447c                UART5_IRQHandler
 .text.DMA2_Stream0_IRQHandler
                0x08004490       0x14 CMakeFiles/TEST_ADC_F4.dir/Core/Src/stm32f4xx_it.c.obj
                0x08004490                DMA2_Stream0_IRQHandler
 .text.HAL_MspInit
                0x080044a4       0x50 CMakeFiles/TEST_ADC_F4.dir/Core/Src/stm32f4xx_hal_msp.c.obj
                0x080044a4                HAL_MspInit
 .text.HAL_TIM_Base_MspInit
                0x080044f4       0x94 CMakeFiles/TEST_ADC_F4.dir/Core/Src/stm32f4xx_hal_msp.c.obj
                0x080044f4                HAL_TIM_Base_MspInit
 .text.HAL_UART_MspInit
                0x08004588       0xe0 CMakeFiles/TEST_ADC_F4.dir/Core/Src/stm32f4xx_hal_msp.c.obj
                0x08004588                HAL_UART_MspInit
 .text.Reset_Handler
                0x08004668       0x50 CMakeFiles/TEST_ADC_F4.dir/startup_stm32f446xx.s.obj
                0x08004668                Reset_Handler
 .text.Default_Handler
                0x080046b8        0x2 CMakeFiles/TEST_ADC_F4.dir/startup_stm32f446xx.s.obj
                0x080046b8                RTC_Alarm_IRQHandler
                0x080046b8                EXTI2_IRQHandler
                0x080046b8                TIM8_CC_IRQHandler
                0x080046b8                FMPI2C1_EV_IRQHandler
                0x080046b8                SPI4_IRQHandler
                0x080046b8                TIM1_CC_IRQHandler
                0x080046b8                DMA2_Stream5_IRQHandler
                0x080046b8                DMA1_Stream5_IRQHandler
                0x080046b8                PVD_IRQHandler
                0x080046b8                SDIO_IRQHandler
                0x080046b8                TAMP_STAMP_IRQHandler
                0x080046b8                CAN2_RX1_IRQHandler
                0x080046b8                EXTI3_IRQHandler
                0x080046b8                TIM8_TRG_COM_TIM14_IRQHandler
                0x080046b8                TIM1_UP_TIM10_IRQHandler
                0x080046b8                TIM8_UP_TIM13_IRQHandler
                0x080046b8                I2C3_ER_IRQHandler
                0x080046b8                EXTI0_IRQHandler
                0x080046b8                I2C2_EV_IRQHandler
                0x080046b8                DMA1_Stream2_IRQHandler
                0x080046b8                CAN1_RX0_IRQHandler
                0x080046b8                FPU_IRQHandler
                0x080046b8                OTG_HS_WKUP_IRQHandler
                0x080046b8                CAN2_SCE_IRQHandler
                0x080046b8                DMA2_Stream2_IRQHandler
                0x080046b8                SPI1_IRQHandler
                0x080046b8                TIM6_DAC_IRQHandler
                0x080046b8                TIM1_BRK_TIM9_IRQHandler
                0x080046b8                DCMI_IRQHandler
                0x080046b8                CAN2_RX0_IRQHandler
                0x080046b8                DMA2_Stream3_IRQHandler
                0x080046b8                SAI2_IRQHandler
                0x080046b8                USART6_IRQHandler
                0x080046b8                USART3_IRQHandler
                0x080046b8                CAN1_RX1_IRQHandler
                0x080046b8                TIM4_IRQHandler
                0x080046b8                QUADSPI_IRQHandler
                0x080046b8                I2C1_EV_IRQHandler
                0x080046b8                DMA1_Stream6_IRQHandler
                0x080046b8                DMA1_Stream1_IRQHandler
                0x080046b8                UART4_IRQHandler
                0x080046b8                TIM3_IRQHandler
                0x080046b8                RCC_IRQHandler
                0x080046b8                TIM8_BRK_TIM12_IRQHandler
                0x080046b8                Default_Handler
                0x080046b8                CEC_IRQHandler
                0x080046b8                EXTI15_10_IRQHandler
                0x080046b8                ADC_IRQHandler
                0x080046b8                DMA1_Stream7_IRQHandler
                0x080046b8                TIM7_IRQHandler
                0x080046b8                CAN2_TX_IRQHandler
                0x080046b8                TIM5_IRQHandler
                0x080046b8                DMA2_Stream7_IRQHandler
                0x080046b8                I2C3_EV_IRQHandler
                0x080046b8                EXTI9_5_IRQHandler
                0x080046b8                RTC_WKUP_IRQHandler
                0x080046b8                SPDIF_RX_IRQHandler
                0x080046b8                SPI2_IRQHandler
                0x080046b8                OTG_HS_EP1_IN_IRQHandler
                0x080046b8                DMA1_Stream0_IRQHandler
                0x080046b8                CAN1_TX_IRQHandler
                0x080046b8                FMPI2C1_ER_IRQHandler
                0x080046b8                EXTI4_IRQHandler
                0x080046b8                OTG_HS_EP1_OUT_IRQHandler
                0x080046b8                WWDG_IRQHandler
                0x080046b8                OTG_FS_WKUP_IRQHandler
                0x080046b8                TIM1_TRG_COM_TIM11_IRQHandler
                0x080046b8                OTG_HS_IRQHandler
                0x080046b8                EXTI1_IRQHandler
                0x080046b8                USART2_IRQHandler
                0x080046b8                I2C2_ER_IRQHandler
                0x080046b8                DMA2_Stream1_IRQHandler
                0x080046b8                CAN1_SCE_IRQHandler
                0x080046b8                FLASH_IRQHandler
                0x080046b8                DMA2_Stream4_IRQHandler
                0x080046b8                USART1_IRQHandler
                0x080046b8                OTG_FS_IRQHandler
                0x080046b8                SPI3_IRQHandler
                0x080046b8                DMA1_Stream4_IRQHandler
                0x080046b8                I2C1_ER_IRQHandler
                0x080046b8                FMC_IRQHandler
                0x080046b8                DMA2_Stream6_IRQHandler
                0x080046b8                SAI1_IRQHandler
                0x080046b8                DMA1_Stream3_IRQHandler
 *fill*         0x080046ba        0x2 
 .text.crc16    0x080046bc       0x6c CMakeFiles/TEST_ADC_F4.dir/Core/Src/modbus_crc.c.obj
                0x080046bc                crc16
 .text.sendData
                0x08004728       0x58 CMakeFiles/TEST_ADC_F4.dir/Core/Src/modbusSlave.c.obj
                0x08004728                sendData
 .text.modbusException
                0x08004780       0x40 CMakeFiles/TEST_ADC_F4.dir/Core/Src/modbusSlave.c.obj
                0x08004780                modbusException
 .text.readHoldingRegs
                0x080047c0       0xec CMakeFiles/TEST_ADC_F4.dir/Core/Src/modbusSlave.c.obj
                0x080047c0                readHoldingRegs
 .text.readInputRegs
                0x080048ac       0xec CMakeFiles/TEST_ADC_F4.dir/Core/Src/modbusSlave.c.obj
                0x080048ac                readInputRegs
 .text.readCoils
                0x08004998      0x164 CMakeFiles/TEST_ADC_F4.dir/Core/Src/modbusSlave.c.obj
                0x08004998                readCoils
 .text.readInputs
                0x08004afc      0x16c CMakeFiles/TEST_ADC_F4.dir/Core/Src/modbusSlave.c.obj
                0x08004afc                readInputs
 .text.writeHoldingRegs
                0x08004c68       0xfc CMakeFiles/TEST_ADC_F4.dir/Core/Src/modbusSlave.c.obj
                0x08004c68                writeHoldingRegs
 .text.writeSingleReg
                0x08004d64       0xa0 CMakeFiles/TEST_ADC_F4.dir/Core/Src/modbusSlave.c.obj
                0x08004d64                writeSingleReg
 .text.writeSingleCoil
                0x08004e04      0x104 CMakeFiles/TEST_ADC_F4.dir/Core/Src/modbusSlave.c.obj
                0x08004e04                writeSingleCoil
 .text.writeMultiCoils
                0x08004f08      0x170 CMakeFiles/TEST_ADC_F4.dir/Core/Src/modbusSlave.c.obj
                0x08004f08                writeMultiCoils
 *(.glue_7)
 .glue_7        0x08005078        0x0 linker stubs
 *(.glue_7t)
 .glue_7t       0x08005078        0x0 linker stubs
 *(.eh_frame)
 .eh_frame      0x08005078        0x0 /home/serg50012/stm/CubeCTL/GNU-tools-for-STM32/bin/../lib/gcc/arm-none-eabi/12.3.1/thumb/v7e-m+fp/hard/crtbegin.o
 *(.init)
 .init          0x08005078        0x4 /home/serg50012/stm/CubeCTL/GNU-tools-for-STM32/bin/../lib/gcc/arm-none-eabi/12.3.1/thumb/v7e-m+fp/hard/crti.o
                0x08005078                _init
 .init          0x0800507c        0x8 /home/serg50012/stm/CubeCTL/GNU-tools-for-STM32/bin/../lib/gcc/arm-none-eabi/12.3.1/thumb/v7e-m+fp/hard/crtn.o
 *(.fini)
 .fini          0x08005084        0x4 /home/serg50012/stm/CubeCTL/GNU-tools-for-STM32/bin/../lib/gcc/arm-none-eabi/12.3.1/thumb/v7e-m+fp/hard/crti.o
                0x08005084                _fini
 .fini          0x08005088        0x8 /home/serg50012/stm/CubeCTL/GNU-tools-for-STM32/bin/../lib/gcc/arm-none-eabi/12.3.1/thumb/v7e-m+fp/hard/crtn.o
                0x08005090                        . = ALIGN (0x4)
                0x08005090                        _etext = .

.vfp11_veneer   0x08005090        0x0
 .vfp11_veneer  0x08005090        0x0 linker stubs

.v4_bx          0x08005090        0x0
 .v4_bx         0x08005090        0x0 linker stubs

.iplt           0x08005090        0x0
 .iplt          0x08005090        0x0 /home/serg50012/stm/CubeCTL/GNU-tools-for-STM32/bin/../lib/gcc/arm-none-eabi/12.3.1/thumb/v7e-m+fp/hard/crtbegin.o

.rodata         0x08005090      0x218
                0x08005090                        . = ALIGN (0x4)
 *(.rodata)
 *(.rodata*)
 .rodata.AHBPrescTable
                0x08005090       0x10 cmake/stm32cubemx/CMakeFiles/STM32_Drivers.dir/__/__/Core/Src/system_stm32f4xx.c.obj
                0x08005090                AHBPrescTable
 .rodata.APBPrescTable
                0x080050a0        0x8 cmake/stm32cubemx/CMakeFiles/STM32_Drivers.dir/__/__/Core/Src/system_stm32f4xx.c.obj
                0x080050a0                APBPrescTable
 .rodata.table_crc_hi
                0x080050a8      0x100 CMakeFiles/TEST_ADC_F4.dir/Core/Src/modbus_crc.c.obj
 .rodata.table_crc_lo
                0x080051a8      0x100 CMakeFiles/TEST_ADC_F4.dir/Core/Src/modbus_crc.c.obj
                0x080052a8                        . = ALIGN (0x4)

.ARM.extab      0x080052a8        0x0
                0x080052a8                        . = ALIGN (0x4)
 *(.ARM.extab* .gnu.linkonce.armextab.*)
                0x080052a8                        . = ALIGN (0x4)

.ARM            0x080052a8        0x8
                0x080052a8                        . = ALIGN (0x4)
                0x080052a8                        __exidx_start = .
 *(.ARM.exidx*)
 .ARM.exidx     0x080052a8        0x8 /home/serg50012/stm/CubeCTL/GNU-tools-for-STM32/bin/../lib/gcc/arm-none-eabi/12.3.1/thumb/v7e-m+fp/hard/libgcc.a(_udivmoddi4.o)
                0x080052b0                        __exidx_end = .
                0x080052b0                        . = ALIGN (0x4)

.preinit_array  0x080052b0        0x0
                0x080052b0                        . = ALIGN (0x4)
                0x080052b0                        PROVIDE (__preinit_array_start = .)
 *(.preinit_array*)
                0x080052b0                        PROVIDE (__preinit_array_end = .)
                0x080052b0                        . = ALIGN (0x4)

.init_array     0x080052b0        0x4
                0x080052b0                        . = ALIGN (0x4)
                0x080052b0                        PROVIDE (__init_array_start = .)
 *(SORT_BY_NAME(.init_array.*))
 *(.init_array*)
 .init_array    0x080052b0        0x4 /home/serg50012/stm/CubeCTL/GNU-tools-for-STM32/bin/../lib/gcc/arm-none-eabi/12.3.1/thumb/v7e-m+fp/hard/crtbegin.o
                0x080052b4                        PROVIDE (__init_array_end = .)
                0x080052b4                        . = ALIGN (0x4)

.fini_array     0x080052b4        0x4
                0x080052b4                        . = ALIGN (0x4)
                [!provide]                        PROVIDE (__fini_array_start = .)
 *(SORT_BY_NAME(.fini_array.*))
 *(.fini_array*)
 .fini_array    0x080052b4        0x4 /home/serg50012/stm/CubeCTL/GNU-tools-for-STM32/bin/../lib/gcc/arm-none-eabi/12.3.1/thumb/v7e-m+fp/hard/crtbegin.o
                [!provide]                        PROVIDE (__fini_array_end = .)
                0x080052b8                        . = ALIGN (0x4)
                0x080052b8                        _sidata = LOADADDR (.data)

.rel.dyn        0x080052b8        0x0
 .rel.iplt      0x080052b8        0x0 /home/serg50012/stm/CubeCTL/GNU-tools-for-STM32/bin/../lib/gcc/arm-none-eabi/12.3.1/thumb/v7e-m+fp/hard/crtbegin.o

.data           0x20000000        0xc load address 0x080052b8
                0x20000000                        . = ALIGN (0x4)
                0x20000000                        _sdata = .
 *(.data)
 *(.data*)
 .data.SystemCoreClock
                0x20000000        0x4 cmake/stm32cubemx/CMakeFiles/STM32_Drivers.dir/__/__/Core/Src/system_stm32f4xx.c.obj
                0x20000000                SystemCoreClock
 .data.uwTickPrio
                0x20000004        0x4 cmake/stm32cubemx/CMakeFiles/STM32_Drivers.dir/__/__/Drivers/STM32F4xx_HAL_Driver/Src/stm32f4xx_hal.c.obj
                0x20000004                uwTickPrio
 .data.uwTickFreq
                0x20000008        0x1 cmake/stm32cubemx/CMakeFiles/STM32_Drivers.dir/__/__/Drivers/STM32F4xx_HAL_Driver/Src/stm32f4xx_hal.c.obj
                0x20000008                uwTickFreq
 *(.RamFunc)
 *(.RamFunc*)
                0x2000000c                        . = ALIGN (0x4)
 *fill*         0x20000009        0x3 
                0x2000000c                        _edata = .

.igot.plt       0x2000000c        0x0 load address 0x080052c4
 .igot.plt      0x2000000c        0x0 /home/serg50012/stm/CubeCTL/GNU-tools-for-STM32/bin/../lib/gcc/arm-none-eabi/12.3.1/thumb/v7e-m+fp/hard/crtbegin.o
                0x2000000c                        . = ALIGN (0x4)

.bss            0x2000000c      0xce8 load address 0x080052c4
                0x2000000c                        _sbss = .
                0x2000000c                        __bss_start__ = _sbss
 *(.bss)
 .bss           0x2000000c       0x1c /home/serg50012/stm/CubeCTL/GNU-tools-for-STM32/bin/../lib/gcc/arm-none-eabi/12.3.1/thumb/v7e-m+fp/hard/crtbegin.o
 *(.bss*)
 .bss.uwTick    0x20000028        0x4 cmake/stm32cubemx/CMakeFiles/STM32_Drivers.dir/__/__/Drivers/STM32F4xx_HAL_Driver/Src/stm32f4xx_hal.c.obj
                0x20000028                uwTick
 .bss.hdma_adc1
                0x2000002c       0x60 CMakeFiles/TEST_ADC_F4.dir/Core/Src/main.c.obj
                0x2000002c                hdma_adc1
 .bss.htim2     0x2000008c       0x48 CMakeFiles/TEST_ADC_F4.dir/Core/Src/main.c.obj
                0x2000008c                htim2
 .bss.huart5    0x200000d4       0x48 CMakeFiles/TEST_ADC_F4.dir/Core/Src/main.c.obj
                0x200000d4                huart5
 .bss.VREFINT_CAL
                0x2000011c        0x2 CMakeFiles/TEST_ADC_F4.dir/Core/Src/main.c.obj
                0x2000011c                VREFINT_CAL
 .bss.vdda      0x2000011e        0x2 CMakeFiles/TEST_ADC_F4.dir/Core/Src/main.c.obj
                0x2000011e                vdda
 .bss.frame     0x20000120      0x480 CMakeFiles/TEST_ADC_F4.dir/Core/Src/main.c.obj
                0x20000120                frame
 .bss.frame_8int_V
                0x200005a0      0x480 CMakeFiles/TEST_ADC_F4.dir/Core/Src/main.c.obj
                0x200005a0                frame_8int_V
 .bss.buf       0x20000a20        0x8 CMakeFiles/TEST_ADC_F4.dir/Core/Src/main.c.obj
                0x20000a20                buf
 .bss.RxData    0x20000a28      0x100 CMakeFiles/TEST_ADC_F4.dir/Core/Src/main.c.obj
                0x20000a28                RxData
 .bss.TxData    0x20000b28      0x100 CMakeFiles/TEST_ADC_F4.dir/Core/Src/main.c.obj
                0x20000b28                TxData
 .bss.usRegInputBuf
                0x20000c28       0x74 CMakeFiles/TEST_ADC_F4.dir/Core/Src/modbusSlave.c.obj
                0x20000c28                usRegInputBuf
 .bss.usRegHoldingBuf
                0x20000c9c       0x4e CMakeFiles/TEST_ADC_F4.dir/Core/Src/modbusSlave.c.obj
                0x20000c9c                usRegHoldingBuf
 *fill*         0x20000cea        0x2 
 .bss.usCoilsBuf
                0x20000cec        0x2 CMakeFiles/TEST_ADC_F4.dir/Core/Src/modbusSlave.c.obj
                0x20000cec                usCoilsBuf
 *fill*         0x20000cee        0x2 
 .bss.usDiscreteBuf
                0x20000cf0        0x2 CMakeFiles/TEST_ADC_F4.dir/Core/Src/modbusSlave.c.obj
                0x20000cf0                usDiscreteBuf
 *(COMMON)
                0x20000cf4                        . = ALIGN (0x4)
 *fill*         0x20000cf2        0x2 
                0x20000cf4                        _ebss = .
                0x20000cf4                        __bss_end__ = _ebss

._user_heap_stack
                0x20000cf4      0x604 load address 0x080052c4
                0x20000cf8                        . = ALIGN (0x8)
 *fill*         0x20000cf4        0x4 
                [!provide]                        PROVIDE (end = .)
                0x20000cf8                        PROVIDE (_end = .)
                0x20000ef8                        . = (. + _Min_Heap_Size)
 *fill*         0x20000cf8      0x200 
                0x200012f8                        . = (. + _Min_Stack_Size)
 *fill*         0x20000ef8      0x400 
                0x200012f8                        . = ALIGN (0x8)

/DISCARD/
 libc.a(*)
 libm.a(*)
 libgcc.a(*)
OUTPUT(TEST_ADC_F4.elf elf32-littlearm)
LOAD linker stubs
LOAD /home/serg50012/stm/CubeCTL/GNU-tools-for-STM32/bin/../lib/gcc/arm-none-eabi/12.3.1/../../../../arm-none-eabi/lib/thumb/v7e-m+fp/hard/libc.a
LOAD /home/serg50012/stm/CubeCTL/GNU-tools-for-STM32/bin/../lib/gcc/arm-none-eabi/12.3.1/../../../../arm-none-eabi/lib/thumb/v7e-m+fp/hard/libm.a
LOAD /home/serg50012/stm/CubeCTL/GNU-tools-for-STM32/bin/../lib/gcc/arm-none-eabi/12.3.1/thumb/v7e-m+fp/hard/libgcc.a

.ARM.attributes
                0x00000000       0x30
 .ARM.attributes
                0x00000000       0x22 /home/serg50012/stm/CubeCTL/GNU-tools-for-STM32/bin/../lib/gcc/arm-none-eabi/12.3.1/thumb/v7e-m+fp/hard/crti.o
 .ARM.attributes
                0x00000022       0x34 /home/serg50012/stm/CubeCTL/GNU-tools-for-STM32/bin/../lib/gcc/arm-none-eabi/12.3.1/thumb/v7e-m+fp/hard/crtbegin.o
 .ARM.attributes
                0x00000056       0x34 /home/serg50012/stm/CubeCTL/GNU-tools-for-STM32/bin/../lib/gcc/arm-none-eabi/12.3.1/../../../../arm-none-eabi/lib/thumb/v7e-m+fp/hard/libc_nano.a(libc_a-memset.o)
 .ARM.attributes
                0x0000008a       0x34 /home/serg50012/stm/CubeCTL/GNU-tools-for-STM32/bin/../lib/gcc/arm-none-eabi/12.3.1/../../../../arm-none-eabi/lib/thumb/v7e-m+fp/hard/libc_nano.a(libc_a-init.o)
 .ARM.attributes
                0x000000be       0x34 cmake/stm32cubemx/CMakeFiles/STM32_Drivers.dir/__/__/Core/Src/system_stm32f4xx.c.obj
 .ARM.attributes
                0x000000f2       0x34 cmake/stm32cubemx/CMakeFiles/STM32_Drivers.dir/__/__/Drivers/STM32F4xx_HAL_Driver/Src/stm32f4xx_hal_rcc.c.obj
 .ARM.attributes
                0x00000126       0x34 cmake/stm32cubemx/CMakeFiles/STM32_Drivers.dir/__/__/Drivers/STM32F4xx_HAL_Driver/Src/stm32f4xx_hal_rcc_ex.c.obj
 .ARM.attributes
                0x0000015a       0x34 cmake/stm32cubemx/CMakeFiles/STM32_Drivers.dir/__/__/Drivers/STM32F4xx_HAL_Driver/Src/stm32f4xx_hal_gpio.c.obj
 .ARM.attributes
                0x0000018e       0x34 cmake/stm32cubemx/CMakeFiles/STM32_Drivers.dir/__/__/Drivers/STM32F4xx_HAL_Driver/Src/stm32f4xx_hal_dma.c.obj
 .ARM.attributes
                0x000001c2       0x34 cmake/stm32cubemx/CMakeFiles/STM32_Drivers.dir/__/__/Drivers/STM32F4xx_HAL_Driver/Src/stm32f4xx_hal_cortex.c.obj
 .ARM.attributes
                0x000001f6       0x34 cmake/stm32cubemx/CMakeFiles/STM32_Drivers.dir/__/__/Drivers/STM32F4xx_HAL_Driver/Src/stm32f4xx_hal.c.obj
 .ARM.attributes
                0x0000022a       0x34 cmake/stm32cubemx/CMakeFiles/STM32_Drivers.dir/__/__/Drivers/STM32F4xx_HAL_Driver/Src/stm32f4xx_hal_tim.c.obj
 .ARM.attributes
                0x0000025e       0x34 cmake/stm32cubemx/CMakeFiles/STM32_Drivers.dir/__/__/Drivers/STM32F4xx_HAL_Driver/Src/stm32f4xx_hal_tim_ex.c.obj
 .ARM.attributes
                0x00000292       0x34 cmake/stm32cubemx/CMakeFiles/STM32_Drivers.dir/__/__/Drivers/STM32F4xx_HAL_Driver/Src/stm32f4xx_hal_uart.c.obj
 .ARM.attributes
                0x000002c6       0x34 CMakeFiles/TEST_ADC_F4.dir/Core/Src/main.c.obj
 .ARM.attributes
                0x000002fa       0x34 CMakeFiles/TEST_ADC_F4.dir/Core/Src/stm32f4xx_it.c.obj
 .ARM.attributes
                0x0000032e       0x34 CMakeFiles/TEST_ADC_F4.dir/Core/Src/stm32f4xx_hal_msp.c.obj
 .ARM.attributes
                0x00000362       0x21 CMakeFiles/TEST_ADC_F4.dir/startup_stm32f446xx.s.obj
 .ARM.attributes
                0x00000383       0x34 CMakeFiles/TEST_ADC_F4.dir/Core/Src/modbus_crc.c.obj
 .ARM.attributes
                0x000003b7       0x34 CMakeFiles/TEST_ADC_F4.dir/Core/Src/modbusSlave.c.obj
 .ARM.attributes
                0x000003eb       0x22 /home/serg50012/stm/CubeCTL/GNU-tools-for-STM32/bin/../lib/gcc/arm-none-eabi/12.3.1/thumb/v7e-m+fp/hard/libgcc.a(_aeabi_uldivmod.o)
 .ARM.attributes
                0x0000040d       0x34 /home/serg50012/stm/CubeCTL/GNU-tools-for-STM32/bin/../lib/gcc/arm-none-eabi/12.3.1/thumb/v7e-m+fp/hard/libgcc.a(_udivmoddi4.o)
 .ARM.attributes
                0x00000441       0x22 /home/serg50012/stm/CubeCTL/GNU-tools-for-STM32/bin/../lib/gcc/arm-none-eabi/12.3.1/thumb/v7e-m+fp/hard/libgcc.a(_dvmd_tls.o)
 .ARM.attributes
                0x00000463       0x22 /home/serg50012/stm/CubeCTL/GNU-tools-for-STM32/bin/../lib/gcc/arm-none-eabi/12.3.1/thumb/v7e-m+fp/hard/crtn.o

.comment        0x00000000       0x43
 .comment       0x00000000       0x43 cmake/stm32cubemx/CMakeFiles/STM32_Drivers.dir/__/__/Core/Src/system_stm32f4xx.c.obj
                                 0x44 (size before relaxing)
 .comment       0x00000043       0x44 cmake/stm32cubemx/CMakeFiles/STM32_Drivers.dir/__/__/Drivers/STM32F4xx_HAL_Driver/Src/stm32f4xx_hal_rcc.c.obj
 .comment       0x00000043       0x44 cmake/stm32cubemx/CMakeFiles/STM32_Drivers.dir/__/__/Drivers/STM32F4xx_HAL_Driver/Src/stm32f4xx_hal_rcc_ex.c.obj
 .comment       0x00000043       0x44 cmake/stm32cubemx/CMakeFiles/STM32_Drivers.dir/__/__/Drivers/STM32F4xx_HAL_Driver/Src/stm32f4xx_hal_gpio.c.obj
 .comment       0x00000043       0x44 cmake/stm32cubemx/CMakeFiles/STM32_Drivers.dir/__/__/Drivers/STM32F4xx_HAL_Driver/Src/stm32f4xx_hal_dma.c.obj
 .comment       0x00000043       0x44 cmake/stm32cubemx/CMakeFiles/STM32_Drivers.dir/__/__/Drivers/STM32F4xx_HAL_Driver/Src/stm32f4xx_hal_cortex.c.obj
 .comment       0x00000043       0x44 cmake/stm32cubemx/CMakeFiles/STM32_Drivers.dir/__/__/Drivers/STM32F4xx_HAL_Driver/Src/stm32f4xx_hal.c.obj
 .comment       0x00000043       0x44 cmake/stm32cubemx/CMakeFiles/STM32_Drivers.dir/__/__/Drivers/STM32F4xx_HAL_Driver/Src/stm32f4xx_hal_tim.c.obj
 .comment       0x00000043       0x44 cmake/stm32cubemx/CMakeFiles/STM32_Drivers.dir/__/__/Drivers/STM32F4xx_HAL_Driver/Src/stm32f4xx_hal_tim_ex.c.obj
 .comment       0x00000043       0x44 cmake/stm32cubemx/CMakeFiles/STM32_Drivers.dir/__/__/Drivers/STM32F4xx_HAL_Driver/Src/stm32f4xx_hal_uart.c.obj
 .comment       0x00000043       0x44 CMakeFiles/TEST_ADC_F4.dir/Core/Src/main.c.obj
 .comment       0x00000043       0x44 CMakeFiles/TEST_ADC_F4.dir/Core/Src/stm32f4xx_it.c.obj
 .comment       0x00000043       0x44 CMakeFiles/TEST_ADC_F4.dir/Core/Src/stm32f4xx_hal_msp.c.obj
 .comment       0x00000043       0x44 CMakeFiles/TEST_ADC_F4.dir/Core/Src/modbus_crc.c.obj
 .comment       0x00000043       0x44 CMakeFiles/TEST_ADC_F4.dir/Core/Src/modbusSlave.c.obj

.debug_frame    0x00000000     0x3824
 .debug_frame   0x00000000       0x20 /home/serg50012/stm/CubeCTL/GNU-tools-for-STM32/bin/../lib/gcc/arm-none-eabi/12.3.1/../../../../arm-none-eabi/lib/thumb/v7e-m+fp/hard/libc_nano.a(libc_a-memset.o)
 .debug_frame   0x00000020       0x2c /home/serg50012/stm/CubeCTL/GNU-tools-for-STM32/bin/../lib/gcc/arm-none-eabi/12.3.1/../../../../arm-none-eabi/lib/thumb/v7e-m+fp/hard/libc_nano.a(libc_a-init.o)
 .debug_frame   0x0000004c       0x58 cmake/stm32cubemx/CMakeFiles/STM32_Drivers.dir/__/__/Core/Src/system_stm32f4xx.c.obj
 .debug_frame   0x000000a4      0x1f4 cmake/stm32cubemx/CMakeFiles/STM32_Drivers.dir/__/__/Drivers/STM32F4xx_HAL_Driver/Src/stm32f4xx_hal_rcc.c.obj
 .debug_frame   0x00000298      0x1e8 cmake/stm32cubemx/CMakeFiles/STM32_Drivers.dir/__/__/Drivers/STM32F4xx_HAL_Driver/Src/stm32f4xx_hal_rcc_ex.c.obj
 .debug_frame   0x00000480      0x14c cmake/stm32cubemx/CMakeFiles/STM32_Drivers.dir/__/__/Drivers/STM32F4xx_HAL_Driver/Src/stm32f4xx_hal_gpio.c.obj
 .debug_frame   0x000005cc      0x250 cmake/stm32cubemx/CMakeFiles/STM32_Drivers.dir/__/__/Drivers/STM32F4xx_HAL_Driver/Src/stm32f4xx_hal_dma.c.obj
 .debug_frame   0x0000081c      0x508 cmake/stm32cubemx/CMakeFiles/STM32_Drivers.dir/__/__/Drivers/STM32F4xx_HAL_Driver/Src/stm32f4xx_hal_cortex.c.obj
 .debug_frame   0x00000d24      0x374 cmake/stm32cubemx/CMakeFiles/STM32_Drivers.dir/__/__/Drivers/STM32F4xx_HAL_Driver/Src/stm32f4xx_hal.c.obj
 .debug_frame   0x00001098     0x11c0 cmake/stm32cubemx/CMakeFiles/STM32_Drivers.dir/__/__/Drivers/STM32F4xx_HAL_Driver/Src/stm32f4xx_hal_tim.c.obj
 .debug_frame   0x00002258      0x638 cmake/stm32cubemx/CMakeFiles/STM32_Drivers.dir/__/__/Drivers/STM32F4xx_HAL_Driver/Src/stm32f4xx_hal_tim_ex.c.obj
 .debug_frame   0x00002890      0x954 cmake/stm32cubemx/CMakeFiles/STM32_Drivers.dir/__/__/Drivers/STM32F4xx_HAL_Driver/Src/stm32f4xx_hal_uart.c.obj
 .debug_frame   0x000031e4      0x1c8 CMakeFiles/TEST_ADC_F4.dir/Core/Src/main.c.obj
 .debug_frame   0x000033ac      0x158 CMakeFiles/TEST_ADC_F4.dir/Core/Src/stm32f4xx_it.c.obj
 .debug_frame   0x00003504      0x110 CMakeFiles/TEST_ADC_F4.dir/Core/Src/stm32f4xx_hal_msp.c.obj
 .debug_frame   0x00003614       0x38 CMakeFiles/TEST_ADC_F4.dir/Core/Src/modbus_crc.c.obj
 .debug_frame   0x0000364c      0x178 CMakeFiles/TEST_ADC_F4.dir/Core/Src/modbusSlave.c.obj
 .debug_frame   0x000037c4       0x2c /home/serg50012/stm/CubeCTL/GNU-tools-for-STM32/bin/../lib/gcc/arm-none-eabi/12.3.1/thumb/v7e-m+fp/hard/libgcc.a(_aeabi_uldivmod.o)
 .debug_frame   0x000037f0       0x34 /home/serg50012/stm/CubeCTL/GNU-tools-for-STM32/bin/../lib/gcc/arm-none-eabi/12.3.1/thumb/v7e-m+fp/hard/libgcc.a(_udivmoddi4.o)

.debug_info     0x00000000     0xf3c9
 .debug_info    0x00000000      0x54a cmake/stm32cubemx/CMakeFiles/STM32_Drivers.dir/__/__/Core/Src/system_stm32f4xx.c.obj
 .debug_info    0x0000054a      0x8ff cmake/stm32cubemx/CMakeFiles/STM32_Drivers.dir/__/__/Drivers/STM32F4xx_HAL_Driver/Src/stm32f4xx_hal_rcc.c.obj
 .debug_info    0x00000e49      0x960 cmake/stm32cubemx/CMakeFiles/STM32_Drivers.dir/__/__/Drivers/STM32F4xx_HAL_Driver/Src/stm32f4xx_hal_rcc_ex.c.obj
 .debug_info    0x000017a9      0x70b cmake/stm32cubemx/CMakeFiles/STM32_Drivers.dir/__/__/Drivers/STM32F4xx_HAL_Driver/Src/stm32f4xx_hal_gpio.c.obj
 .debug_info    0x00001eb4      0x8e7 cmake/stm32cubemx/CMakeFiles/STM32_Drivers.dir/__/__/Drivers/STM32F4xx_HAL_Driver/Src/stm32f4xx_hal_dma.c.obj
 .debug_info    0x0000279b      0xdaa cmake/stm32cubemx/CMakeFiles/STM32_Drivers.dir/__/__/Drivers/STM32F4xx_HAL_Driver/Src/stm32f4xx_hal_cortex.c.obj
 .debug_info    0x00003545      0x99a cmake/stm32cubemx/CMakeFiles/STM32_Drivers.dir/__/__/Drivers/STM32F4xx_HAL_Driver/Src/stm32f4xx_hal.c.obj
 .debug_info    0x00003edf     0x299d cmake/stm32cubemx/CMakeFiles/STM32_Drivers.dir/__/__/Drivers/STM32F4xx_HAL_Driver/Src/stm32f4xx_hal_tim.c.obj
 .debug_info    0x0000687c     0x14db cmake/stm32cubemx/CMakeFiles/STM32_Drivers.dir/__/__/Drivers/STM32F4xx_HAL_Driver/Src/stm32f4xx_hal_tim_ex.c.obj
 .debug_info    0x00007d57     0x2f4f cmake/stm32cubemx/CMakeFiles/STM32_Drivers.dir/__/__/Drivers/STM32F4xx_HAL_Driver/Src/stm32f4xx_hal_uart.c.obj
 .debug_info    0x0000aca6     0x1e8a CMakeFiles/TEST_ADC_F4.dir/Core/Src/main.c.obj
 .debug_info    0x0000cb30      0x9bb CMakeFiles/TEST_ADC_F4.dir/Core/Src/stm32f4xx_it.c.obj
 .debug_info    0x0000d4eb     0x1324 CMakeFiles/TEST_ADC_F4.dir/Core/Src/stm32f4xx_hal_msp.c.obj
 .debug_info    0x0000e80f       0x30 CMakeFiles/TEST_ADC_F4.dir/startup_stm32f446xx.s.obj
 .debug_info    0x0000e83f      0x143 CMakeFiles/TEST_ADC_F4.dir/Core/Src/modbus_crc.c.obj
 .debug_info    0x0000e982      0xa47 CMakeFiles/TEST_ADC_F4.dir/Core/Src/modbusSlave.c.obj

.debug_abbrev   0x00000000     0x220a
 .debug_abbrev  0x00000000      0x11a cmake/stm32cubemx/CMakeFiles/STM32_Drivers.dir/__/__/Core/Src/system_stm32f4xx.c.obj
 .debug_abbrev  0x0000011a      0x2b7 cmake/stm32cubemx/CMakeFiles/STM32_Drivers.dir/__/__/Drivers/STM32F4xx_HAL_Driver/Src/stm32f4xx_hal_rcc.c.obj
 .debug_abbrev  0x000003d1      0x211 cmake/stm32cubemx/CMakeFiles/STM32_Drivers.dir/__/__/Drivers/STM32F4xx_HAL_Driver/Src/stm32f4xx_hal_rcc_ex.c.obj
 .debug_abbrev  0x000005e2      0x1d4 cmake/stm32cubemx/CMakeFiles/STM32_Drivers.dir/__/__/Drivers/STM32F4xx_HAL_Driver/Src/stm32f4xx_hal_gpio.c.obj
 .debug_abbrev  0x000007b6      0x264 cmake/stm32cubemx/CMakeFiles/STM32_Drivers.dir/__/__/Drivers/STM32F4xx_HAL_Driver/Src/stm32f4xx_hal_dma.c.obj
 .debug_abbrev  0x00000a1a      0x31d cmake/stm32cubemx/CMakeFiles/STM32_Drivers.dir/__/__/Drivers/STM32F4xx_HAL_Driver/Src/stm32f4xx_hal_cortex.c.obj
 .debug_abbrev  0x00000d37      0x214 cmake/stm32cubemx/CMakeFiles/STM32_Drivers.dir/__/__/Drivers/STM32F4xx_HAL_Driver/Src/stm32f4xx_hal.c.obj
 .debug_abbrev  0x00000f4b      0x278 cmake/stm32cubemx/CMakeFiles/STM32_Drivers.dir/__/__/Drivers/STM32F4xx_HAL_Driver/Src/stm32f4xx_hal_tim.c.obj
 .debug_abbrev  0x000011c3      0x283 cmake/stm32cubemx/CMakeFiles/STM32_Drivers.dir/__/__/Drivers/STM32F4xx_HAL_Driver/Src/stm32f4xx_hal_tim_ex.c.obj
 .debug_abbrev  0x00001446      0x30e cmake/stm32cubemx/CMakeFiles/STM32_Drivers.dir/__/__/Drivers/STM32F4xx_HAL_Driver/Src/stm32f4xx_hal_uart.c.obj
 .debug_abbrev  0x00001754      0x3c2 CMakeFiles/TEST_ADC_F4.dir/Core/Src/main.c.obj
 .debug_abbrev  0x00001b16      0x19b CMakeFiles/TEST_ADC_F4.dir/Core/Src/stm32f4xx_it.c.obj
 .debug_abbrev  0x00001cb1      0x249 CMakeFiles/TEST_ADC_F4.dir/Core/Src/stm32f4xx_hal_msp.c.obj
 .debug_abbrev  0x00001efa       0x24 CMakeFiles/TEST_ADC_F4.dir/startup_stm32f446xx.s.obj
 .debug_abbrev  0x00001f1e       0xaf CMakeFiles/TEST_ADC_F4.dir/Core/Src/modbus_crc.c.obj
 .debug_abbrev  0x00001fcd      0x23d CMakeFiles/TEST_ADC_F4.dir/Core/Src/modbusSlave.c.obj

.debug_aranges  0x00000000      0xd68
 .debug_aranges
                0x00000000       0x28 cmake/stm32cubemx/CMakeFiles/STM32_Drivers.dir/__/__/Core/Src/system_stm32f4xx.c.obj
 .debug_aranges
                0x00000028       0x88 cmake/stm32cubemx/CMakeFiles/STM32_Drivers.dir/__/__/Drivers/STM32F4xx_HAL_Driver/Src/stm32f4xx_hal_rcc.c.obj
 .debug_aranges
                0x000000b0       0x78 cmake/stm32cubemx/CMakeFiles/STM32_Drivers.dir/__/__/Drivers/STM32F4xx_HAL_Driver/Src/stm32f4xx_hal_rcc_ex.c.obj
 .debug_aranges
                0x00000128       0x58 cmake/stm32cubemx/CMakeFiles/STM32_Drivers.dir/__/__/Drivers/STM32F4xx_HAL_Driver/Src/stm32f4xx_hal_gpio.c.obj
 .debug_aranges
                0x00000180       0x90 cmake/stm32cubemx/CMakeFiles/STM32_Drivers.dir/__/__/Drivers/STM32F4xx_HAL_Driver/Src/stm32f4xx_hal_dma.c.obj
 .debug_aranges
                0x00000210      0x130 cmake/stm32cubemx/CMakeFiles/STM32_Drivers.dir/__/__/Drivers/STM32F4xx_HAL_Driver/Src/stm32f4xx_hal_cortex.c.obj
 .debug_aranges
                0x00000340       0xf0 cmake/stm32cubemx/CMakeFiles/STM32_Drivers.dir/__/__/Drivers/STM32F4xx_HAL_Driver/Src/stm32f4xx_hal.c.obj
 .debug_aranges
                0x00000430      0x3d0 cmake/stm32cubemx/CMakeFiles/STM32_Drivers.dir/__/__/Drivers/STM32F4xx_HAL_Driver/Src/stm32f4xx_hal_tim.c.obj
 .debug_aranges
                0x00000800      0x168 cmake/stm32cubemx/CMakeFiles/STM32_Drivers.dir/__/__/Drivers/STM32F4xx_HAL_Driver/Src/stm32f4xx_hal_tim_ex.c.obj
 .debug_aranges
                0x00000968      0x208 cmake/stm32cubemx/CMakeFiles/STM32_Drivers.dir/__/__/Drivers/STM32F4xx_HAL_Driver/Src/stm32f4xx_hal_uart.c.obj
 .debug_aranges
                0x00000b70       0x80 CMakeFiles/TEST_ADC_F4.dir/Core/Src/main.c.obj
 .debug_aranges
                0x00000bf0       0x78 CMakeFiles/TEST_ADC_F4.dir/Core/Src/stm32f4xx_it.c.obj
 .debug_aranges
                0x00000c68       0x50 CMakeFiles/TEST_ADC_F4.dir/Core/Src/stm32f4xx_hal_msp.c.obj
 .debug_aranges
                0x00000cb8       0x28 CMakeFiles/TEST_ADC_F4.dir/startup_stm32f446xx.s.obj
 .debug_aranges
                0x00000ce0       0x20 CMakeFiles/TEST_ADC_F4.dir/Core/Src/modbus_crc.c.obj
 .debug_aranges
                0x00000d00       0x68 CMakeFiles/TEST_ADC_F4.dir/Core/Src/modbusSlave.c.obj

.debug_rnglists
                0x00000000      0xa85
 .debug_rnglists
                0x00000000       0x1a cmake/stm32cubemx/CMakeFiles/STM32_Drivers.dir/__/__/Core/Src/system_stm32f4xx.c.obj
 .debug_rnglists
                0x0000001a       0x66 cmake/stm32cubemx/CMakeFiles/STM32_Drivers.dir/__/__/Drivers/STM32F4xx_HAL_Driver/Src/stm32f4xx_hal_rcc.c.obj
 .debug_rnglists
                0x00000080       0x5e cmake/stm32cubemx/CMakeFiles/STM32_Drivers.dir/__/__/Drivers/STM32F4xx_HAL_Driver/Src/stm32f4xx_hal_rcc_ex.c.obj
 .debug_rnglists
                0x000000de       0x3f cmake/stm32cubemx/CMakeFiles/STM32_Drivers.dir/__/__/Drivers/STM32F4xx_HAL_Driver/Src/stm32f4xx_hal_gpio.c.obj
 .debug_rnglists
                0x0000011d       0x70 cmake/stm32cubemx/CMakeFiles/STM32_Drivers.dir/__/__/Drivers/STM32F4xx_HAL_Driver/Src/stm32f4xx_hal_dma.c.obj
 .debug_rnglists
                0x0000018d       0xe0 cmake/stm32cubemx/CMakeFiles/STM32_Drivers.dir/__/__/Drivers/STM32F4xx_HAL_Driver/Src/stm32f4xx_hal_cortex.c.obj
 .debug_rnglists
                0x0000026d       0xaf cmake/stm32cubemx/CMakeFiles/STM32_Drivers.dir/__/__/Drivers/STM32F4xx_HAL_Driver/Src/stm32f4xx_hal.c.obj
 .debug_rnglists
                0x0000031c      0x31a cmake/stm32cubemx/CMakeFiles/STM32_Drivers.dir/__/__/Drivers/STM32F4xx_HAL_Driver/Src/stm32f4xx_hal_tim.c.obj
 .debug_rnglists
                0x00000636      0x125 cmake/stm32cubemx/CMakeFiles/STM32_Drivers.dir/__/__/Drivers/STM32F4xx_HAL_Driver/Src/stm32f4xx_hal_tim_ex.c.obj
 .debug_rnglists
                0x0000075b      0x1bc cmake/stm32cubemx/CMakeFiles/STM32_Drivers.dir/__/__/Drivers/STM32F4xx_HAL_Driver/Src/stm32f4xx_hal_uart.c.obj
 .debug_rnglists
                0x00000917       0x62 CMakeFiles/TEST_ADC_F4.dir/Core/Src/main.c.obj
 .debug_rnglists
                0x00000979       0x55 CMakeFiles/TEST_ADC_F4.dir/Core/Src/stm32f4xx_it.c.obj
 .debug_rnglists
                0x000009ce       0x3a CMakeFiles/TEST_ADC_F4.dir/Core/Src/stm32f4xx_hal_msp.c.obj
 .debug_rnglists
                0x00000a08       0x19 CMakeFiles/TEST_ADC_F4.dir/startup_stm32f446xx.s.obj
 .debug_rnglists
                0x00000a21       0x13 CMakeFiles/TEST_ADC_F4.dir/Core/Src/modbus_crc.c.obj
 .debug_rnglists
                0x00000a34       0x51 CMakeFiles/TEST_ADC_F4.dir/Core/Src/modbusSlave.c.obj

.debug_macro    0x00000000    0x2289f
 .debug_macro   0x00000000      0x1f6 cmake/stm32cubemx/CMakeFiles/STM32_Drivers.dir/__/__/Core/Src/system_stm32f4xx.c.obj
 .debug_macro   0x000001f6      0xab4 cmake/stm32cubemx/CMakeFiles/STM32_Drivers.dir/__/__/Core/Src/system_stm32f4xx.c.obj
 .debug_macro   0x00000caa       0x2e cmake/stm32cubemx/CMakeFiles/STM32_Drivers.dir/__/__/Core/Src/system_stm32f4xx.c.obj
 .debug_macro   0x00000cd8       0x28 cmake/stm32cubemx/CMakeFiles/STM32_Drivers.dir/__/__/Core/Src/system_stm32f4xx.c.obj
 .debug_macro   0x00000d00       0x22 cmake/stm32cubemx/CMakeFiles/STM32_Drivers.dir/__/__/Core/Src/system_stm32f4xx.c.obj
 .debug_macro   0x00000d22       0x8e cmake/stm32cubemx/CMakeFiles/STM32_Drivers.dir/__/__/Core/Src/system_stm32f4xx.c.obj
 .debug_macro   0x00000db0       0x51 cmake/stm32cubemx/CMakeFiles/STM32_Drivers.dir/__/__/Core/Src/system_stm32f4xx.c.obj
 .debug_macro   0x00000e01      0x103 cmake/stm32cubemx/CMakeFiles/STM32_Drivers.dir/__/__/Core/Src/system_stm32f4xx.c.obj
 .debug_macro   0x00000f04       0x6a cmake/stm32cubemx/CMakeFiles/STM32_Drivers.dir/__/__/Core/Src/system_stm32f4xx.c.obj
 .debug_macro   0x00000f6e      0x1df cmake/stm32cubemx/CMakeFiles/STM32_Drivers.dir/__/__/Core/Src/system_stm32f4xx.c.obj
 .debug_macro   0x0000114d       0x1c cmake/stm32cubemx/CMakeFiles/STM32_Drivers.dir/__/__/Core/Src/system_stm32f4xx.c.obj
 .debug_macro   0x00001169       0x22 cmake/stm32cubemx/CMakeFiles/STM32_Drivers.dir/__/__/Core/Src/system_stm32f4xx.c.obj
 .debug_macro   0x0000118b       0xfb cmake/stm32cubemx/CMakeFiles/STM32_Drivers.dir/__/__/Core/Src/system_stm32f4xx.c.obj
 .debug_macro   0x00001286     0x1011 cmake/stm32cubemx/CMakeFiles/STM32_Drivers.dir/__/__/Core/Src/system_stm32f4xx.c.obj
 .debug_macro   0x00002297      0x11f cmake/stm32cubemx/CMakeFiles/STM32_Drivers.dir/__/__/Core/Src/system_stm32f4xx.c.obj
 .debug_macro   0x000023b6    0x1675e cmake/stm32cubemx/CMakeFiles/STM32_Drivers.dir/__/__/Core/Src/system_stm32f4xx.c.obj
 .debug_macro   0x00018b14       0x6d cmake/stm32cubemx/CMakeFiles/STM32_Drivers.dir/__/__/Core/Src/system_stm32f4xx.c.obj
 .debug_macro   0x00018b81      0x2a1 cmake/stm32cubemx/CMakeFiles/STM32_Drivers.dir/__/__/Core/Src/system_stm32f4xx.c.obj
 .debug_macro   0x00018e22     0x3693 cmake/stm32cubemx/CMakeFiles/STM32_Drivers.dir/__/__/Core/Src/system_stm32f4xx.c.obj
 .debug_macro   0x0001c4b5      0x189 cmake/stm32cubemx/CMakeFiles/STM32_Drivers.dir/__/__/Core/Src/system_stm32f4xx.c.obj
 .debug_macro   0x0001c63e       0x5c cmake/stm32cubemx/CMakeFiles/STM32_Drivers.dir/__/__/Core/Src/system_stm32f4xx.c.obj
 .debug_macro   0x0001c69a      0xca5 cmake/stm32cubemx/CMakeFiles/STM32_Drivers.dir/__/__/Core/Src/system_stm32f4xx.c.obj
 .debug_macro   0x0001d33f      0x9e9 cmake/stm32cubemx/CMakeFiles/STM32_Drivers.dir/__/__/Core/Src/system_stm32f4xx.c.obj
 .debug_macro   0x0001dd28      0x115 cmake/stm32cubemx/CMakeFiles/STM32_Drivers.dir/__/__/Core/Src/system_stm32f4xx.c.obj
 .debug_macro   0x0001de3d      0x1a0 cmake/stm32cubemx/CMakeFiles/STM32_Drivers.dir/__/__/Core/Src/system_stm32f4xx.c.obj
 .debug_macro   0x0001dfdd       0xa5 cmake/stm32cubemx/CMakeFiles/STM32_Drivers.dir/__/__/Core/Src/system_stm32f4xx.c.obj
 .debug_macro   0x0001e082      0x16d cmake/stm32cubemx/CMakeFiles/STM32_Drivers.dir/__/__/Core/Src/system_stm32f4xx.c.obj
 .debug_macro   0x0001e1ef      0x287 cmake/stm32cubemx/CMakeFiles/STM32_Drivers.dir/__/__/Core/Src/system_stm32f4xx.c.obj
 .debug_macro   0x0001e476       0x5f cmake/stm32cubemx/CMakeFiles/STM32_Drivers.dir/__/__/Core/Src/system_stm32f4xx.c.obj
 .debug_macro   0x0001e4d5      0x236 cmake/stm32cubemx/CMakeFiles/STM32_Drivers.dir/__/__/Core/Src/system_stm32f4xx.c.obj
 .debug_macro   0x0001e70b      0xb5b cmake/stm32cubemx/CMakeFiles/STM32_Drivers.dir/__/__/Core/Src/system_stm32f4xx.c.obj
 .debug_macro   0x0001f266      0x38b cmake/stm32cubemx/CMakeFiles/STM32_Drivers.dir/__/__/Core/Src/system_stm32f4xx.c.obj
 .debug_macro   0x0001f5f1      0x17d cmake/stm32cubemx/CMakeFiles/STM32_Drivers.dir/__/__/Core/Src/system_stm32f4xx.c.obj
 .debug_macro   0x0001f76e       0xf9 cmake/stm32cubemx/CMakeFiles/STM32_Drivers.dir/__/__/Core/Src/system_stm32f4xx.c.obj
 .debug_macro   0x0001f867      0x132 cmake/stm32cubemx/CMakeFiles/STM32_Drivers.dir/__/__/Core/Src/system_stm32f4xx.c.obj
 .debug_macro   0x0001f999      0x29c cmake/stm32cubemx/CMakeFiles/STM32_Drivers.dir/__/__/Core/Src/system_stm32f4xx.c.obj
 .debug_macro   0x0001fc35       0x2e cmake/stm32cubemx/CMakeFiles/STM32_Drivers.dir/__/__/Core/Src/system_stm32f4xx.c.obj
 .debug_macro   0x0001fc63      0x127 cmake/stm32cubemx/CMakeFiles/STM32_Drivers.dir/__/__/Core/Src/system_stm32f4xx.c.obj
 .debug_macro   0x0001fd8a       0xe8 cmake/stm32cubemx/CMakeFiles/STM32_Drivers.dir/__/__/Core/Src/system_stm32f4xx.c.obj
 .debug_macro   0x0001fe72       0x89 cmake/stm32cubemx/CMakeFiles/STM32_Drivers.dir/__/__/Core/Src/system_stm32f4xx.c.obj
 .debug_macro   0x0001fefb      0x8ed cmake/stm32cubemx/CMakeFiles/STM32_Drivers.dir/__/__/Core/Src/system_stm32f4xx.c.obj
 .debug_macro   0x000207e8       0x53 cmake/stm32cubemx/CMakeFiles/STM32_Drivers.dir/__/__/Core/Src/system_stm32f4xx.c.obj
 .debug_macro   0x0002083b      0x2aa cmake/stm32cubemx/CMakeFiles/STM32_Drivers.dir/__/__/Core/Src/system_stm32f4xx.c.obj
 .debug_macro   0x00020ae5      0x126 cmake/stm32cubemx/CMakeFiles/STM32_Drivers.dir/__/__/Core/Src/system_stm32f4xx.c.obj
 .debug_macro   0x00020c0b      0x21a cmake/stm32cubemx/CMakeFiles/STM32_Drivers.dir/__/__/Drivers/STM32F4xx_HAL_Driver/Src/stm32f4xx_hal_rcc.c.obj
 .debug_macro   0x00020e25      0x1f6 cmake/stm32cubemx/CMakeFiles/STM32_Drivers.dir/__/__/Drivers/STM32F4xx_HAL_Driver/Src/stm32f4xx_hal_rcc_ex.c.obj
 .debug_macro   0x0002101b      0x1fc cmake/stm32cubemx/CMakeFiles/STM32_Drivers.dir/__/__/Drivers/STM32F4xx_HAL_Driver/Src/stm32f4xx_hal_gpio.c.obj
 .debug_macro   0x00021217      0x1fc cmake/stm32cubemx/CMakeFiles/STM32_Drivers.dir/__/__/Drivers/STM32F4xx_HAL_Driver/Src/stm32f4xx_hal_dma.c.obj
 .debug_macro   0x00021413      0x1f6 cmake/stm32cubemx/CMakeFiles/STM32_Drivers.dir/__/__/Drivers/STM32F4xx_HAL_Driver/Src/stm32f4xx_hal_cortex.c.obj
 .debug_macro   0x00021609      0x256 cmake/stm32cubemx/CMakeFiles/STM32_Drivers.dir/__/__/Drivers/STM32F4xx_HAL_Driver/Src/stm32f4xx_hal.c.obj
 .debug_macro   0x0002185f      0x1f7 cmake/stm32cubemx/CMakeFiles/STM32_Drivers.dir/__/__/Drivers/STM32F4xx_HAL_Driver/Src/stm32f4xx_hal_tim.c.obj
 .debug_macro   0x00021a56      0x1f6 cmake/stm32cubemx/CMakeFiles/STM32_Drivers.dir/__/__/Drivers/STM32F4xx_HAL_Driver/Src/stm32f4xx_hal_tim_ex.c.obj
 .debug_macro   0x00021c4c      0x1f7 cmake/stm32cubemx/CMakeFiles/STM32_Drivers.dir/__/__/Drivers/STM32F4xx_HAL_Driver/Src/stm32f4xx_hal_uart.c.obj
 .debug_macro   0x00021e43      0x225 CMakeFiles/TEST_ADC_F4.dir/Core/Src/main.c.obj
 .debug_macro   0x00022068       0x4c CMakeFiles/TEST_ADC_F4.dir/Core/Src/main.c.obj
 .debug_macro   0x000220b4      0x210 CMakeFiles/TEST_ADC_F4.dir/Core/Src/stm32f4xx_it.c.obj
 .debug_macro   0x000222c4      0x206 CMakeFiles/TEST_ADC_F4.dir/Core/Src/stm32f4xx_hal_msp.c.obj
 .debug_macro   0x000224ca       0x63 CMakeFiles/TEST_ADC_F4.dir/Core/Src/modbus_crc.c.obj
 .debug_macro   0x0002252d      0x2ce CMakeFiles/TEST_ADC_F4.dir/Core/Src/modbusSlave.c.obj
 .debug_macro   0x000227fb       0x74 CMakeFiles/TEST_ADC_F4.dir/Core/Src/modbusSlave.c.obj
 .debug_macro   0x0002286f       0x10 CMakeFiles/TEST_ADC_F4.dir/Core/Src/modbusSlave.c.obj
 .debug_macro   0x0002287f       0x20 CMakeFiles/TEST_ADC_F4.dir/Core/Src/modbusSlave.c.obj

.debug_line     0x00000000     0xf9a7
 .debug_line    0x00000000      0x6e2 cmake/stm32cubemx/CMakeFiles/STM32_Drivers.dir/__/__/Core/Src/system_stm32f4xx.c.obj
 .debug_line    0x000006e2      0xcf1 cmake/stm32cubemx/CMakeFiles/STM32_Drivers.dir/__/__/Drivers/STM32F4xx_HAL_Driver/Src/stm32f4xx_hal_rcc.c.obj
 .debug_line    0x000013d3     0x1361 cmake/stm32cubemx/CMakeFiles/STM32_Drivers.dir/__/__/Drivers/STM32F4xx_HAL_Driver/Src/stm32f4xx_hal_rcc_ex.c.obj
 .debug_line    0x00002734      0xad2 cmake/stm32cubemx/CMakeFiles/STM32_Drivers.dir/__/__/Drivers/STM32F4xx_HAL_Driver/Src/stm32f4xx_hal_gpio.c.obj
 .debug_line    0x00003206      0xeca cmake/stm32cubemx/CMakeFiles/STM32_Drivers.dir/__/__/Drivers/STM32F4xx_HAL_Driver/Src/stm32f4xx_hal_dma.c.obj
 .debug_line    0x000040d0      0xc4c cmake/stm32cubemx/CMakeFiles/STM32_Drivers.dir/__/__/Drivers/STM32F4xx_HAL_Driver/Src/stm32f4xx_hal_cortex.c.obj
 .debug_line    0x00004d1c      0x95a cmake/stm32cubemx/CMakeFiles/STM32_Drivers.dir/__/__/Drivers/STM32F4xx_HAL_Driver/Src/stm32f4xx_hal.c.obj
 .debug_line    0x00005676     0x36f6 cmake/stm32cubemx/CMakeFiles/STM32_Drivers.dir/__/__/Drivers/STM32F4xx_HAL_Driver/Src/stm32f4xx_hal_tim.c.obj
 .debug_line    0x00008d6c     0x1950 cmake/stm32cubemx/CMakeFiles/STM32_Drivers.dir/__/__/Drivers/STM32F4xx_HAL_Driver/Src/stm32f4xx_hal_tim_ex.c.obj
 .debug_line    0x0000a6bc     0x285d cmake/stm32cubemx/CMakeFiles/STM32_Drivers.dir/__/__/Drivers/STM32F4xx_HAL_Driver/Src/stm32f4xx_hal_uart.c.obj
 .debug_line    0x0000cf19      0xbce CMakeFiles/TEST_ADC_F4.dir/Core/Src/main.c.obj
 .debug_line    0x0000dae7      0x777 CMakeFiles/TEST_ADC_F4.dir/Core/Src/stm32f4xx_it.c.obj
 .debug_line    0x0000e25e      0x78c CMakeFiles/TEST_ADC_F4.dir/Core/Src/stm32f4xx_hal_msp.c.obj
 .debug_line    0x0000e9ea       0x7a CMakeFiles/TEST_ADC_F4.dir/startup_stm32f446xx.s.obj
 .debug_line    0x0000ea64      0x23b CMakeFiles/TEST_ADC_F4.dir/Core/Src/modbus_crc.c.obj
 .debug_line    0x0000ec9f      0xd08 CMakeFiles/TEST_ADC_F4.dir/Core/Src/modbusSlave.c.obj

.debug_str      0x00000000    0xdcb55
 .debug_str     0x00000000    0xd5b37 cmake/stm32cubemx/CMakeFiles/STM32_Drivers.dir/__/__/Core/Src/system_stm32f4xx.c.obj
                              0xd5dc9 (size before relaxing)
 .debug_str     0x000d5b37      0x4af cmake/stm32cubemx/CMakeFiles/STM32_Drivers.dir/__/__/Drivers/STM32F4xx_HAL_Driver/Src/stm32f4xx_hal_rcc.c.obj
                              0xd6202 (size before relaxing)
 .debug_str     0x000d5fe6      0x34f cmake/stm32cubemx/CMakeFiles/STM32_Drivers.dir/__/__/Drivers/STM32F4xx_HAL_Driver/Src/stm32f4xx_hal_rcc_ex.c.obj
                              0xd6235 (size before relaxing)
 .debug_str     0x000d6335      0x198 cmake/stm32cubemx/CMakeFiles/STM32_Drivers.dir/__/__/Drivers/STM32F4xx_HAL_Driver/Src/stm32f4xx_hal_gpio.c.obj
                              0xd5f44 (size before relaxing)
 .debug_str     0x000d64cd      0x567 cmake/stm32cubemx/CMakeFiles/STM32_Drivers.dir/__/__/Drivers/STM32F4xx_HAL_Driver/Src/stm32f4xx_hal_dma.c.obj
                              0xd61be (size before relaxing)
 .debug_str     0x000d6a34      0x926 cmake/stm32cubemx/CMakeFiles/STM32_Drivers.dir/__/__/Drivers/STM32F4xx_HAL_Driver/Src/stm32f4xx_hal_cortex.c.obj
                              0xd66e5 (size before relaxing)
 .debug_str     0x000d735a      0x5ca cmake/stm32cubemx/CMakeFiles/STM32_Drivers.dir/__/__/Drivers/STM32F4xx_HAL_Driver/Src/stm32f4xx_hal.c.obj
                              0xd698e (size before relaxing)
 .debug_str     0x000d7924     0x1139 cmake/stm32cubemx/CMakeFiles/STM32_Drivers.dir/__/__/Drivers/STM32F4xx_HAL_Driver/Src/stm32f4xx_hal_tim.c.obj
                              0xd712e (size before relaxing)
 .debug_str     0x000d8a5d      0x52e cmake/stm32cubemx/CMakeFiles/STM32_Drivers.dir/__/__/Drivers/STM32F4xx_HAL_Driver/Src/stm32f4xx_hal_tim_ex.c.obj
                              0xd693a (size before relaxing)
 .debug_str     0x000d8f8b      0x858 cmake/stm32cubemx/CMakeFiles/STM32_Drivers.dir/__/__/Drivers/STM32F4xx_HAL_Driver/Src/stm32f4xx_hal_uart.c.obj
                              0xd67b9 (size before relaxing)
 .debug_str     0x000d97e3      0x4b3 CMakeFiles/TEST_ADC_F4.dir/Core/Src/main.c.obj
                              0xd73e6 (size before relaxing)
 .debug_str     0x000d9c96      0x121 CMakeFiles/TEST_ADC_F4.dir/Core/Src/stm32f4xx_it.c.obj
                              0xd6469 (size before relaxing)
 .debug_str     0x000d9db7       0x7c CMakeFiles/TEST_ADC_F4.dir/Core/Src/stm32f4xx_hal_msp.c.obj
                              0xd6cde (size before relaxing)
 .debug_str     0x000d9e33       0x60 CMakeFiles/TEST_ADC_F4.dir/startup_stm32f446xx.s.obj
                                 0x9a (size before relaxing)
 .debug_str     0x000d9e93       0x79 CMakeFiles/TEST_ADC_F4.dir/Core/Src/modbus_crc.c.obj
                               0x3da3 (size before relaxing)
 .debug_str     0x000d9f0c     0x2c49 CMakeFiles/TEST_ADC_F4.dir/Core/Src/modbusSlave.c.obj
                              0xd8e52 (size before relaxing)

.debug_line_str
                0x00000000       0x7e
 .debug_line_str
                0x00000000       0x7e CMakeFiles/TEST_ADC_F4.dir/startup_stm32f446xx.s.obj
